[info] welcome to sbt 1.10.10 (Eclipse Adoptium Java 11.0.19)
[info] loading global plugins from /Users/aashiqjenner/.sbt/1.0/plugins
[info] loading settings for project income-tax-financial-details-build from plugins.sbt...
[info] loading project definition from /Users/aashiqjenner/Documents/HMRC/income-tax-financial-details/project
[info] compiling 2 Scala sources to /Users/aashiqjenner/Documents/HMRC/income-tax-financial-details/project/target/scala-2.12/sbt-1.0/classes ...
[info] done compiling
[info] SbtAutoBuildPlugin - adding projectSettings
[info] loading settings for project income-tax-financial-details from build.sbt...
[info] SbtAutoBuildPlugin - adding projectSettings
[info] SbtAutoBuildPlugin - adding global settings
[info] SbtAutoBuildPlugin - repository is marked public. Licence headers will be added to all source files
[info] SbtAutoBuildPlugin - repository is marked public. Licence headers will be added to all source files
[info]   __              __
[info]   \ \     ____   / /____ _ __  __
[info]    \ \   / __ \ / // __ `// / / /
[info]    / /  / /_/ // // /_/ // /_/ /
[info]   /_/  / .___//_/ \__,_/ \__, /
[info]       /_/               /____/
[info] 
[info] Version 3.0.9 running Java 11.0.19
[info] 
[info] Play is run entirely by the community. Please consider contributing and/or donating:
[info] https://www.playframework.com/sponsors
[info] 
[info] Executing in batch mode. For better performance use sbt's shell
[success] Total time: 0 s, completed 9 Mar 2026, 14:27:57
[info] compiling 68 Scala sources and 1 Java source to /Users/aashiqjenner/Documents/HMRC/income-tax-financial-details/target/scala-3.3.6/classes ...
[info] done compiling
[success] Total time: 7 s, completed 9 Mar 2026, 14:28:04
[info] compiling 58 Scala sources to /Users/aashiqjenner/Documents/HMRC/income-tax-financial-details/target/scala-3.3.6/test-classes ...
[info] done compiling
14:28:10,408 |-INFO in ch.qos.logback.classic.LoggerContext[default] - This is logback-classic version 1.5.22
14:28:10,409 |-INFO in ch.qos.logback.classic.util.ContextInitializer@3adef8b2 - No custom configurators were discovered as a service.
14:28:10,409 |-INFO in ch.qos.logback.classic.util.ContextInitializer@3adef8b2 - Trying to configure with ch.qos.logback.classic.util.DefaultJoranConfigurator
14:28:10,409 |-INFO in ch.qos.logback.classic.util.ContextInitializer@3adef8b2 - Constructed configurator of type class ch.qos.logback.classic.util.DefaultJoranConfigurator
14:28:10,413 |-INFO in ch.qos.logback.classic.LoggerContext[default] - Found resource [logback-test.xml] at [file:/Users/aashiqjenner/Documents/HMRC/income-tax-financial-details/target/scala-3.3.6/classes/logback-test.xml]
14:28:10,448 |-INFO in ch.qos.logback.classic.model.processor.ConfigurationModelHandlerFull - Main configuration file URL: file:/Users/aashiqjenner/Documents/HMRC/income-tax-financial-details/target/scala-3.3.6/classes/logback-test.xml
14:28:10,449 |-INFO in ch.qos.logback.classic.model.processor.ConfigurationModelHandlerFull - FileWatchList= {/Users/aashiqjenner/Documents/HMRC/income-tax-financial-details/target/scala-3.3.6/classes/logback-test.xml}
14:28:10,449 |-INFO in ch.qos.logback.classic.model.processor.ConfigurationModelHandlerFull - URLWatchList= {}
14:28:10,451 |-INFO in ch.qos.logback.core.model.processor.AppenderModelHandler - Processing appender named [FILE]
14:28:10,451 |-INFO in ch.qos.logback.core.model.processor.AppenderModelHandler - About to instantiate appender of type [ch.qos.logback.core.FileAppender]
14:28:10,466 |-INFO in ch.qos.logback.core.FileAppender[FILE] - File property is set to [logs/income-tax-financial-details.log]
14:28:10,467 |-INFO in ch.qos.logback.core.model.processor.AppenderModelHandler - Processing appender named [STDOUT]
14:28:10,467 |-INFO in ch.qos.logback.core.model.processor.AppenderModelHandler - About to instantiate appender of type [ch.qos.logback.core.ConsoleAppender]
14:28:10,468 |-INFO in ch.qos.logback.core.ConsoleAppender[STDOUT] - NOTE: Writing to the console can be slow. Try to avoid logging to the 
14:28:10,468 |-INFO in ch.qos.logback.core.ConsoleAppender[STDOUT] - console in production environments, especially in high volume systems.
14:28:10,468 |-INFO in ch.qos.logback.core.ConsoleAppender[STDOUT] - See also https://logback.qos.ch/codes.html#slowConsole
14:28:10,468 |-WARN in ch.qos.logback.core.model.processor.AppenderModelHandler - Appender named [CONNECTOR_LOG_FILE] not referenced. Skipping further processing.
14:28:10,470 |-INFO in ch.qos.logback.classic.model.processor.LoggerModelHandler - Setting level of logger [com.google.inject] to OFF
14:28:10,471 |-INFO in ch.qos.logback.classic.model.processor.LoggerModelHandler - Setting level of logger [org.asynchttpclient.netty] to OFF
14:28:10,471 |-INFO in ch.qos.logback.classic.model.processor.LoggerModelHandler - Setting level of logger [io.netty] to OFF
14:28:10,471 |-INFO in ch.qos.logback.classic.model.processor.LoggerModelHandler - Setting level of logger [play.core.netty] to OFF
14:28:10,471 |-INFO in ch.qos.logback.classic.model.processor.LoggerModelHandler - Setting level of logger [org.eclipse] to OFF
14:28:10,471 |-INFO in ch.qos.logback.classic.model.processor.LoggerModelHandler - Setting level of logger [org.apache] to OFF
14:28:10,471 |-INFO in ch.qos.logback.classic.model.processor.LoggerModelHandler - Setting level of logger [uk.gov] to OFF
14:28:10,471 |-INFO in ch.qos.logback.classic.model.processor.LoggerModelHandler - Setting level of logger [application] to DEBUG
14:28:10,471 |-INFO in ch.qos.logback.classic.model.processor.LoggerModelHandler - Setting level of logger [connector] to ERROR
14:28:10,471 |-INFO in ch.qos.logback.core.model.processor.AppenderRefModelHandler - Attaching appender named [STDOUT] to Logger[connector]
14:28:10,471 |-INFO in ch.qos.logback.classic.model.processor.RootLoggerModelHandler - Setting level of ROOT logger to ERROR
14:28:10,471 |-INFO in ch.qos.logback.core.model.processor.AppenderRefModelHandler - Attaching appender named [FILE] to Logger[ROOT]
14:28:10,471 |-INFO in ch.qos.logback.core.model.processor.AppenderRefModelHandler - Attaching appender named [STDOUT] to Logger[ROOT]
14:28:10,471 |-INFO in ch.qos.logback.core.model.processor.DefaultProcessor@2077ee54 - End of configuration.
14:28:10,472 |-INFO in ch.qos.logback.classic.joran.JoranConfigurator@2d93c0c0 - Registering current configuration as safe fallback point
14:28:10,474 |-INFO in ch.qos.logback.classic.util.ContextInitializer@3adef8b2 - ch.qos.logback.classic.util.DefaultJoranConfigurator.configure() call lasted 63 milliseconds. ExecutionStatus=DO_NOT_INVOKE_NEXT_IF_ANY

[info] OutStandingChargesConnectorSpec:
[info] listOutStandingCharges
[info]   should return a list of out standing charges
[info]   - when 200 is received from ETMP with outstanding charges
[info]   should return an error
[info]   - when when 404 is returned
[info]   - when when 500 is returned
[info] ViewAndChangeConnectorSpec:
[info] getOnlyOpenItems
[info] - should return Right(json) when ViewAndChange returns 200
2026-03-09 14:28:12,999 level=[ERROR] logger=[connectors.httpParsers.ViewAndChangeHttpParser] thread=[application-pekko.actor.default-dispatcher-8] rid=[] user=[] message=[ViewAndChangeHttpParser$ViewAndChangeReads$#read:41 - ViewAndChange returned 400 with body: bad request] 
[info] - should return Left(UnexpectedChargeResponse) when ViewAndChange returns 400
2026-03-09 14:28:13,004 level=[ERROR] logger=[connectors.httpParsers.ViewAndChangeHttpParser] thread=[application-pekko.actor.default-dispatcher-8] rid=[] user=[] message=[ViewAndChangeHttpParser$ViewAndChangeReads$#read:45 - Unexpected response from ViewAndChange with status: 500 and body: server error] 
[info] - should return Left(UnexpectedChargeErrorResponse) when ViewAndChange returns 500
[info] getChargeDetails
[info] - should return Right(json) when ViewAndChange returns 200
2026-03-09 14:28:13,014 level=[ERROR] logger=[connectors.httpParsers.ViewAndChangeHttpParser] thread=[application-pekko.actor.default-dispatcher-10] rid=[] user=[] message=[ViewAndChangeHttpParser$ViewAndChangeReads$#read:41 - ViewAndChange returned 400 with body: bad request] 
[info] - should return Left(UnexpectedChargeResponse) when ViewAndChange returns 400
2026-03-09 14:28:13,019 level=[ERROR] logger=[connectors.httpParsers.ViewAndChangeHttpParser] thread=[application-pekko.actor.default-dispatcher-8] rid=[] user=[] message=[ViewAndChangeHttpParser$ViewAndChangeReads$#read:45 - Unexpected response from ViewAndChange with status: 500 and body: server error] 
[info] - should return Left(UnexpectedChargeErrorResponse) when ViewAndChange returns 500
[info] getPayments
[info] - should return Right(json) when ViewAndChange returns 200
2026-03-09 14:28:13,028 level=[ERROR] logger=[connectors.httpParsers.ViewAndChangeHttpParser] thread=[application-pekko.actor.default-dispatcher-10] rid=[] user=[] message=[ViewAndChangeHttpParser$ViewAndChangeReads$#read:41 - ViewAndChange returned 400 with body: bad request] 
[info] - should return Left(UnexpectedChargeResponse) when ViewAndChange returns 400
2026-03-09 14:28:13,032 level=[ERROR] logger=[connectors.httpParsers.ViewAndChangeHttpParser] thread=[application-pekko.actor.default-dispatcher-10] rid=[] user=[] message=[ViewAndChangeHttpParser$ViewAndChangeReads$#read:45 - Unexpected response from ViewAndChange with status: 500 and body: server error] 
[info] - should return Left(UnexpectedChargeErrorResponse) when ViewAndChange returns 500
[info] getChargeDetailsByDocumentId
[info] - should return Right(json) when ViewAndChange returns 200
2026-03-09 14:28:13,038 level=[ERROR] logger=[connectors.httpParsers.ViewAndChangeHttpParser] thread=[application-pekko.actor.default-dispatcher-11] rid=[] user=[] message=[ViewAndChangeHttpParser$ViewAndChangeReads$#read:41 - ViewAndChange returned 400 with body: bad request] 
[info] - should return Left(UnexpectedChargeResponse) when ViewAndChange returns 400
2026-03-09 14:28:13,041 level=[ERROR] logger=[connectors.httpParsers.ViewAndChangeHttpParser] thread=[application-pekko.actor.default-dispatcher-11] rid=[] user=[] message=[ViewAndChangeHttpParser$ViewAndChangeReads$#read:45 - Unexpected response from ViewAndChange with status: 500 and body: server error] 
[info] - should return Left(UnexpectedChargeErrorResponse) when ViewAndChange returns 500
[info] getCredits
[info] - should return Right(json) when ViewAndChange returns 200
2026-03-09 14:28:13,048 level=[ERROR] logger=[connectors.httpParsers.ViewAndChangeHttpParser] thread=[application-pekko.actor.default-dispatcher-10] rid=[] user=[] message=[ViewAndChangeHttpParser$ViewAndChangeReads$#read:41 - ViewAndChange returned 400 with body: bad request] 
[info] - should return Left(UnexpectedChargeResponse) when ViewAndChange returns 400
2026-03-09 14:28:13,051 level=[ERROR] logger=[connectors.httpParsers.ViewAndChangeHttpParser] thread=[application-pekko.actor.default-dispatcher-11] rid=[] user=[] message=[ViewAndChangeHttpParser$ViewAndChangeReads$#read:45 - Unexpected response from ViewAndChange with status: 500 and body: server error] 
[info] - should return Left(UnexpectedChargeErrorResponse) when ViewAndChange returns 500
[info] MicroserviceAppConfigSpec:
[info] MicroserviceAppConfig
[info]   should read from application.conf the values for calling DES APIs which
[info]   - has a correct DES base url
[info]   - has a correct HTTP headers for DES
[info]   should read from application.conf the values for calling IF APIs which
[info]   - has a correct IF base url
[info]   - has a correct HTTP headers for IF
[info]   should read from application.conf values for calling HiP APIs which
[info]   - has a correct HiP base url
[info]   - has a correct Http Hip auth headers
[info] PaymentAllocationsSpec:
[info] PaymentAllocations
[info]   should read from json
[info]   - when the json is complete
[info]   - when the json is empty
[info]   should write to json
[info]   - when the model is complete
[info]   - when the model is empty
[info] HipApiSpec:
[info] GetChargeHistoryHipApi
[info] - should have the correct name value
[info] - should return the correct value when apply() is called
[info] - should behave as a singleton object
[info] FinancialDetailChargesControllerSpec:
[info] getChargeDetails
[info]   should return 200 with the retrieved charge details
[info]   - when the connector returns the charge details
[info]   - when the connector returns the charge details with no CodingDetails
[info]   should return 404
[info]   - when the connector returns an NOT_FOUND error
[info]   should return 500
2026-03-09 14:28:13,558 level=[ERROR] logger=[controllers.FinancialDetailChargesControllerSpec$FinancialDetailChargesController] thread=[application-pekko.actor.default-dispatcher-6] rid=[] user=[] message=[FinancialDetailChargesController#getChargeDetails$$anonfun$1$$anonfun$1:53 - other error: UnexpectedChargeResponse(500,)] 
[info]   - when the connector returns an error
[info] Payment Allocation - documentId
[info]   should return 200 with the new retrieved charge details
[info]   - when the new connector method returns the charge details
[info]   - when the connector returns the charge details with no CodingDetails
[info]   should return 404
2026-03-09 14:28:13,563 level=[ERROR] logger=[controllers.FinancialDetailChargesControllerSpec$FinancialDetailChargesController] thread=[application-pekko.actor.default-dispatcher-6] rid=[] user=[] message=[FinancialDetailChargesController#getPaymentAllocationDetails$$anonfun$1$$anonfun$1:69 - error: UnexpectedChargeResponse(404,{"code":"NO_DATA_FOUND","reason":"The remote endpoint has indicated that no data can be found."})] 
[info]   - when the connector returns an NOT_FOUND error
[info]   should return 500
2026-03-09 14:28:13,565 level=[ERROR] logger=[controllers.FinancialDetailChargesControllerSpec$FinancialDetailChargesController] thread=[application-pekko.actor.default-dispatcher-6] rid=[] user=[] message=[FinancialDetailChargesController#getPaymentAllocationDetails$$anonfun$1$$anonfun$1:72 - other error: UnexpectedChargeResponse(500,)] 
[info]   - when the connector returns an error
[info] DocumentDetailSpec:
[info] DocumentDetail
[info]   should read from json
[info]   - when the json is complete
[info]   - when the json is minimal
[info]   - when the json contains r7c lpiWithDunningLock but not lpiWithDunningBlock (legacy)
[info]   should write to json
[info]   - when the model is complete
[info]   - when the model is empty
[info] PaymentAllocationsConnectorSpec:
[info] paymentAllocationsUrl
[info] - should return the correct url
[info] queryParameters
[info] - should return the correct formatted query parameters
[info] getPaymentAllocations
[info]   should return payment allocations
[info]   - when 200 is returned from the connector call with correct json
[info]   should return a not found response
[info]   - when 404 is returned from the connector call
[info]   should return an error
[info]   - when something went wrong
[info] OutStandingChargeResponseSpec:
[info] OutStandingChargesResponse
[info]   should read from json
[info]   - when there is a single charge
[info]   - when there is a Multiple charges
[info]   should write to json
[info]   - when there is a single charge
[info]   - when there is a Multiple charges
[info] ChargeHistoryServiceSpec:
[info] getChargeHistory
[info]   when the call is successful
[info]   - should return the success model
[info] getChargeHistory
[info]   when the call is unsuccessful
[info]   - should call the view and change connector and return its response
[info] ChargeHistoryDetailsSpec:
[info] ChargeHistoryDetails
XXXXX
XXXXX
XXXXX
{
  "idType" : "MTDBSA",
  "idValue" : "XQIT00000000001",
  "regimeType" : "ITSA",
  "chargeHistoryDetails" : [ {
    "taxYear" : "2023",
    "documentId" : "2740002892",
    "documentDate" : "2023-03-13",
    "documentDescription" : "Balancing Charge",
    "totalAmount" : 25678.99,
    "reversalDate" : "2022-03-14T09:30:45Z",
    "reversalReason" : "Manual amendment",
    "poaAdjustmentReason" : "005"
  } ]
}
[info] - should write to JSON
[info] - should read from JSON
[info] OutStandingChargesControllerSpec:
[info] getOutStandingCharges
[info]   should return 200 with the retrieved charge details
[info]   - when the connector returns the charge details
[info]   should return 404
[info]   - when the connector returns an NOT_FOUND error
[info]   should return 500
[info]   - when utr is number of invalid length
[info]   - when utr contains characters
[info]   - when the connector returns an error
[info] ClaimToAdjustPoaServiceSpec:
[info] postClaimToAdjustPoa
[info]   when the call to DES is successful
[info]   - should return the success model
[info] the call to DES is unsuccessful
[info] - should call the view and change connector and return its response
2026-03-09 14:28:14,576 level=[ERROR] logger=[controllers.predicates.AuthenticationPredicateSpec$TestAuthenticationPredicate$2] thread=[application-pekko.actor.default-dispatcher-7] rid=[] user=[] message=[AuthenticationPredicate$$anon$1#applyOrElse:54 - Unauthorised Request to Backend. Propagating Unauthorised Response, Bearer token not supplied] 
[info] AuthenticationPredicateSpec:
[info] The AuthenticationPredicate.authenticated method
[info]   should called with an Unauthenticated user (No Bearer Token in Header)
[info]   - when return status (401)
[info]   should called with an authenticated user (Some Bearer Token in Header)
[info]   - when return status (200)
[info]   should called with low confidence level
[info]   - when return status (401)
[info]   should agent called with low confidence level
[info]   - when return status (200)
[info] PaymentAllocationsControllerSpec:
[info] getPaymentAllocations
[info]   should return 200 with the retrieved payment allocations
[info]   - when the connector returns the payment allocations
[info]   should return a 404 response
[info]   - when the service returns a NotFoundResponse
[info]   should return 500
[info]   - when the service returns an error
[info] ChargeHipHttpParserSpec:
[info] ChargesHttpParser
[info]   should return a charge
[info]   - when 200 is returned with valid json
[info]   should return UnexpectedChargeResponse
[info]   - when a 422 status is returned with a resource not found error code
2026-03-09 14:28:14,937 level=[ERROR] logger=[connectors.hip.httpParsers.ChargeHipHttpParser] thread=[pool-1-thread-1-ScalaTest-running-ChargeHipHttpParserSpec] rid=[] user=[] message=[ChargeHipHttpParser$#connectors$hip$httpParsers$ChargeHipHttpParser$$$handleUnprocessableStatusResponse:71 - HttpResponse status=422.status returned from HiP with body: {"errors":{"code":"006","text":"error code message","processingDate":"fakeTimestamp"}}] 
[info]   - when a 422 status is returned without a resource not found error code
2026-03-09 14:28:14,938 level=[ERROR] logger=[connectors.hip.httpParsers.ChargeHipHttpParser] thread=[pool-1-thread-1-ScalaTest-running-ChargeHipHttpParserSpec] rid=[] user=[] message=[ChargeHipHttpParser$#connectors$hip$httpParsers$ChargeHipHttpParser$$$handleUnprocessableStatusResponse:62 - Unable to parse response as Business Validation Error - List((/errors,List(JsonValidationError(List(error.path.missing),ArraySeq()))))] 
2026-03-09 14:28:14,938 level=[ERROR] logger=[connectors.hip.httpParsers.ChargeHipHttpParser] thread=[pool-1-thread-1-ScalaTest-running-ChargeHipHttpParserSpec] rid=[] user=[] message=[ChargeHipHttpParser$#connectors$hip$httpParsers$ChargeHipHttpParser$$$handleUnprocessableStatusResponse:63 - HttpResponse status=422.status returned from HiP with body: {"error":{"code":"500","message":"error code message","logId":"fakeLog"}}] 
[info]   - when a 422 status is returned with the other error json body
2026-03-09 14:28:14,940 level=[ERROR] logger=[connectors.hip.httpParsers.ChargeHipHttpParser] thread=[pool-1-thread-1-ScalaTest-running-ChargeHipHttpParserSpec] rid=[] user=[] message=[ChargeHipHttpParser$ChargeHipReads$#read:50 - 400 returned from HiP with body: Bad request] 
[info]   - when a 4xx status is returned
[info]   should return UnexpectedChargeErrorResponse
2026-03-09 14:28:14,941 level=[ERROR] logger=[connectors.hip.httpParsers.ChargeHipHttpParser] thread=[pool-1-thread-1-ScalaTest-running-ChargeHipHttpParserSpec] rid=[] user=[] message=[ChargeHipHttpParser$ChargeHipReads$#read:40 - Unable to parse response into HipChargesResponse - List((/success/taxpayerDetails,List(JsonValidationError(List(error.path.missing),ArraySeq()))), (/success/balanceDetails,List(JsonValidationError(List(error.path.missing),ArraySeq()))))] 
[info]   - when 200 is returned without mandatory fields in json
[info]   - when a non 200 or 4xx status is returned
[info] FinancialDetailServiceSpec:
[info] Call getChargeDetails
[info]   should return success response with Json
[info]   - when provided with the correct params
[info] Call getPayments
[info]   should return success response with Json
[info]   - when correct params provided
[info] Call getPaymentAllocationDetails
[info]   should return success response with Json
[info]   - when correct params provided
[info] TransactionSpec:
[info] Transaction
[info] - should serialize to JSON correctly
[info] - should deserialize from JSON correctly
[info] - should handle optional fields correctly when None
[info] - should fail to deserialize if required fields are missing
[info] ChargeHistorySuccessResponseSpec:
[info] ChargeHistoryDetails
[info]   should read from json
[info]   - when charge history details has a singular charge history detail
[info]   - when charge history details has a multiple charge history details
[info]   should write to json
[info]   - when Charge history details has a singular charge history detail
[info]   - when Charge history details has multiple charges history detail
[info] OutStandingChargesHttpParserSpec:
[info] OutStandingChargesHttpParser
[info]   should return a out standing charge
[info]   - when 200 is returned with valid json
[info]   should return UnexpectedOutStandingChargeResponse
2026-03-09 14:28:15,237 level=[ERROR] logger=[connectors.httpParsers.OutStandingChargesHttpParser] thread=[pool-1-thread-1-ScalaTest-running-OutStandingChargesHttpParserSpec] rid=[] user=[] message=[OutStandingChargesHttpParser$OutStandingChargesReads$#read:46 - 400 returned from DES with body: Bad request] 
[info]   - when a 4xx status is returned
[info]   - when a 404 status is returned
2026-03-09 14:28:15,238 level=[ERROR] logger=[connectors.httpParsers.OutStandingChargesHttpParser] thread=[pool-1-thread-1-ScalaTest-running-OutStandingChargesHttpParserSpec] rid=[] user=[] message=[OutStandingChargesHttpParser$OutStandingChargesReads$#read:49 - Unexpected Response with status: 500] 
[info]   - when any other status is returned
[info] PaymentAllocationsHttpParserSpec:
[info] PaymentAllocationsHttpParser
[info]   should return a payment allocations
[info]   - when 200 is returned with valid json and a single payment allocations
[info]   - when 200 is returned with valid json and multiple payment allocations
[info]   should return a Not Found response
[info]   - when the status of the response is 404
[info]   should return UnexpectedResponse
2026-03-09 14:28:15,304 level=[ERROR] logger=[connectors.httpParsers.PaymentAllocationsHttpParser] thread=[pool-1-thread-1-ScalaTest-running-PaymentAllocationsHttpParserSpec] rid=[] user=[] message=[PaymentAllocationsHttpParser$PaymentAllocationsReads$#read:46 - could not parse response] 
[info]   - when no payment details are returned in the json
2026-03-09 14:28:15,305 level=[ERROR] logger=[connectors.httpParsers.PaymentAllocationsHttpParser] thread=[pool-1-thread-1-ScalaTest-running-PaymentAllocationsHttpParserSpec] rid=[] user=[] message=[PaymentAllocationsHttpParser$PaymentAllocationsReads$#read:57 - Unexpected Response with status: 400] 
[info]   - when a 4xx status is returned
2026-03-09 14:28:15,305 level=[ERROR] logger=[connectors.httpParsers.PaymentAllocationsHttpParser] thread=[pool-1-thread-1-ScalaTest-running-PaymentAllocationsHttpParserSpec] rid=[] user=[] message=[PaymentAllocationsHttpParser$PaymentAllocationsReads$#read:60 - 500 returned from DES with body: ] 
[info]   - when any other status is returned
[info] GetChargeHistoryConnectorSpec:
[info] GetChargeHistoryConnector
[info]   should format API URLs correctly
[info]   - when getChargeHistoryDetailsUrl is called
[info] - should return the correct success model when the correct headers are passed
[info] - should return a ChargeHistorySuccess response model when able to successfully retrieve parse the data
2026-03-09 14:28:15,378 level=[ERROR] logger=[connectors.hip.GetChargeHistoryConnectorSpec$TestGetChargeHistoryConnector] thread=[application-pekko.actor.default-dispatcher-6] rid=[] user=[] message=[GetChargeHistoryConnector#getChargeHistory$$anonfun$1:69 - RESPONSE status: 500, body: {}] 
[info] - should return a ChargeHistoryError response model when data is successfully returned but an error occurred parsing the data
2026-03-09 14:28:15,379 level=[ERROR] logger=[connectors.hip.GetChargeHistoryConnectorSpec$TestGetChargeHistoryConnector] thread=[application-pekko.actor.default-dispatcher-7] rid=[] user=[] message=[GetChargeHistoryConnector#getChargeHistory$$anonfun$1:69 - RESPONSE status: 500, body: Error message] 
[info] - should return a ChargeHistoryError response model when an error has been returned by the API
[info] - should return a ChargeHistoryNotFound response when no data was found and returned by the API
[info] SubItemSpec:
[info] SubItem
[info]   should read from json
[info]   - when the json is complete
[info]   - when the json is empty
[info]   should write to json
[info]   - when the model is complete
[info]   - when the model is empty
[info] DateUtilsSpec:
[info] longDateTimestampGmt
[info]   should return Date/time in format [EEE, dd MMM yyyy HH:mm:ss z]
[info]   - when given a LocalDateTime
[info] nowAsUtc
[info] - should return Date/time in format [yyyy-MM-dd'T'HH:mm:ss'Z']
[info] FinancialDetailPaymentsControllerSpec:
[info] getPaymentDetails
[info]   should return 200 with the retrieved payment details from the charge details
[info]   - when the connector returns the charge details
[info]   - when the connector returns the charge details with no CodingDetails
[info]   should return 404
[info]   - when the connector returns an NOT_FOUND error
[info]   should return 500
[info]   - when the connector returns an error
[info] PaymentSpec:
[info] Payment
[info] - should serialize to JSON correctly
[info] - should deserialize from JSON correctly
[info] - should handle optional fields correctly when None
[info] - should fail to deserialize if required fields are missing
[info] OutStandingChargeSpec:
[info] OutStandingCharge
[info]   should read from json
[info]   - when the json is complete
[info]   should write to json
[info]   - when the model is complete
[info] ChargesResponseSpec:
[info] ChargesResponse
[info]   when calling .payments
[info]     should return no payments
[info]     - when no documents exist with a paymentLot and paymentLotId
[info]     - when a payment document exists with no matching financial details
[info]     - when a payment document exists with a matching financial details but no matching items
[info]     - when a payment document exists with matching financial details but missing data
[info]     should return payments
[info]     - when a single payment exists
[info]     - when multiple payments exist
[info]   when read from Json
[info]   - when the model has the minimal details
[info]   when read from bad Json
[info]   - when a parse error is generated
[info]   when write to Json
[info]   - when the model has the minimal details
[info]   - when the model has the full details
[info] ClaimToAdjustPoaControllerSpec:
[info] ClaimToAdjustPoaConnector.submitClaimToAdjustPoa
[info]   should return 500
2026-03-09 14:28:15,652 level=[ERROR] logger=[application] thread=[application-pekko.actor.default-dispatcher-7] rid=[] user=[] message=[ClaimToAdjustPoaController#submitClaimToAdjustPoa$$anonfun$1$$anonfun$1$$anonfun$1:45 - Error message] 
[info]   - when user is authenticated and ClaimToAdjustPoaConnector returns an error response
[info]   should return 400
[info]   - when an invalid json body is sent
[info]   should return 201
[info]   - when a ClaimToAdjustPoa model as json body is sent
[info] AllocationDetailSpec:
[info] AllocationDetail
[info]   should read from json
[info]   - when the json is complete
[info]   - when the json is empty
[info]   should write to json
[info]   - when the model is complete
[info]   - when the model is empty
[info] ControllerBaseSpec:
[info] ChargeHistoryResponseModelSpec:
[info] ChargeHistorySuccess
[info] - should write to JSON
[info] - should read from JSON
[info] ChargeHistorySuccessWrapper
[info] - should write to JSON
[info] - should read to JSON
[info] .toChargeHistoryModel
[info] - should convert a ChargeHistorySuccessWrapper model to a ChargeHistoryDetails model
[info] ClaimToAdjustPoaHttpParserSpec:
[info] ClaimToAdjustPoaResponseReads
[info]   when read
[info]     should return success response
[info]     - when response json is valid
2026-03-09 14:28:15,790 level=[WARN] logger=[application] thread=[pool-1-thread-1-ScalaTest-running-ClaimToAdjustPoaHttpParserSpec] rid=[] user=[] message=[ClaimToAdjustPoaHttpParser$ClaimToAdjustPoaResponseReads$#read:37 - Invalid JSON in Claim To Adjust POA success response] 
[info]     - when response json is invalid
[info]     should return error response
[info]     - when response json is valid
2026-03-09 14:28:15,793 level=[WARN] logger=[application] thread=[pool-1-thread-1-ScalaTest-running-ClaimToAdjustPoaHttpParserSpec] rid=[] user=[] message=[ClaimToAdjustPoaHttpParser$ClaimToAdjustPoaResponseReads$#read:47 - Invalid JSON in Claim To Adjust POA failure response] 
[info]     - when response json is invalid
[info] ChargeHistorySpec:
[info] ChargeHistory
[info] - should write to JSON
[info] - should read from JSON
[info] CreditsModelSpec:
[info] format
[info] - should serialize to JSON
[info] fromChargesResponse
[info] - should parse document details and financial documents as transactions
[info] - should parse refund requests as transactions
[info] - should convert negative amounts of outstanding amount (i.e. credit) to absolute values
[info] - should clamp positive amounts of outstanding amount to 0
[info] - should ignore transactions when mainTransaction cannot be converted to creditType
[info] - should ignore transactions without a credit mainTransaction
[info] FinancialDetailSpec:
[info] FinancialDetail
[info]   should read from json
[info]   - when the json is complete
[info]   - when the json is minimal
[info]   should write to json
[info]   - when the model is complete
[info]   - when the model is empty
[info] FinancialDetailsHipConnectorSpec:
[info] financialDetailUrl
[info] - should return the correct url
[info] query string parameters for charge
[info] - should return the correct formatted query parameters
[info] getChargeDetails
[info]   should return a list of charges
[info]   - when 200 is received from ETMP with charges 
[info]   should return an error
2026-03-09 14:28:15,961 level=[ERROR] logger=[connectors.hip.FinancialDetailsHipConnector] thread=[application-pekko.actor.default-dispatcher-6] rid=[] user=[] message=[FinancialDetailsHipConnector$$anon$1#applyOrElse:95 - Response: UnexpectedChargeResponse(404,{"code":"NO_DATA_FOUND","reason":"The remote endpoint has indicated that no data can be found."})] 
[info]   - when when no data found is returned
2026-03-09 14:28:15,962 level=[ERROR] logger=[connectors.hip.FinancialDetailsHipConnector] thread=[application-pekko.actor.default-dispatcher-6] rid=[] user=[] message=[FinancialDetailsHipConnector$$anon$1#applyOrElse:95 - Response: UnexpectedChargeErrorResponse] 
[info]   - when something went wrong
[info] paymentAllocationQuery parameters for Payment Allocation - documentId
[info] - should return the correct formatted query parameters
[info] Payment Allocation - documentId
[info]   should return a list of charges
[info]   - when 200 is received from ETMP with charges 
[info]   should return an error
2026-03-09 14:28:15,964 level=[ERROR] logger=[connectors.hip.FinancialDetailsHipConnector] thread=[application-pekko.actor.default-dispatcher-6] rid=[] user=[] message=[FinancialDetailsHipConnector$$anon$1#applyOrElse:95 - Response: UnexpectedChargeResponse(404,{"code":"NO_DATA_FOUND","reason":"The remote endpoint has indicated that no data can be found."})] 
[info]   - when when no data found is returned
2026-03-09 14:28:15,965 level=[ERROR] logger=[connectors.hip.FinancialDetailsHipConnector] thread=[application-pekko.actor.default-dispatcher-6] rid=[] user=[] message=[FinancialDetailsHipConnector$$anon$1#applyOrElse:95 - Response: UnexpectedChargeErrorResponse] 
[info]   - when something went wrong
[info] Getting only open items
[info] - should have the correct formatted query parameters
[info]   should return a list of charges
[info]   - when 200 is received from ETMP with charges
[info]   should return an error
2026-03-09 14:28:15,967 level=[ERROR] logger=[connectors.hip.FinancialDetailsHipConnector] thread=[application-pekko.actor.default-dispatcher-6] rid=[] user=[] message=[FinancialDetailsHipConnector$$anon$1#applyOrElse:95 - Response: UnexpectedChargeResponse(404,{"code":"NO_DATA_FOUND","reason":"The remote endpoint has indicated that no data can be found."})] 
[info]   - when when no data found is returned
2026-03-09 14:28:15,967 level=[ERROR] logger=[connectors.hip.FinancialDetailsHipConnector] thread=[application-pekko.actor.default-dispatcher-6] rid=[] user=[] message=[FinancialDetailsHipConnector$$anon$1#applyOrElse:95 - Response: UnexpectedChargeErrorResponse] 
[info]   - when something went wrong
[info] FinancialDetailCreditsControllerSpec:
[info] getChargeDetails
[info]   should return 200 with the retrieved charge details
[info]   - when the connector returns the charge details
[info]   should return 404
[info]   - when the connector returns an NOT_FOUND error
[info]   should return 500
2026-03-09 14:28:16,042 level=[ERROR] logger=[controllers.FinancialDetailCreditsControllerSpec$FinancialDetailCreditsController] thread=[application-pekko.actor.default-dispatcher-7] rid=[] user=[] message=[FinancialDetailCreditsController#getCredits$$anonfun$1$$anonfun$1:52 - other error: UnexpectedChargeResponse(500,)] 
[info]   - when the connector returns an error
[info] FinancialDetailsControllerSpec:
[info] getOnlyOpenItems
[info]   should return 200 with the retrieved charge details
[info]   - when the connector returns the charge details
[info]   - when the connector returns the charge details with no CodingDetails
[info]   should return 404
[info]   - when the connector returns an NOT_FOUND error
[info]   should return 500
[info]   - when the connector returns an error
[info] PaymentDetailsSpec:
[info] PaymentDetails
[info]   should read from json
[info]   - when the json is complete
[info]   - when the json is empty
[info]   should write to json
[info]   - when the model is complete
[info]   - when the model is empty
[info] ClaimToAdjustPoaConnectorSpec:
[info] ClaimToAdjustPoaConnector.postClaimToAdjustPoa
[info] - should return an ClaimToAdjustPoaResponse model if status (OK) is returned by API with valid json body
2026-03-09 14:28:16,205 level=[ERROR] logger=[application] thread=[application-pekko.actor.default-dispatcher-6] rid=[] user=[] message=[ClaimToAdjustPoaConnector$$anon$1#applyOrElse:49 - error] 
[info] - should return an Error  model if status (500) is returned by API
[info] OutStandingChargesServiceSpec:
[info] listOutstandingCharges
[info]   when the call to des is successful
[info]   - should return the success model
[info]   when the call to des fails
[info]   - should call the viewAndChangeConnector
[info] ChargeHistoryDetailModelSpec:
[info] ChargeHistoryDetail
[info]   should read from json
[info]   - when the json is complete
[info]   should write to json
[info]   - when the model is complete
[info] Run completed in 7 seconds, 189 milliseconds.
[info] Total number of tests run: 190
[info] Suites: completed 43, aborted 0
[info] Tests: succeeded 190, failed 0, canceled 0, ignored 0, pending 0
[info] All tests passed.
[success] Total time: 12 s, completed 9 Mar 2026, 14:28:16
14:28:17,910 |-INFO in ch.qos.logback.classic.LoggerContext[default] - This is logback-classic version 1.5.22
14:28:17,911 |-INFO in ch.qos.logback.classic.util.ContextInitializer@77a8d98 - No custom configurators were discovered as a service.
14:28:17,911 |-INFO in ch.qos.logback.classic.util.ContextInitializer@77a8d98 - Trying to configure with ch.qos.logback.classic.util.DefaultJoranConfigurator
14:28:17,912 |-INFO in ch.qos.logback.classic.util.ContextInitializer@77a8d98 - Constructed configurator of type class ch.qos.logback.classic.util.DefaultJoranConfigurator
14:28:17,914 |-INFO in ch.qos.logback.classic.LoggerContext[default] - Found resource [logback-test.xml] at [file:/Users/aashiqjenner/Documents/HMRC/income-tax-financial-details/target/scala-3.3.6/classes/logback-test.xml]
14:28:17,963 |-INFO in ch.qos.logback.classic.model.processor.ConfigurationModelHandlerFull - Main configuration file URL: file:/Users/aashiqjenner/Documents/HMRC/income-tax-financial-details/target/scala-3.3.6/classes/logback-test.xml
14:28:17,964 |-INFO in ch.qos.logback.classic.model.processor.ConfigurationModelHandlerFull - FileWatchList= {/Users/aashiqjenner/Documents/HMRC/income-tax-financial-details/target/scala-3.3.6/classes/logback-test.xml}
14:28:17,964 |-INFO in ch.qos.logback.classic.model.processor.ConfigurationModelHandlerFull - URLWatchList= {}
14:28:17,966 |-INFO in ch.qos.logback.core.model.processor.AppenderModelHandler - Processing appender named [FILE]
14:28:17,966 |-INFO in ch.qos.logback.core.model.processor.AppenderModelHandler - About to instantiate appender of type [ch.qos.logback.core.FileAppender]
14:28:17,984 |-INFO in ch.qos.logback.core.FileAppender[FILE] - File property is set to [logs/income-tax-financial-details.log]
14:28:17,985 |-INFO in ch.qos.logback.core.model.processor.AppenderModelHandler - Processing appender named [STDOUT]
14:28:17,985 |-INFO in ch.qos.logback.core.model.processor.AppenderModelHandler - About to instantiate appender of type [ch.qos.logback.core.ConsoleAppender]
14:28:17,985 |-INFO in ch.qos.logback.core.ConsoleAppender[STDOUT] - NOTE: Writing to the console can be slow. Try to avoid logging to the 
14:28:17,985 |-INFO in ch.qos.logback.core.ConsoleAppender[STDOUT] - console in production environments, especially in high volume systems.
14:28:17,985 |-INFO in ch.qos.logback.core.ConsoleAppender[STDOUT] - See also https://logback.qos.ch/codes.html#slowConsole
14:28:17,986 |-WARN in ch.qos.logback.core.model.processor.AppenderModelHandler - Appender named [CONNECTOR_LOG_FILE] not referenced. Skipping further processing.
14:28:17,986 |-INFO in ch.qos.logback.classic.model.processor.LoggerModelHandler - Setting level of logger [com.google.inject] to OFF
14:28:17,986 |-INFO in ch.qos.logback.classic.model.processor.LoggerModelHandler - Setting level of logger [org.asynchttpclient.netty] to OFF
14:28:17,986 |-INFO in ch.qos.logback.classic.model.processor.LoggerModelHandler - Setting level of logger [io.netty] to OFF
14:28:17,986 |-INFO in ch.qos.logback.classic.model.processor.LoggerModelHandler - Setting level of logger [play.core.netty] to OFF
14:28:17,986 |-INFO in ch.qos.logback.classic.model.processor.LoggerModelHandler - Setting level of logger [org.eclipse] to OFF
14:28:17,986 |-INFO in ch.qos.logback.classic.model.processor.LoggerModelHandler - Setting level of logger [org.apache] to OFF
14:28:17,986 |-INFO in ch.qos.logback.classic.model.processor.LoggerModelHandler - Setting level of logger [uk.gov] to OFF
14:28:17,986 |-INFO in ch.qos.logback.classic.model.processor.LoggerModelHandler - Setting level of logger [application] to DEBUG
14:28:17,986 |-INFO in ch.qos.logback.classic.model.processor.LoggerModelHandler - Setting level of logger [connector] to ERROR
14:28:17,986 |-INFO in ch.qos.logback.core.model.processor.AppenderRefModelHandler - Attaching appender named [STDOUT] to Logger[connector]
14:28:17,987 |-INFO in ch.qos.logback.classic.model.processor.RootLoggerModelHandler - Setting level of ROOT logger to ERROR
14:28:17,987 |-INFO in ch.qos.logback.core.model.processor.AppenderRefModelHandler - Attaching appender named [FILE] to Logger[ROOT]
14:28:17,987 |-INFO in ch.qos.logback.core.model.processor.AppenderRefModelHandler - Attaching appender named [STDOUT] to Logger[ROOT]
14:28:17,987 |-INFO in ch.qos.logback.core.model.processor.DefaultProcessor@539e7884 - End of configuration.
14:28:17,987 |-INFO in ch.qos.logback.classic.joran.JoranConfigurator@5f0a84d9 - Registering current configuration as safe fallback point
14:28:17,989 |-INFO in ch.qos.logback.classic.util.ContextInitializer@77a8d98 - ch.qos.logback.classic.util.DefaultJoranConfigurator.configure() call lasted 75 milliseconds. ExecutionStatus=DO_NOT_INVOKE_NEXT_IF_ANY

2026-03-09 14:28:18,433 level=[[34mINFO[0;39m] logger=[org.apache.pekko.event.slf4j.Slf4jLogger] thread=[application-pekko.actor.default-dispatcher-5] rid=[] user=[] message=[Slf4jLogger started] 
2026-03-09 14:28:18,610 level=[[34mINFO[0;39m] logger=[uk.gov.hmrc.play.bootstrap.graphite.DisabledGraphiteReporting] thread=[pool-1-thread-1] rid=[] user=[] message=[Graphite metrics disabled] 
2026-03-09 14:28:18,611 level=[[34mINFO[0;39m] logger=[uk.gov.hmrc.mongo.play.PlayMongoComponent] thread=[pool-1-thread-1] rid=[] user=[] message=[MongoComponent starting...] 
2026-03-09 14:28:18,616 level=[[34mINFO[0;39m] logger=[uk.gov.hmrc.mongo.play.PlayMongoComponent] thread=[pool-1-thread-1] rid=[] user=[] message=[MongoComponent: MongoConnector configuration being used - hosts: [localhost:27017], database: income-tax-financial-details, query: ] 
2026-03-09 14:28:18,687 level=[[34mINFO[0;39m] logger=[org.mongodb.driver.client] thread=[pool-1-thread-1] rid=[] user=[] message=[MongoClient with metadata {"driver": {"name": "mongo-java-driver|scala|reactive-streams", "version": "5.6.1"}, "os": {"type": "Darwin", "name": "Mac OS X", "architecture": "aarch64", "version": "15.0"}, "platform": "Java/Eclipse Adoptium/11.0.19+7|Scala/version 2.13.16"} created with settings MongoClientSettings{readPreference=primary, writeConcern=WriteConcern{w=null, wTimeout=null ms, journal=null}, retryWrites=true, retryReads=true, readConcern=ReadConcern{level=null}, credential=null, transportSettings=null, commandListeners=[], codecRegistry=ProvidersCodecRegistry{codecProviders=[ProvidersCodecRegistry{codecProviders=[DocumentCodecProvider(), IterableCodecProvider(org.bson.codecs.BsonTypeClassMap@309f9fda,None)]}, ProvidersCodecRegistry{codecProviders=[ValueCodecProvider{}, BsonValueCodecProvider{}, DBRefCodecProvider{}, DBObjectCodecProvider{}, DocumentCodecProvider{}, CollectionCodecProvider{}, IterableCodecProvider{}, MapCodecProvider{}, GeoJsonCodecProvider{}, GridFSFileCodecProvider{}, Jsr310CodecProvider{}, JsonObjectCodecProvider{}, BsonCodecProvider{}, com.mongodb.client.model.mql.ExpressionCodecProvider@1c770e15, com.mongodb.Jep395RecordCodecProvider@1fb4eba2, com.mongodb.KotlinCodecProvider@436d44a2, EnumCodecProvider{}]}]}, loggerSettings=LoggerSettings{maxDocumentLength=1000}, clusterSettings={hosts=[localhost:27017], srvServiceName=mongodb, mode=SINGLE, requiredClusterType=UNKNOWN, requiredReplicaSetName='null', serverSelector='null', clusterListeners='[]', serverSelectionTimeout='30000 ms', localThreshold='15 ms'}, socketSettings=SocketSettings{connectTimeoutMS=10000, readTimeoutMS=0, receiveBufferSize=0, proxySettings=ProxySettings{host=null, port=null, username=null, password=null}}, heartbeatSocketSettings=SocketSettings{connectTimeoutMS=10000, readTimeoutMS=10000, receiveBufferSize=0, proxySettings=ProxySettings{host=null, port=null, username=null, password=null}}, connectionPoolSettings=ConnectionPoolSettings{maxSize=100, minSize=0, maxWaitTimeMS=120000, maxConnectionLifeTimeMS=0, maxConnectionIdleTimeMS=0, maintenanceInitialDelayMS=0, maintenanceFrequencyMS=60000, connectionPoolListeners=[], maxConnecting=2}, serverSettings=ServerSettings{heartbeatFrequencyMS=10000, minHeartbeatFrequencyMS=500, serverMonitoringMode=AUTO, serverListeners='[]', serverMonitorListeners='[]'}, sslSettings=SslSettings{enabled=false, invalidHostNameAllowed=false, context=null}, applicationName='null', compressorList=[], uuidRepresentation=UNSPECIFIED, serverApi=null, autoEncryptionSettings=null, dnsClient=null, inetAddressResolver=null, contextProvider=null, timeoutMS=null}] 
2026-03-09 14:28:18,709 level=[[34mINFO[0;39m] logger=[org.mongodb.driver.cluster] thread=[cluster-ClusterId{value='69aed9023a64b4a15b0fef1e', description='null'}-localhost:27017] rid=[] user=[] message=[Monitor thread successfully connected to server with description ServerDescription{address=localhost:27017, type=REPLICA_SET_PRIMARY, cryptd=false, state=CONNECTED, ok=true, minWireVersion=0, maxWireVersion=21, maxDocumentSize=16777216, logicalSessionTimeoutMinutes=30, roundTripTimeNanos=18278375, minRoundTripTimeNanos=0, setName='rs0', canonicalAddress=7b24e14131ef:27017, hosts=[7b24e14131ef:27017], passives=[], arbiters=[], primary='7b24e14131ef:27017', tagSet=TagSet{[]}, electionId=7fffffff0000000000000004, setVersion=1, topologyVersion=TopologyVersion{processId=699430dbfbe980c01cd84116, counter=6}, lastWriteDate=Mon Mar 09 14:28:17 GMT 2026, lastUpdateTimeNanos=501673576952208}] 
2026-03-09 14:28:18,788 level=[[34mINFO[0;39m] logger=[uk.gov.hmrc.mongo.play.PlayMongoComponent] thread=[application-pekko.actor.default-dispatcher-5] rid=[] user=[] message=[Existing collections:
  ] 
2026-03-09 14:28:18,796 level=[[31mWARN[0;39m] logger=[uk.gov.hmrc.play.bootstrap.audit.DisabledDatastreamMetricsProvider] thread=[pool-1-thread-1] rid=[] user=[] message=[DatastreamMetrics have been disabled since metrics are disabled: ENABLE IN ALL TESTING + PRODUCTION ENVIRONMENTS] 
2026-03-09 14:28:18,989 level=[[34mINFO[0;39m] logger=[play.api.http.EnabledFilters] thread=[pool-1-thread-1] rid=[] user=[] message=[Enabled Filters (see <https://www.playframework.com/documentation/latest/Filters>):

    uk.gov.hmrc.play.bootstrap.metrics.DisabledMetricsFilter
    uk.gov.hmrc.play.bootstrap.backend.filters.BackendMdcFilter
    uk.gov.hmrc.play.bootstrap.backend.filters.DefaultBackendAuditFilter
    uk.gov.hmrc.play.bootstrap.filters.DefaultLoggingFilter
    uk.gov.hmrc.play.bootstrap.filters.CacheControlFilter
    uk.gov.hmrc.play.bootstrap.backend.filters.session.DefaultBackendSessionLoggingFilter
] 
[info] PaymentAllocationsControllerISpec:
2026-03-09 14:28:19,202 level=[[34mINFO[0;39m] logger=[org.eclipse.jetty.server.Server] thread=[pool-1-thread-1] rid=[] user=[] message=[jetty-11.0.20; built: 2024-01-29T21:04:22.394Z; git: 922f8dc188f7011e60d0361de585fd4ac4d63064; jvm 11.0.19+7] 
2026-03-09 14:28:19,212 level=[[34mINFO[0;39m] logger=[org.eclipse.jetty.server.handler.ContextHandler] thread=[pool-1-thread-1] rid=[] user=[] message=[Started o.e.j.s.ServletContextHandler@4b069caf{/__admin,null,AVAILABLE}] 
2026-03-09 14:28:19,215 level=[[34mINFO[0;39m] logger=[org.eclipse.jetty.server.handler.ContextHandler.ROOT] thread=[pool-1-thread-1] rid=[] user=[] message=[RequestHandlerClass from context returned com.github.tomakehurst.wiremock.http.StubRequestHandler. Normalized mapped under returned 'null'] 
2026-03-09 14:28:19,215 level=[[34mINFO[0;39m] logger=[org.eclipse.jetty.server.handler.ContextHandler] thread=[pool-1-thread-1] rid=[] user=[] message=[Started o.e.j.s.ServletContextHandler@5029ea9f{/,null,AVAILABLE}] 
2026-03-09 14:28:19,218 level=[[34mINFO[0;39m] logger=[org.eclipse.jetty.server.AbstractConnector] thread=[pool-1-thread-1] rid=[] user=[] message=[Started NetworkTrafficServerConnector@4849e354{HTTP/1.1, (http/1.1, h2c)}{0.0.0.0:11111}] 
2026-03-09 14:28:19,224 level=[[34mINFO[0;39m] logger=[org.eclipse.jetty.server.Server] thread=[pool-1-thread-1] rid=[] user=[] message=[Started Server@50152a57{STARTING}[11.0.20,sto=1000] @1610ms] 
2026-03-09 14:28:19,266 level=[[34mINFO[0;39m] logger=[play.api.Play] thread=[pool-1-thread-1] rid=[] user=[] message=[Application started (Dev) (no global state)] 
[info] GET /income-tax-financial-details/BB123456A/payment-allocations/paymentLot/paymentLotItem
[info]   should return 200
2026-03-09 14:28:19,560 level=[[34mINFO[0;39m] logger=[org.eclipse.jetty.server.handler.ContextHandler.__admin] thread=[qtp576529541-49] rid=[] user=[] message=[RequestHandlerClass from context returned com.github.tomakehurst.wiremock.http.AdminRequestHandler. Normalized mapped under returned 'null'] 
2026-03-09 14:28:19,790 level=[[31mWARN[0;39m] logger=[uk.gov.hmrc.play.audit.DefaultAuditConnector] thread=[application-pekko.actor.default-dispatcher-10] rid=[-] user=[] message=[auditing disabled for AuditConnector class uk.gov.hmrc.play.audit.DefaultAuditConnector] 
2026-03-09 14:28:19,811 level=[[39mDEBUG[0;39m] logger=[connector] thread=[application-pekko.actor.default-dispatcher-10] rid=[-] user=[] message=[:POST:501674623758750:501674.623s:-501674574671708:-501674574671708ns:2f8e:http://localhost:11111/auth/authorise:ok] 
2026-03-09 14:28:19,811 level=[[39mDEBUG[0;39m] logger=[connector] thread=[application-pekko.actor.default-dispatcher-10] rid=[-] user=[] message=[:POST:501674623758750:501674.623s:-501674574671708:-501674574671708ns:2f8e:http://localhost:11111/auth/authorise:ok] 
2026-03-09 14:28:19,826 level=[[39mDEBUG[0;39m] logger=[connector] thread=[application-pekko.actor.default-dispatcher-8] rid=[-] user=[] message=[:GET:501674683561875:501674.683s:-501674668347292:-501674668347292ns:d266:http://localhost:11111/cross-regime/payment-allocation/NINO/BB123456A/ITSA?paymentLot=paymentLot&paymentLotItem=paymentLotItem:ok] 
2026-03-09 14:28:19,826 level=[[39mDEBUG[0;39m] logger=[connector] thread=[application-pekko.actor.default-dispatcher-8] rid=[-] user=[] message=[:GET:501674683561875:501674.683s:-501674668347292:-501674668347292ns:d266:http://localhost:11111/cross-regime/payment-allocation/NINO/BB123456A/ITSA?paymentLot=paymentLot&paymentLotItem=paymentLotItem:ok] 
2026-03-09 14:28:19,834 level=[[34mINFO[0;39m] logger=[connectors.httpParsers.PaymentAllocationsHttpParser] thread=[application-pekko.actor.default-dispatcher-7] rid=[-] user=[] message=[successfully parsed response to PaymentAllocations: PaymentDetails(List(PaymentAllocations(Some(1000),Some(method),Some(reference),Some(2022-06-23),List(AllocationDetail(Some(transactionId),Some(2022-06-23),Some(2022-06-23),Some(type),Some(mainType),Some(1500),Some(500),Some(chargeReference))))))] 
2026-03-09 14:28:19,842 level=[[34mINFO[0;39m] logger=[uk.gov.hmrc.play.bootstrap.filters.DefaultLoggingFilter] thread=[application-pekko.actor.default-dispatcher-7] rid=[-] user=[] message=[GET /income-tax-financial-details/BB123456A/payment-allocations/paymentLot/paymentLotItem 200 117ms] 
[info]   - when payment allocations are successfully retrieved
[info]     + Given the user is authorised 
[info]     + Given I wiremock stub an authorised user response 
[info]     + And the call to retrieve payment allocations is stubbed 
[info]     + When I call GET /income-tax-financial-details/BB123456A/payment-allocations/paymentLot/paymentLotItem 
[info]     + Then a successful response is returned with the payment allocations 
[info]     + Then the response status should be '200' 
[info]   should return 500
2026-03-09 14:28:19,887 level=[[39mDEBUG[0;39m] logger=[connector] thread=[application-pekko.actor.default-dispatcher-7] rid=[-] user=[] message=[:POST:501674756832958:501674.756s:-501674753760333:-501674753760333ns:1e90:http://localhost:11111/auth/authorise:ok] 
2026-03-09 14:28:19,887 level=[[39mDEBUG[0;39m] logger=[connector] thread=[application-pekko.actor.default-dispatcher-7] rid=[-] user=[] message=[:POST:501674756832958:501674.756s:-501674753760333:-501674753760333ns:1e90:http://localhost:11111/auth/authorise:ok] 
2026-03-09 14:28:19,890 level=[[39mDEBUG[0;39m] logger=[connector] thread=[application-pekko.actor.default-dispatcher-13] rid=[-] user=[] message=[:GET:501674760189958:501674.760s:-501674757981833:-501674757981833ns:cb9:http://localhost:11111/cross-regime/payment-allocation/NINO/BB123456A/ITSA?paymentLot=paymentLot&paymentLotItem=paymentLotItem:ok] 
2026-03-09 14:28:19,890 level=[[39mDEBUG[0;39m] logger=[connector] thread=[application-pekko.actor.default-dispatcher-13] rid=[-] user=[] message=[:GET:501674760189958:501674.760s:-501674757981833:-501674757981833ns:cb9:http://localhost:11111/cross-regime/payment-allocation/NINO/BB123456A/ITSA?paymentLot=paymentLot&paymentLotItem=paymentLotItem:ok] 
2026-03-09 14:28:19,890 level=[[1;31mERROR[0;39m] logger=[connectors.httpParsers.PaymentAllocationsHttpParser] thread=[application-pekko.actor.default-dispatcher-14] rid=[-] user=[] message=[Unexpected Response with status: 400] 
2026-03-09 14:28:19,896 level=[[1;31mERROR[0;39m] logger=[connectors.httpParsers.PaymentAllocationsHttpParser] thread=[application-pekko.actor.default-dispatcher-12] rid=[-] user=[] message=[Unexpected Response with status: 400] 
2026-03-09 14:28:19,896 level=[[39mDEBUG[0;39m] logger=[connector] thread=[application-pekko.actor.default-dispatcher-7] rid=[-] user=[] message=[:GET:501674760190000:501674.760s:-501674751882334:-501674751882334ns:cb9:http://localhost:11111/BB123456A/payment-allocations/paymentLot/paymentLotItem:ok] 
2026-03-09 14:28:19,896 level=[[39mDEBUG[0;39m] logger=[connector] thread=[application-pekko.actor.default-dispatcher-7] rid=[-] user=[] message=[:GET:501674760190000:501674.760s:-501674751882334:-501674751882334ns:cb9:http://localhost:11111/BB123456A/payment-allocations/paymentLot/paymentLotItem:ok] 
2026-03-09 14:28:19,897 level=[[34mINFO[0;39m] logger=[uk.gov.hmrc.play.bootstrap.filters.DefaultLoggingFilter] thread=[application-pekko.actor.default-dispatcher-14] rid=[-] user=[] message=[GET /income-tax-financial-details/BB123456A/payment-allocations/paymentLot/paymentLotItem 500 14ms] 
[info]   - when an unexpected status was returned when retrieving payment allocations
[info]     + Given the user is authorised 
[info]     + Given I wiremock stub an authorised user response 
[info]     + And the call to retrieve payment allocations is stubbed 
[info]     + When I call GET /income-tax-financial-details/BB123456A/payment-allocations/paymentLot/paymentLotItem 
[info]     + Then an internal server error response is returned 
[info]     + Then the response status should be '500' 
2026-03-09 14:28:19,900 level=[[34mINFO[0;39m] logger=[play.api.internal.libs.concurrent.CoordinatedShutdownSupport] thread=[pool-1-thread-1] rid=[] user=[] message=[Starting synchronous coordinated shutdown with ServerStoppedReason reason and 2147513000 milliseconds timeout] 
2026-03-09 14:28:19,901 level=[[34mINFO[0;39m] logger=[org.apache.pekko.actor.CoordinatedShutdown] thread=[application-pekko.actor.default-dispatcher-14] rid=[] user=[] message=[Running CoordinatedShutdown with reason [ServerStoppedReason]] 
2026-03-09 14:28:19,904 level=[[34mINFO[0;39m] logger=[play.core.server.PekkoHttpServer] thread=[application-pekko.actor.internal-dispatcher-4] rid=[] user=[] message=[Unbinding /0:0:0:0:0:0:0:0:63970] 
2026-03-09 14:28:19,908 level=[[34mINFO[0;39m] logger=[play.core.server.PekkoHttpServer] thread=[application-pekko.actor.internal-dispatcher-2] rid=[] user=[] message=[Terminating server binding for /0:0:0:0:0:0:0:0:63970] 
2026-03-09 14:28:19,917 level=[[34mINFO[0;39m] logger=[uk.gov.hmrc.mongo.play.PlayMongoComponent] thread=[application-pekko.actor.internal-dispatcher-2] rid=[] user=[] message=[MongoComponent stops, closing connections...] 
2026-03-09 14:28:19,923 level=[[34mINFO[0;39m] logger=[play.core.server.PekkoHttpServer] thread=[application-pekko.actor.internal-dispatcher-2] rid=[] user=[] message=[Running provided shutdown stop hooks] 
2026-03-09 14:28:19,982 level=[[34mINFO[0;39m] logger=[org.apache.pekko.event.slf4j.Slf4jLogger] thread=[application-pekko.actor.default-dispatcher-5] rid=[] user=[] message=[Slf4jLogger started] 
2026-03-09 14:28:19,998 level=[[34mINFO[0;39m] logger=[uk.gov.hmrc.play.bootstrap.graphite.DisabledGraphiteReporting] thread=[pool-1-thread-1] rid=[] user=[] message=[Graphite metrics disabled] 
2026-03-09 14:28:19,999 level=[[34mINFO[0;39m] logger=[uk.gov.hmrc.mongo.play.PlayMongoComponent] thread=[pool-1-thread-1] rid=[] user=[] message=[MongoComponent starting...] 
2026-03-09 14:28:19,999 level=[[34mINFO[0;39m] logger=[uk.gov.hmrc.mongo.play.PlayMongoComponent] thread=[pool-1-thread-1] rid=[] user=[] message=[MongoComponent: MongoConnector configuration being used - hosts: [localhost:27017], database: income-tax-financial-details, query: ] 
2026-03-09 14:28:20,000 level=[[34mINFO[0;39m] logger=[org.mongodb.driver.client] thread=[pool-1-thread-1] rid=[] user=[] message=[MongoClient with metadata {"driver": {"name": "mongo-java-driver|scala|reactive-streams", "version": "5.6.1"}, "os": {"type": "Darwin", "name": "Mac OS X", "architecture": "aarch64", "version": "15.0"}, "platform": "Java/Eclipse Adoptium/11.0.19+7|Scala/version 2.13.16"} created with settings MongoClientSettings{readPreference=primary, writeConcern=WriteConcern{w=null, wTimeout=null ms, journal=null}, retryWrites=true, retryReads=true, readConcern=ReadConcern{level=null}, credential=null, transportSettings=null, commandListeners=[], codecRegistry=ProvidersCodecRegistry{codecProviders=[ProvidersCodecRegistry{codecProviders=[DocumentCodecProvider(), IterableCodecProvider(org.bson.codecs.BsonTypeClassMap@309f9fda,None)]}, ProvidersCodecRegistry{codecProviders=[ValueCodecProvider{}, BsonValueCodecProvider{}, DBRefCodecProvider{}, DBObjectCodecProvider{}, DocumentCodecProvider{}, CollectionCodecProvider{}, IterableCodecProvider{}, MapCodecProvider{}, GeoJsonCodecProvider{}, GridFSFileCodecProvider{}, Jsr310CodecProvider{}, JsonObjectCodecProvider{}, BsonCodecProvider{}, com.mongodb.client.model.mql.ExpressionCodecProvider@1c770e15, com.mongodb.Jep395RecordCodecProvider@1fb4eba2, com.mongodb.KotlinCodecProvider@436d44a2, EnumCodecProvider{}]}]}, loggerSettings=LoggerSettings{maxDocumentLength=1000}, clusterSettings={hosts=[localhost:27017], srvServiceName=mongodb, mode=SINGLE, requiredClusterType=UNKNOWN, requiredReplicaSetName='null', serverSelector='null', clusterListeners='[]', serverSelectionTimeout='30000 ms', localThreshold='15 ms'}, socketSettings=SocketSettings{connectTimeoutMS=10000, readTimeoutMS=0, receiveBufferSize=0, proxySettings=ProxySettings{host=null, port=null, username=null, password=null}}, heartbeatSocketSettings=SocketSettings{connectTimeoutMS=10000, readTimeoutMS=10000, receiveBufferSize=0, proxySettings=ProxySettings{host=null, port=null, username=null, password=null}}, connectionPoolSettings=ConnectionPoolSettings{maxSize=100, minSize=0, maxWaitTimeMS=120000, maxConnectionLifeTimeMS=0, maxConnectionIdleTimeMS=0, maintenanceInitialDelayMS=0, maintenanceFrequencyMS=60000, connectionPoolListeners=[], maxConnecting=2}, serverSettings=ServerSettings{heartbeatFrequencyMS=10000, minHeartbeatFrequencyMS=500, serverMonitoringMode=AUTO, serverListeners='[]', serverMonitorListeners='[]'}, sslSettings=SslSettings{enabled=false, invalidHostNameAllowed=false, context=null}, applicationName='null', compressorList=[], uuidRepresentation=UNSPECIFIED, serverApi=null, autoEncryptionSettings=null, dnsClient=null, inetAddressResolver=null, contextProvider=null, timeoutMS=null}] 
2026-03-09 14:28:20,003 level=[[34mINFO[0;39m] logger=[org.mongodb.driver.cluster] thread=[pool-1-thread-1] rid=[] user=[] message=[Waiting for server to become available for operation listCollections with ID 8. Remaining time: 29998 ms. Selector: ReadPreferenceServerSelector{readPreference=primary}, topology description: {type=UNKNOWN, servers=[{address=localhost:27017, type=UNKNOWN, state=CONNECTING}].] 
2026-03-09 14:28:20,005 level=[[34mINFO[0;39m] logger=[org.mongodb.driver.cluster] thread=[cluster-ClusterId{value='69aed9033a64b4a15b0fef1f', description='null'}-localhost:27017] rid=[] user=[] message=[Monitor thread successfully connected to server with description ServerDescription{address=localhost:27017, type=REPLICA_SET_PRIMARY, cryptd=false, state=CONNECTED, ok=true, minWireVersion=0, maxWireVersion=21, maxDocumentSize=16777216, logicalSessionTimeoutMinutes=30, roundTripTimeNanos=4404333, minRoundTripTimeNanos=0, setName='rs0', canonicalAddress=7b24e14131ef:27017, hosts=[7b24e14131ef:27017], passives=[], arbiters=[], primary='7b24e14131ef:27017', tagSet=TagSet{[]}, electionId=7fffffff0000000000000004, setVersion=1, topologyVersion=TopologyVersion{processId=699430dbfbe980c01cd84116, counter=6}, lastWriteDate=Mon Mar 09 14:28:17 GMT 2026, lastUpdateTimeNanos=501674877438583}] 
2026-03-09 14:28:20,011 level=[[34mINFO[0;39m] logger=[uk.gov.hmrc.mongo.play.PlayMongoComponent] thread=[application-pekko.actor.default-dispatcher-5] rid=[] user=[] message=[Existing collections:
  ] 
2026-03-09 14:28:20,013 level=[[31mWARN[0;39m] logger=[uk.gov.hmrc.play.bootstrap.audit.DisabledDatastreamMetricsProvider] thread=[pool-1-thread-1] rid=[] user=[] message=[DatastreamMetrics have been disabled since metrics are disabled: ENABLE IN ALL TESTING + PRODUCTION ENVIRONMENTS] 
2026-03-09 14:28:20,018 level=[[34mINFO[0;39m] logger=[play.api.http.EnabledFilters] thread=[pool-1-thread-1] rid=[] user=[] message=[Enabled Filters (see <https://www.playframework.com/documentation/latest/Filters>):

    uk.gov.hmrc.play.bootstrap.metrics.DisabledMetricsFilter
    uk.gov.hmrc.play.bootstrap.backend.filters.BackendMdcFilter
    uk.gov.hmrc.play.bootstrap.backend.filters.DefaultBackendAuditFilter
    uk.gov.hmrc.play.bootstrap.filters.DefaultLoggingFilter
    uk.gov.hmrc.play.bootstrap.filters.CacheControlFilter
    uk.gov.hmrc.play.bootstrap.backend.filters.session.DefaultBackendSessionLoggingFilter
] 
[info] ViewAndChangeConnectorISpec:
2026-03-09 14:28:20,031 level=[[34mINFO[0;39m] logger=[org.eclipse.jetty.server.Server] thread=[pool-1-thread-1] rid=[] user=[] message=[jetty-11.0.20; built: 2024-01-29T21:04:22.394Z; git: 922f8dc188f7011e60d0361de585fd4ac4d63064; jvm 11.0.19+7] 
2026-03-09 14:28:20,032 level=[[34mINFO[0;39m] logger=[org.eclipse.jetty.server.handler.ContextHandler] thread=[pool-1-thread-1] rid=[] user=[] message=[Started o.e.j.s.ServletContextHandler@38ce446f{/__admin,null,AVAILABLE}] 
2026-03-09 14:28:20,032 level=[[34mINFO[0;39m] logger=[org.eclipse.jetty.server.handler.ContextHandler.ROOT] thread=[pool-1-thread-1] rid=[] user=[] message=[RequestHandlerClass from context returned com.github.tomakehurst.wiremock.http.StubRequestHandler. Normalized mapped under returned 'null'] 
2026-03-09 14:28:20,032 level=[[34mINFO[0;39m] logger=[org.eclipse.jetty.server.handler.ContextHandler] thread=[pool-1-thread-1] rid=[] user=[] message=[Started o.e.j.s.ServletContextHandler@3572e88f{/,null,AVAILABLE}] 
2026-03-09 14:28:20,032 level=[[34mINFO[0;39m] logger=[org.eclipse.jetty.server.AbstractConnector] thread=[pool-1-thread-1] rid=[] user=[] message=[Started NetworkTrafficServerConnector@1ecc1167{HTTP/1.1, (http/1.1, h2c)}{0.0.0.0:11111}] 
2026-03-09 14:28:20,032 level=[[34mINFO[0;39m] logger=[org.eclipse.jetty.server.Server] thread=[pool-1-thread-1] rid=[] user=[] message=[Started Server@24632f3e{STARTING}[11.0.20,sto=1000] @2419ms] 
2026-03-09 14:28:20,041 level=[[34mINFO[0;39m] logger=[play.api.Play] thread=[pool-1-thread-1] rid=[] user=[] message=[Application started (Dev) (no global state)] 
[info] ViewAndChangeConnector
[info]   when .listOutStandingCharges() is called
[info]     when the response is a 200
2026-03-09 14:28:20,048 level=[[34mINFO[0;39m] logger=[org.eclipse.jetty.server.handler.ContextHandler.__admin] thread=[qtp2070593690-108] rid=[] user=[] message=[RequestHandlerClass from context returned com.github.tomakehurst.wiremock.http.AdminRequestHandler. Normalized mapped under returned 'null'] 
2026-03-09 14:28:20,051 level=[[31mWARN[0;39m] logger=[uk.gov.hmrc.play.audit.DefaultAuditConnector] thread=[application-pekko.actor.default-dispatcher-6] rid=[] user=[] message=[auditing disabled for AuditConnector class uk.gov.hmrc.play.audit.DefaultAuditConnector] 
2026-03-09 14:28:20,053 level=[[39mDEBUG[0;39m] logger=[connector] thread=[application-pekko.actor.default-dispatcher-6] rid=[] user=[] message=[:GET:501674821377750:501674.821s:-501674716637959:-501674716637959ns:e4dc:http://localhost:11111/income-tax/charges/outstanding/idType/idNumber/taxYearEndDate:ok] 
2026-03-09 14:28:20,053 level=[[39mDEBUG[0;39m] logger=[connector] thread=[application-pekko.actor.default-dispatcher-6] rid=[] user=[] message=[:GET:501674821377750:501674.821s:-501674716637959:-501674716637959ns:e4dc:http://localhost:11111/income-tax/charges/outstanding/idType/idNumber/taxYearEndDate:ok] 
2026-03-09 14:28:20,056 level=[[34mINFO[0;39m] logger=[connectors.httpParsers.OutStandingChargesHttpParser] thread=[application-pekko.actor.default-dispatcher-9] rid=[] user=[] message=[successfully parsed response to List[OutStandingCharge]] 
[info]     - should return the outstanding charges for a given idType, idNumber and taxYearEndDate
[info]     when the response is a 404
2026-03-09 14:28:20,065 level=[[39mDEBUG[0;39m] logger=[connector] thread=[application-pekko.actor.default-dispatcher-9] rid=[] user=[] message=[:GET:501674821377959:501674.821s:-501674705132876:-501674705132876ns:e4dc:http://localhost:11111/income-tax/charges/outstanding/idType/idNumber/taxYearEndDate:ok] 
2026-03-09 14:28:20,065 level=[[39mDEBUG[0;39m] logger=[connector] thread=[application-pekko.actor.default-dispatcher-9] rid=[] user=[] message=[:GET:501674821377959:501674.821s:-501674705132876:-501674705132876ns:e4dc:http://localhost:11111/income-tax/charges/outstanding/idType/idNumber/taxYearEndDate:ok] 
2026-03-09 14:28:20,066 level=[[34mINFO[0;39m] logger=[connectors.httpParsers.OutStandingChargesHttpParser] thread=[application-pekko.actor.default-dispatcher-5] rid=[] user=[] message=[404 returned from DES with body: {"code":"NO_DATA_FOUND","reason":"The remote endpoint has indicated that no data can be found."}] 
[info]     - should return an Error Response Model
[info]     when when the response is 500
2026-03-09 14:28:20,071 level=[[39mDEBUG[0;39m] logger=[connector] thread=[application-pekko.actor.default-dispatcher-6] rid=[] user=[] message=[:GET:501674821378000:501674.821s:-501674698870042:-501674698870042ns:e4dc:http://localhost:11111/income-tax/charges/outstanding/idType/idNumber/taxYearEndDate:ok] 
2026-03-09 14:28:20,071 level=[[39mDEBUG[0;39m] logger=[connector] thread=[application-pekko.actor.default-dispatcher-6] rid=[] user=[] message=[:GET:501674821378000:501674.821s:-501674698870042:-501674698870042ns:e4dc:http://localhost:11111/income-tax/charges/outstanding/idType/idNumber/taxYearEndDate:ok] 
2026-03-09 14:28:20,071 level=[[1;31mERROR[0;39m] logger=[connectors.httpParsers.OutStandingChargesHttpParser] thread=[application-pekko.actor.default-dispatcher-9] rid=[] user=[] message=[Unexpected Response with status: 500] 
[info]     - should return an Error Response Model
[info] ViewAndChangeConnector
[info]   when .getChargeDetails() is called
2026-03-09 14:28:20,092 level=[[39mDEBUG[0;39m] logger=[connector] thread=[application-pekko.actor.default-dispatcher-10] rid=[] user=[] message=[:GET:501674821377833:501674.821s:-501674678101375:-501674678101375ns:e4dc:http://localhost:11111/income-tax-view-change/BB123456A/financial-details/charges/from/from/to/to:ok] 
2026-03-09 14:28:20,092 level=[[39mDEBUG[0;39m] logger=[connector] thread=[application-pekko.actor.default-dispatcher-10] rid=[] user=[] message=[:GET:501674821377833:501674.821s:-501674678101375:-501674678101375ns:e4dc:http://localhost:11111/income-tax-view-change/BB123456A/financial-details/charges/from/from/to/to:ok] 
[info]   - should return Right(json) when ViewAndChange returns 200
2026-03-09 14:28:20,096 level=[[39mDEBUG[0;39m] logger=[connector] thread=[application-pekko.actor.default-dispatcher-12] rid=[] user=[] message=[:GET:501674821377958:501674.821s:-501674673893125:-501674673893125ns:e4dc:http://localhost:11111/income-tax-view-change/BB123456A/financial-details/charges/from/from/to/to:ok] 
2026-03-09 14:28:20,096 level=[[39mDEBUG[0;39m] logger=[connector] thread=[application-pekko.actor.default-dispatcher-12] rid=[] user=[] message=[:GET:501674821377958:501674.821s:-501674673893125:-501674673893125ns:e4dc:http://localhost:11111/income-tax-view-change/BB123456A/financial-details/charges/from/from/to/to:ok] 
2026-03-09 14:28:20,097 level=[[1;31mERROR[0;39m] logger=[connectors.httpParsers.ViewAndChangeHttpParser] thread=[application-pekko.actor.default-dispatcher-9] rid=[] user=[] message=[ViewAndChange returned 400 with body: bad request] 
[info]   - should return Left(UnexpectedChargeResponse) when ViewAndChange returns 400
2026-03-09 14:28:20,100 level=[[39mDEBUG[0;39m] logger=[connector] thread=[application-pekko.actor.default-dispatcher-12] rid=[] user=[] message=[:GET:501674821378000:501674.821s:-501674669915875:-501674669915875ns:e4dc:http://localhost:11111/income-tax-view-change/BB123456A/financial-details/charges/from/from/to/to:ok] 
2026-03-09 14:28:20,100 level=[[39mDEBUG[0;39m] logger=[connector] thread=[application-pekko.actor.default-dispatcher-12] rid=[] user=[] message=[:GET:501674821378000:501674.821s:-501674669915875:-501674669915875ns:e4dc:http://localhost:11111/income-tax-view-change/BB123456A/financial-details/charges/from/from/to/to:ok] 
2026-03-09 14:28:20,100 level=[[1;31mERROR[0;39m] logger=[connectors.httpParsers.ViewAndChangeHttpParser] thread=[application-pekko.actor.default-dispatcher-11] rid=[] user=[] message=[Unexpected response from ViewAndChange with status: 500 and body: error] 
[info]   - should return Left(UnexpectedChargeErrorResponse) when ViewAndChange returns 500
[info]   when .getChargeDetailsByDocumentId() is called
2026-03-09 14:28:20,104 level=[[39mDEBUG[0;39m] logger=[connector] thread=[application-pekko.actor.default-dispatcher-12] rid=[] user=[] message=[:GET:501674821378000:501674.821s:-501674666098459:-501674666098459ns:e4dc:http://localhost:11111/income-tax-view-change/BB123456A/financial-details/charges/documentId/123456789:ok] 
2026-03-09 14:28:20,104 level=[[39mDEBUG[0;39m] logger=[connector] thread=[application-pekko.actor.default-dispatcher-12] rid=[] user=[] message=[:GET:501674821378000:501674.821s:-501674666098459:-501674666098459ns:e4dc:http://localhost:11111/income-tax-view-change/BB123456A/financial-details/charges/documentId/123456789:ok] 
[info]   - should return Right(json) when ViewAndChange returns 200
2026-03-09 14:28:20,107 level=[[39mDEBUG[0;39m] logger=[connector] thread=[application-pekko.actor.default-dispatcher-11] rid=[] user=[] message=[:GET:501674821377959:501674.821s:-501674662828209:-501674662828209ns:e4dc:http://localhost:11111/income-tax-view-change/BB123456A/financial-details/charges/documentId/123456789:ok] 
2026-03-09 14:28:20,107 level=[[1;31mERROR[0;39m] logger=[connectors.httpParsers.ViewAndChangeHttpParser] thread=[application-pekko.actor.default-dispatcher-5] rid=[] user=[] message=[ViewAndChange returned 404 with body: {"code":"NO_DATA_FOUND","reason":"No data found"}] 
2026-03-09 14:28:20,107 level=[[39mDEBUG[0;39m] logger=[connector] thread=[application-pekko.actor.default-dispatcher-11] rid=[] user=[] message=[:GET:501674821377959:501674.821s:-501674662828209:-501674662828209ns:e4dc:http://localhost:11111/income-tax-view-change/BB123456A/financial-details/charges/documentId/123456789:ok] 
[info]   - should return Left(UnexpectedChargeResponse) when ViewAndChange returns 404
2026-03-09 14:28:20,110 level=[[39mDEBUG[0;39m] logger=[connector] thread=[application-pekko.actor.default-dispatcher-11] rid=[] user=[] message=[:GET:501674821377959:501674.821s:-501674660059043:-501674660059043ns:e4dc:http://localhost:11111/income-tax-view-change/BB123456A/financial-details/charges/documentId/123456789:ok] 
2026-03-09 14:28:20,110 level=[[1;31mERROR[0;39m] logger=[connectors.httpParsers.ViewAndChangeHttpParser] thread=[application-pekko.actor.default-dispatcher-6] rid=[] user=[] message=[Unexpected response from ViewAndChange with status: 500 and body: error] 
2026-03-09 14:28:20,110 level=[[39mDEBUG[0;39m] logger=[connector] thread=[application-pekko.actor.default-dispatcher-11] rid=[] user=[] message=[:GET:501674821377959:501674.821s:-501674660059043:-501674660059043ns:e4dc:http://localhost:11111/income-tax-view-change/BB123456A/financial-details/charges/documentId/123456789:ok] 
[info]   - should return Left(UnexpectedChargeErrorResponse) when ViewAndChange returns 500
[info]   when .getPayments() is called
2026-03-09 14:28:20,115 level=[[39mDEBUG[0;39m] logger=[connector] thread=[application-pekko.actor.default-dispatcher-6] rid=[] user=[] message=[:GET:501674821378000:501674.821s:-501674654624792:-501674654624792ns:e4dc:http://localhost:11111/income-tax-view-change/BB123456A/financial-details/payments/from/from/to/to:ok] 
2026-03-09 14:28:20,115 level=[[39mDEBUG[0;39m] logger=[connector] thread=[application-pekko.actor.default-dispatcher-6] rid=[] user=[] message=[:GET:501674821378000:501674.821s:-501674654624792:-501674654624792ns:e4dc:http://localhost:11111/income-tax-view-change/BB123456A/financial-details/payments/from/from/to/to:ok] 
[info]   - should return Right(json) when ViewAndChange returns 200
2026-03-09 14:28:20,119 level=[[1;31mERROR[0;39m] logger=[connectors.httpParsers.ViewAndChangeHttpParser] thread=[application-pekko.actor.default-dispatcher-6] rid=[] user=[] message=[ViewAndChange returned 400 with body: bad request] 
2026-03-09 14:28:20,119 level=[[39mDEBUG[0;39m] logger=[connector] thread=[application-pekko.actor.default-dispatcher-9] rid=[] user=[] message=[:GET:501674821378000:501674.821s:-501674651040875:-501674651040875ns:e4dc:http://localhost:11111/income-tax-view-change/BB123456A/financial-details/payments/from/from/to/to:ok] 
2026-03-09 14:28:20,119 level=[[39mDEBUG[0;39m] logger=[connector] thread=[application-pekko.actor.default-dispatcher-9] rid=[] user=[] message=[:GET:501674821378000:501674.821s:-501674651040875:-501674651040875ns:e4dc:http://localhost:11111/income-tax-view-change/BB123456A/financial-details/payments/from/from/to/to:ok] 
[info]   - should return Left(UnexpectedChargeResponse) when ViewAndChange returns 400
2026-03-09 14:28:20,121 level=[[1;31mERROR[0;39m] logger=[connectors.httpParsers.ViewAndChangeHttpParser] thread=[application-pekko.actor.default-dispatcher-9] rid=[] user=[] message=[Unexpected response from ViewAndChange with status: 500 and body: error] 
2026-03-09 14:28:20,121 level=[[39mDEBUG[0;39m] logger=[connector] thread=[application-pekko.actor.default-dispatcher-6] rid=[] user=[] message=[:GET:501674821377875:501674.821s:-501674648424375:-501674648424375ns:e4dc:http://localhost:11111/income-tax-view-change/BB123456A/financial-details/payments/from/from/to/to:ok] 
2026-03-09 14:28:20,121 level=[[39mDEBUG[0;39m] logger=[connector] thread=[application-pekko.actor.default-dispatcher-6] rid=[] user=[] message=[:GET:501674821377875:501674.821s:-501674648424375:-501674648424375ns:e4dc:http://localhost:11111/income-tax-view-change/BB123456A/financial-details/payments/from/from/to/to:ok] 
[info]   - should return Left(UnexpectedChargeErrorResponse) when ViewAndChange returns 500
[info]   when .getCredits() is called
2026-03-09 14:28:20,134 level=[[39mDEBUG[0;39m] logger=[connector] thread=[application-pekko.actor.default-dispatcher-9] rid=[] user=[] message=[:GET:501674821377958:501674.821s:-501674635978375:-501674635978375ns:e4dc:http://localhost:11111/income-tax-view-change/BB123456A/financial-details/credits/from/from/to/to:ok] 
2026-03-09 14:28:20,134 level=[[39mDEBUG[0;39m] logger=[connector] thread=[application-pekko.actor.default-dispatcher-9] rid=[] user=[] message=[:GET:501674821377958:501674.821s:-501674635978375:-501674635978375ns:e4dc:http://localhost:11111/income-tax-view-change/BB123456A/financial-details/credits/from/from/to/to:ok] 
[info]   - should return Right(json) when ViewAndChange returns 200
2026-03-09 14:28:20,139 level=[[39mDEBUG[0;39m] logger=[connector] thread=[application-pekko.actor.default-dispatcher-5] rid=[] user=[] message=[:GET:501674821377833:501674.821s:-501674631391250:-501674631391250ns:e4dc:http://localhost:11111/income-tax-view-change/BB123456A/financial-details/credits/from/from/to/to:ok] 
2026-03-09 14:28:20,139 level=[[1;31mERROR[0;39m] logger=[connectors.httpParsers.ViewAndChangeHttpParser] thread=[application-pekko.actor.default-dispatcher-12] rid=[] user=[] message=[ViewAndChange returned 400 with body: bad request] 
2026-03-09 14:28:20,139 level=[[39mDEBUG[0;39m] logger=[connector] thread=[application-pekko.actor.default-dispatcher-5] rid=[] user=[] message=[:GET:501674821377833:501674.821s:-501674631391250:-501674631391250ns:e4dc:http://localhost:11111/income-tax-view-change/BB123456A/financial-details/credits/from/from/to/to:ok] 
[info]   - should return Left(UnexpectedChargeResponse) when ViewAndChange returns 400
2026-03-09 14:28:20,143 level=[[39mDEBUG[0;39m] logger=[connector] thread=[application-pekko.actor.default-dispatcher-6] rid=[] user=[] message=[:GET:501674821378000:501674.821s:-501674626758584:-501674626758584ns:e4dc:http://localhost:11111/income-tax-view-change/BB123456A/financial-details/credits/from/from/to/to:ok] 
2026-03-09 14:28:20,143 level=[[1;31mERROR[0;39m] logger=[connectors.httpParsers.ViewAndChangeHttpParser] thread=[application-pekko.actor.default-dispatcher-5] rid=[] user=[] message=[Unexpected response from ViewAndChange with status: 500 and body: error] 
2026-03-09 14:28:20,143 level=[[39mDEBUG[0;39m] logger=[connector] thread=[application-pekko.actor.default-dispatcher-6] rid=[] user=[] message=[:GET:501674821378000:501674.821s:-501674626758584:-501674626758584ns:e4dc:http://localhost:11111/income-tax-view-change/BB123456A/financial-details/credits/from/from/to/to:ok] 
[info]   - should return Left(UnexpectedChargeErrorResponse) when ViewAndChange returns 500
[info]   when .getOnlyOpenItems() is called
2026-03-09 14:28:20,149 level=[[39mDEBUG[0;39m] logger=[connector] thread=[application-pekko.actor.default-dispatcher-6] rid=[] user=[] message=[:GET:501674821377959:501674.821s:-501674620698918:-501674620698918ns:e4dc:http://localhost:11111/income-tax-view-change/BB123456A/financial-details/only-open-items:ok] 
2026-03-09 14:28:20,149 level=[[39mDEBUG[0;39m] logger=[connector] thread=[application-pekko.actor.default-dispatcher-6] rid=[] user=[] message=[:GET:501674821377959:501674.821s:-501674620698918:-501674620698918ns:e4dc:http://localhost:11111/income-tax-view-change/BB123456A/financial-details/only-open-items:ok] 
[info]   - should return Right(json) when ViewAndChange returns 200
2026-03-09 14:28:20,155 level=[[39mDEBUG[0;39m] logger=[connector] thread=[application-pekko.actor.default-dispatcher-5] rid=[] user=[] message=[:GET:501674821377875:501674.821s:-501674615102292:-501674615102292ns:e4dc:http://localhost:11111/income-tax-view-change/BB123456A/financial-details/only-open-items:ok] 
2026-03-09 14:28:20,155 level=[[1;31mERROR[0;39m] logger=[connectors.httpParsers.ViewAndChangeHttpParser] thread=[application-pekko.actor.default-dispatcher-6] rid=[] user=[] message=[ViewAndChange returned 404 with body: {"code":"NO_DATA_FOUND","reason":"No data found"}] 
2026-03-09 14:28:20,155 level=[[39mDEBUG[0;39m] logger=[connector] thread=[application-pekko.actor.default-dispatcher-5] rid=[] user=[] message=[:GET:501674821377875:501674.821s:-501674615102292:-501674615102292ns:e4dc:http://localhost:11111/income-tax-view-change/BB123456A/financial-details/only-open-items:ok] 
[info]   - should return Left(UnexpectedChargeResponse) when ViewAndChange returns 404
2026-03-09 14:28:20,159 level=[[39mDEBUG[0;39m] logger=[connector] thread=[application-pekko.actor.default-dispatcher-13] rid=[] user=[] message=[:GET:501674821377875:501674.821s:-501674610924250:-501674610924250ns:e4dc:http://localhost:11111/income-tax-view-change/BB123456A/financial-details/only-open-items:ok] 
2026-03-09 14:28:20,159 level=[[1;31mERROR[0;39m] logger=[connectors.httpParsers.ViewAndChangeHttpParser] thread=[application-pekko.actor.default-dispatcher-5] rid=[] user=[] message=[Unexpected response from ViewAndChange with status: 500 and body: error] 
2026-03-09 14:28:20,159 level=[[39mDEBUG[0;39m] logger=[connector] thread=[application-pekko.actor.default-dispatcher-13] rid=[] user=[] message=[:GET:501674821377875:501674.821s:-501674610924250:-501674610924250ns:e4dc:http://localhost:11111/income-tax-view-change/BB123456A/financial-details/only-open-items:ok] 
[info]   - should return Left(UnexpectedChargeErrorResponse) when ViewAndChange returns 500
[info]   when .postClaimToAdjustPoa() is called
[info]     when the response is a 200 - OK
2026-03-09 14:28:20,167 level=[[39mDEBUG[0;39m] logger=[connector] thread=[application-pekko.actor.default-dispatcher-13] rid=[] user=[] message=[:POST:501674821377500:501674.821s:-501674602643917:-501674602643917ns:e4dc:http://localhost:11111/income-tax/calculations/POA/ClaimToAdjust:ok] 
2026-03-09 14:28:20,167 level=[[39mDEBUG[0;39m] logger=[connector] thread=[application-pekko.actor.default-dispatcher-13] rid=[] user=[] message=[:POST:501674821377500:501674.821s:-501674602643917:-501674602643917ns:e4dc:http://localhost:11111/income-tax/calculations/POA/ClaimToAdjust:ok] 
[info]     - should return a valid model when successfully retrieved
[info]     when the response cannot be parsed
2026-03-09 14:28:20,176 level=[[39mDEBUG[0;39m] logger=[connector] thread=[application-pekko.actor.default-dispatcher-13] rid=[] user=[] message=[:POST:501674821378000:501674.821s:-501674593932625:-501674593932625ns:e4dc:http://localhost:11111/income-tax/calculations/POA/ClaimToAdjust:ok] 
2026-03-09 14:28:20,176 level=[[39mDEBUG[0;39m] logger=[connector] thread=[application-pekko.actor.default-dispatcher-13] rid=[] user=[] message=[:POST:501674821378000:501674.821s:-501674593932625:-501674593932625ns:e4dc:http://localhost:11111/income-tax/calculations/POA/ClaimToAdjust:ok] 
2026-03-09 14:28:20,178 level=[[31mWARN[0;39m] logger=[application] thread=[application-pekko.actor.default-dispatcher-5] rid=[] user=[] message=[Invalid JSON in Claim To Adjust POA success response] 
[info]     - should return INTERNAL_SERVER_ERROR with ErrorResponse
[info]   when .getChargeHistory() is called
[info]     when the response is a 200 - OK
2026-03-09 14:28:20,187 level=[[39mDEBUG[0;39m] logger=[connector] thread=[application-pekko.actor.default-dispatcher-5] rid=[] user=[] message=[:GET:501674821377833:501674.821s:-501674582752458:-501674582752458ns:e4dc:http://localhost:11111/etmp/RESTAdapter/ITSA/TaxPayer/GetChargeHistory?idType=NINO&idValue=123&chargeReference=456:ok] 
2026-03-09 14:28:20,187 level=[[39mDEBUG[0;39m] logger=[connector] thread=[application-pekko.actor.default-dispatcher-5] rid=[] user=[] message=[:GET:501674821377833:501674.821s:-501674582752458:-501674582752458ns:e4dc:http://localhost:11111/etmp/RESTAdapter/ITSA/TaxPayer/GetChargeHistory?idType=NINO&idValue=123&chargeReference=456:ok] 
2026-03-09 14:28:20,189 level=[[34mINFO[0;39m] logger=[connectors.ViewAndChangeConnector] thread=[application-pekko.actor.default-dispatcher-13] rid=[] user=[] message=[Successfully parsed response to ChargeHistorySuccess model] 
[info]     - should return a valid model when successfully retrieved
[info]   when .getChargeHistory() is called
[info]     when the response is a 404 - NOT_FOUND
2026-03-09 14:28:20,194 level=[[39mDEBUG[0;39m] logger=[connector] thread=[application-pekko.actor.default-dispatcher-13] rid=[] user=[] message=[:GET:501674821377958:501674.821s:-501674576266375:-501674576266375ns:e4dc:http://localhost:11111/etmp/RESTAdapter/ITSA/TaxPayer/GetChargeHistory?idType=NINO&idValue=123&chargeReference=456:ok] 
2026-03-09 14:28:20,194 level=[[39mDEBUG[0;39m] logger=[connector] thread=[application-pekko.actor.default-dispatcher-13] rid=[] user=[] message=[:GET:501674821377958:501674.821s:-501674576266375:-501674576266375ns:e4dc:http://localhost:11111/etmp/RESTAdapter/ITSA/TaxPayer/GetChargeHistory?idType=NINO&idValue=123&chargeReference=456:ok] 
2026-03-09 14:28:20,194 level=[[31mWARN[0;39m] logger=[connectors.ViewAndChangeConnector] thread=[application-pekko.actor.default-dispatcher-6] rid=[] user=[] message=[ RESPONSE status: 404, body: {"message":"Charge history not found"}] 
[info]     - should return ChargeHistoryNotFound
[info]   when .getChargeHistory() is called
[info]     when the response is a 422 - UNPROCESSABLE_ENTITY
2026-03-09 14:28:20,200 level=[[39mDEBUG[0;39m] logger=[connector] thread=[application-pekko.actor.default-dispatcher-13] rid=[] user=[] message=[:GET:501674821377959:501674.821s:-501674569862084:-501674569862084ns:e4dc:http://localhost:11111/etmp/RESTAdapter/ITSA/TaxPayer/GetChargeHistory?idType=NINO&idValue=123&chargeReference=456:ok] 
2026-03-09 14:28:20,200 level=[[39mDEBUG[0;39m] logger=[connector] thread=[application-pekko.actor.default-dispatcher-13] rid=[] user=[] message=[:GET:501674821377959:501674.821s:-501674569862084:-501674569862084ns:e4dc:http://localhost:11111/etmp/RESTAdapter/ITSA/TaxPayer/GetChargeHistory?idType=NINO&idValue=123&chargeReference=456:ok] 
2026-03-09 14:28:20,204 level=[[1;31mERROR[0;39m] logger=[connectors.ViewAndChangeConnector] thread=[application-pekko.actor.default-dispatcher-11] rid=[] user=[] message=[Unable to parse response as Business Validation Error - List((/errors/text,List(JsonValidationError(List(error.path.missing),ArraySeq()))))] 
2026-03-09 14:28:20,204 level=[[1;31mERROR[0;39m] logger=[connectors.ViewAndChangeConnector] thread=[application-pekko.actor.default-dispatcher-11] rid=[] user=[] message=[422 returned from HiP with body: {"errors":{"code":"005","message":"Some not found error"}}] 
[info]     - should return ChargeHistoryError if the JSON cannot be parsed
2026-03-09 14:28:20,209 level=[[39mDEBUG[0;39m] logger=[connector] thread=[application-pekko.actor.default-dispatcher-11] rid=[] user=[] message=[:GET:501674821377958:501674.821s:-501674560633083:-501674560633083ns:e4dc:http://localhost:11111/etmp/RESTAdapter/ITSA/TaxPayer/GetChargeHistory?idType=NINO&idValue=123&chargeReference=456:ok] 
2026-03-09 14:28:20,209 level=[[39mDEBUG[0;39m] logger=[connector] thread=[application-pekko.actor.default-dispatcher-11] rid=[] user=[] message=[:GET:501674821377958:501674.821s:-501674560633083:-501674560633083ns:e4dc:http://localhost:11111/etmp/RESTAdapter/ITSA/TaxPayer/GetChargeHistory?idType=NINO&idValue=123&chargeReference=456:ok] 
2026-03-09 14:28:20,210 level=[[1;31mERROR[0;39m] logger=[connectors.ViewAndChangeConnector] thread=[application-pekko.actor.default-dispatcher-12] rid=[] user=[] message=[Unable to parse response as Business Validation Error - List((/errors/text,List(JsonValidationError(List(error.path.missing),ArraySeq()))))] 
2026-03-09 14:28:20,210 level=[[1;31mERROR[0;39m] logger=[connectors.ViewAndChangeConnector] thread=[application-pekko.actor.default-dispatcher-12] rid=[] user=[] message=[422 returned from HiP with body: {"errors":{"code":"005","message":"Some not found error"}}] 
[info]     - should return ChargeHistoryNotFound if the error code matches 005 or 014
2026-03-09 14:28:20,215 level=[[39mDEBUG[0;39m] logger=[connector] thread=[application-pekko.actor.default-dispatcher-11] rid=[] user=[] message=[:GET:501674821377750:501674.821s:-501674555050334:-501674555050334ns:e4dc:http://localhost:11111/etmp/RESTAdapter/ITSA/TaxPayer/GetChargeHistory?idType=NINO&idValue=123&chargeReference=456:ok] 
2026-03-09 14:28:20,215 level=[[39mDEBUG[0;39m] logger=[connector] thread=[application-pekko.actor.default-dispatcher-11] rid=[] user=[] message=[:GET:501674821377750:501674.821s:-501674555050334:-501674555050334ns:e4dc:http://localhost:11111/etmp/RESTAdapter/ITSA/TaxPayer/GetChargeHistory?idType=NINO&idValue=123&chargeReference=456:ok] 
2026-03-09 14:28:20,215 level=[[1;31mERROR[0;39m] logger=[connectors.ViewAndChangeConnector] thread=[application-pekko.actor.default-dispatcher-6] rid=[] user=[] message=[Unable to parse response as Business Validation Error - List((/errors/text,List(JsonValidationError(List(error.path.missing),ArraySeq()))))] 
2026-03-09 14:28:20,215 level=[[1;31mERROR[0;39m] logger=[connectors.ViewAndChangeConnector] thread=[application-pekko.actor.default-dispatcher-6] rid=[] user=[] message=[422 returned from HiP with body: {"errors":{"code":"999","message":"Other validation error"}}] 
[info]     - should return ChargeHistoryError if the JSON parses but code is not 005/014
[info] .getPaymentAllocations() is called
[info]   when return 200
2026-03-09 14:28:20,228 level=[[39mDEBUG[0;39m] logger=[connector] thread=[application-pekko.actor.default-dispatcher-11] rid=[-] user=[] message=[:POST:501675098596333:501675.098s:-501675096158541:-501675096158541ns:446b:http://localhost:11111/auth/authorise:ok] 
2026-03-09 14:28:20,228 level=[[39mDEBUG[0;39m] logger=[connector] thread=[application-pekko.actor.default-dispatcher-11] rid=[-] user=[] message=[:POST:501675098596333:501675.098s:-501675096158541:-501675096158541ns:446b:http://localhost:11111/auth/authorise:ok] 
2026-03-09 14:28:20,237 level=[[1;31mERROR[0;39m] logger=[WireMock] thread=[qtp2070593690-108] rid=[] user=[] message=[
                                               Request was not matched
                                               =======================

-----------------------------------------------------------------------------------------------------------------------
| Closest stub                                             | Request                                                  |
-----------------------------------------------------------------------------------------------------------------------
                                                           |
GET                                                        | GET
/BB123456A/payment-allocations/1234567890/1098765432       | /cross-regime/payment-allocation/NINO/BB123456A/ITSA?paym<<<<< URL does not match
                                                           | entLot=1234567890&paymentLotItem=1098765432
                                                           |
                                                           |
-----------------------------------------------------------------------------------------------------------------------
] 
2026-03-09 14:28:20,254 level=[[39mDEBUG[0;39m] logger=[connector] thread=[application-pekko.actor.default-dispatcher-9] rid=[-] user=[] message=[:GET:501675101269832:501675.101s:-501675075969790:-501675075969790ns:936:http://localhost:11111/cross-regime/payment-allocation/NINO/BB123456A/ITSA?paymentLot=1234567890&paymentLotItem=1098765432:ok] 
2026-03-09 14:28:20,254 level=[[34mINFO[0;39m] logger=[connectors.httpParsers.PaymentAllocationsHttpParser] thread=[application-pekko.actor.default-dispatcher-13] rid=[-] user=[] message=[no allocations found for payment] 
2026-03-09 14:28:20,254 level=[[39mDEBUG[0;39m] logger=[connector] thread=[application-pekko.actor.default-dispatcher-9] rid=[-] user=[] message=[:GET:501675101269832:501675.101s:-501675075969790:-501675075969790ns:936:http://localhost:11111/cross-regime/payment-allocation/NINO/BB123456A/ITSA?paymentLot=1234567890&paymentLotItem=1098765432:ok] 
2026-03-09 14:28:20,256 level=[[39mDEBUG[0;39m] logger=[connector] thread=[application-pekko.actor.default-dispatcher-12] rid=[-] user=[] message=[:GET:501675101269874:501675.101s:-501675073808999:-501675073808999ns:936:http://localhost:11111/BB123456A/payment-allocations/1234567890/1098765432:ok] 
2026-03-09 14:28:20,256 level=[[39mDEBUG[0;39m] logger=[connector] thread=[application-pekko.actor.default-dispatcher-12] rid=[-] user=[] message=[:GET:501675101269874:501675.101s:-501675073808999:-501675073808999ns:936:http://localhost:11111/BB123456A/payment-allocations/1234567890/1098765432:ok] 
2026-03-09 14:28:20,256 level=[[34mINFO[0;39m] logger=[connectors.httpParsers.PaymentAllocationsHttpParser] thread=[application-pekko.actor.default-dispatcher-9] rid=[-] user=[] message=[successfully parsed response to PaymentAllocations: PaymentDetails(List(PaymentAllocations(Some(1000),Some(Payment by Card),Some(reference),Some(2023-12-25),List(AllocationDetail(Some(1),Some(2023-04-06),Some(2024-04-05),Some(ITSA-POA 1),Some(SA Payment on Account 1),Some(500),Some(500),Some(charge-ref-1))))))] 
2026-03-09 14:28:20,257 level=[[34mINFO[0;39m] logger=[uk.gov.hmrc.play.bootstrap.filters.DefaultLoggingFilter] thread=[application-pekko.actor.default-dispatcher-5] rid=[-] user=[] message=[GET /income-tax-financial-details/BB123456A/payment-allocations/1234567890/1098765432 200 32ms] 
[info]   - when payment allocations are successfully retrieved
[info]     + Given the user is authorised 
[info]     + Given I wiremock stub an authorised user response 
[info]     + And the call to retrieve payment allocations is stubbed 
[info]     + When I call GET /income-tax-financial-details/BB123456A/payment-allocations/1234567890/1098765432 
[info]     + Then a successful response is returned with the payment allocations 
[info]     + Then the response status should be '200' 
[info]   when return 500
2026-03-09 14:28:20,265 level=[[39mDEBUG[0;39m] logger=[connector] thread=[application-pekko.actor.default-dispatcher-12] rid=[-] user=[] message=[:POST:501675135363250:501675.135s:-501675132991250:-501675132991250ns:32c:http://localhost:11111/auth/authorise:ok] 
2026-03-09 14:28:20,265 level=[[39mDEBUG[0;39m] logger=[connector] thread=[application-pekko.actor.default-dispatcher-12] rid=[-] user=[] message=[:POST:501675135363250:501675.135s:-501675132991250:-501675132991250ns:32c:http://localhost:11111/auth/authorise:ok] 
2026-03-09 14:28:20,268 level=[[1;31mERROR[0;39m] logger=[WireMock] thread=[qtp2070593690-107] rid=[] user=[] message=[
                                               Request was not matched
                                               =======================

-----------------------------------------------------------------------------------------------------------------------
| Closest stub                                             | Request                                                  |
-----------------------------------------------------------------------------------------------------------------------
                                                           |
GET                                                        | GET
/BB123456A/payment-allocations/1234567890/1098765432       | /cross-regime/payment-allocation/NINO/BB123456A/ITSA?paym<<<<< URL does not match
                                                           | entLot=1234567890&paymentLotItem=1098765432
                                                           |
                                                           |
-----------------------------------------------------------------------------------------------------------------------
] 
2026-03-09 14:28:20,269 level=[[34mINFO[0;39m] logger=[connectors.httpParsers.PaymentAllocationsHttpParser] thread=[application-pekko.actor.default-dispatcher-12] rid=[-] user=[] message=[no allocations found for payment] 
2026-03-09 14:28:20,269 level=[[39mDEBUG[0;39m] logger=[connector] thread=[application-pekko.actor.default-dispatcher-5] rid=[-] user=[] message=[:GET:501675137938624:501675.137s:-501675134048707:-501675134048707ns:db1f:http://localhost:11111/cross-regime/payment-allocation/NINO/BB123456A/ITSA?paymentLot=1234567890&paymentLotItem=1098765432:ok] 
2026-03-09 14:28:20,269 level=[[39mDEBUG[0;39m] logger=[connector] thread=[application-pekko.actor.default-dispatcher-5] rid=[-] user=[] message=[:GET:501675137938624:501675.137s:-501675134048707:-501675134048707ns:db1f:http://localhost:11111/cross-regime/payment-allocation/NINO/BB123456A/ITSA?paymentLot=1234567890&paymentLotItem=1098765432:ok] 
2026-03-09 14:28:20,270 level=[[39mDEBUG[0;39m] logger=[connector] thread=[application-pekko.actor.default-dispatcher-5] rid=[-] user=[] message=[:GET:501675137938625:501675.137s:-501675132618791:-501675132618791ns:db1f:http://localhost:11111/BB123456A/payment-allocations/1234567890/1098765432:ok] 
2026-03-09 14:28:20,270 level=[[1;31mERROR[0;39m] logger=[connectors.httpParsers.PaymentAllocationsHttpParser] thread=[application-pekko.actor.default-dispatcher-12] rid=[-] user=[] message=[Unexpected Response with status: 400] 
2026-03-09 14:28:20,270 level=[[39mDEBUG[0;39m] logger=[connector] thread=[application-pekko.actor.default-dispatcher-5] rid=[-] user=[] message=[:GET:501675137938625:501675.137s:-501675132618791:-501675132618791ns:db1f:http://localhost:11111/BB123456A/payment-allocations/1234567890/1098765432:ok] 
2026-03-09 14:28:20,271 level=[[34mINFO[0;39m] logger=[uk.gov.hmrc.play.bootstrap.filters.DefaultLoggingFilter] thread=[application-pekko.actor.default-dispatcher-13] rid=[-] user=[] message=[GET /income-tax-financial-details/BB123456A/payment-allocations/1234567890/1098765432 500 9ms] 
[info]   - when an unexpected status was returned when retrieving payment allocations
[info]     + Given the user is authorised 
[info]     + Given I wiremock stub an authorised user response 
[info]     + And the call to retrieve payment allocations is stubbed 
[info]     + When I call GET /income-tax-financial-details/BB123456A/payment-allocations/1234567890/1098765432 
2026-03-09 14:28:20,272 level=[[34mINFO[0;39m] logger=[play.api.internal.libs.concurrent.CoordinatedShutdownSupport] thread=[pool-1-thread-1] rid=[] user=[] message=[Starting synchronous coordinated shutdown with ServerStoppedReason reason and 2147513000 milliseconds timeout] 
[info]     + Then an internal server error response is returned 
[info]     + Then the response status should be '500' 
2026-03-09 14:28:20,272 level=[[34mINFO[0;39m] logger=[org.apache.pekko.actor.CoordinatedShutdown] thread=[application-pekko.actor.default-dispatcher-5] rid=[] user=[] message=[Running CoordinatedShutdown with reason [ServerStoppedReason]] 
2026-03-09 14:28:20,272 level=[[34mINFO[0;39m] logger=[play.core.server.PekkoHttpServer] thread=[application-pekko.actor.internal-dispatcher-3] rid=[] user=[] message=[Unbinding /0:0:0:0:0:0:0:0:63977] 
2026-03-09 14:28:20,272 level=[[34mINFO[0;39m] logger=[play.core.server.PekkoHttpServer] thread=[application-pekko.actor.internal-dispatcher-4] rid=[] user=[] message=[Terminating server binding for /0:0:0:0:0:0:0:0:63977] 
2026-03-09 14:28:20,276 level=[[34mINFO[0;39m] logger=[uk.gov.hmrc.mongo.play.PlayMongoComponent] thread=[application-pekko.actor.internal-dispatcher-4] rid=[] user=[] message=[MongoComponent stops, closing connections...] 
2026-03-09 14:28:20,278 level=[[34mINFO[0;39m] logger=[play.core.server.PekkoHttpServer] thread=[application-pekko.actor.internal-dispatcher-4] rid=[] user=[] message=[Running provided shutdown stop hooks] 
2026-03-09 14:28:20,283 level=[[34mINFO[0;39m] logger=[org.eclipse.jetty.server.Server] thread=[pool-1-thread-1] rid=[] user=[] message=[Stopped Server@24632f3e{STOPPING}[11.0.20,sto=1000]] 
2026-03-09 14:28:20,283 level=[[34mINFO[0;39m] logger=[org.eclipse.jetty.server.Server] thread=[pool-1-thread-1] rid=[] user=[] message=[Shutdown Server@24632f3e{STOPPING}[11.0.20,sto=1000]] 
2026-03-09 14:28:20,283 level=[[34mINFO[0;39m] logger=[org.eclipse.jetty.server.AbstractConnector] thread=[pool-1-thread-1] rid=[] user=[] message=[Stopped NetworkTrafficServerConnector@1ecc1167{HTTP/1.1, (http/1.1, h2c)}{0.0.0.0:11111}] 
2026-03-09 14:28:20,284 level=[[34mINFO[0;39m] logger=[org.eclipse.jetty.server.handler.ContextHandler] thread=[pool-1-thread-1] rid=[] user=[] message=[Stopped o.e.j.s.ServletContextHandler@3572e88f{/,null,STOPPED}] 
2026-03-09 14:28:20,284 level=[[34mINFO[0;39m] logger=[org.eclipse.jetty.server.handler.ContextHandler] thread=[pool-1-thread-1] rid=[] user=[] message=[Stopped o.e.j.s.ServletContextHandler@38ce446f{/__admin,null,STOPPED}] 
2026-03-09 14:28:20,285 level=[[34mINFO[0;39m] logger=[play.api.http.HttpErrorHandlerExceptions] thread=[pool-1-thread-1] rid=[] user=[] message=[Registering exception handler: guice-provision-exception-handler] 
2026-03-09 14:28:20,309 level=[[34mINFO[0;39m] logger=[org.apache.pekko.event.slf4j.Slf4jLogger] thread=[application-pekko.actor.default-dispatcher-5] rid=[] user=[] message=[Slf4jLogger started] 
2026-03-09 14:28:20,320 level=[[34mINFO[0;39m] logger=[uk.gov.hmrc.mongo.play.PlayMongoComponent] thread=[pool-1-thread-1] rid=[] user=[] message=[MongoComponent starting...] 
2026-03-09 14:28:20,320 level=[[34mINFO[0;39m] logger=[uk.gov.hmrc.mongo.play.PlayMongoComponent] thread=[pool-1-thread-1] rid=[] user=[] message=[MongoComponent: MongoConnector configuration being used - hosts: [localhost:27017], database: income-tax-financial-details, query: ] 
2026-03-09 14:28:20,322 level=[[34mINFO[0;39m] logger=[org.mongodb.driver.client] thread=[pool-1-thread-1] rid=[] user=[] message=[MongoClient with metadata {"driver": {"name": "mongo-java-driver|scala|reactive-streams", "version": "5.6.1"}, "os": {"type": "Darwin", "name": "Mac OS X", "architecture": "aarch64", "version": "15.0"}, "platform": "Java/Eclipse Adoptium/11.0.19+7|Scala/version 2.13.16"} created with settings MongoClientSettings{readPreference=primary, writeConcern=WriteConcern{w=null, wTimeout=null ms, journal=null}, retryWrites=true, retryReads=true, readConcern=ReadConcern{level=null}, credential=null, transportSettings=null, commandListeners=[], codecRegistry=ProvidersCodecRegistry{codecProviders=[ProvidersCodecRegistry{codecProviders=[DocumentCodecProvider(), IterableCodecProvider(org.bson.codecs.BsonTypeClassMap@309f9fda,None)]}, ProvidersCodecRegistry{codecProviders=[ValueCodecProvider{}, BsonValueCodecProvider{}, DBRefCodecProvider{}, DBObjectCodecProvider{}, DocumentCodecProvider{}, CollectionCodecProvider{}, IterableCodecProvider{}, MapCodecProvider{}, GeoJsonCodecProvider{}, GridFSFileCodecProvider{}, Jsr310CodecProvider{}, JsonObjectCodecProvider{}, BsonCodecProvider{}, com.mongodb.client.model.mql.ExpressionCodecProvider@1c770e15, com.mongodb.Jep395RecordCodecProvider@1fb4eba2, com.mongodb.KotlinCodecProvider@436d44a2, EnumCodecProvider{}]}]}, loggerSettings=LoggerSettings{maxDocumentLength=1000}, clusterSettings={hosts=[localhost:27017], srvServiceName=mongodb, mode=SINGLE, requiredClusterType=UNKNOWN, requiredReplicaSetName='null', serverSelector='null', clusterListeners='[]', serverSelectionTimeout='30000 ms', localThreshold='15 ms'}, socketSettings=SocketSettings{connectTimeoutMS=10000, readTimeoutMS=0, receiveBufferSize=0, proxySettings=ProxySettings{host=null, port=null, username=null, password=null}}, heartbeatSocketSettings=SocketSettings{connectTimeoutMS=10000, readTimeoutMS=10000, receiveBufferSize=0, proxySettings=ProxySettings{host=null, port=null, username=null, password=null}}, connectionPoolSettings=ConnectionPoolSettings{maxSize=100, minSize=0, maxWaitTimeMS=120000, maxConnectionLifeTimeMS=0, maxConnectionIdleTimeMS=0, maintenanceInitialDelayMS=0, maintenanceFrequencyMS=60000, connectionPoolListeners=[], maxConnecting=2}, serverSettings=ServerSettings{heartbeatFrequencyMS=10000, minHeartbeatFrequencyMS=500, serverMonitoringMode=AUTO, serverListeners='[]', serverMonitorListeners='[]'}, sslSettings=SslSettings{enabled=false, invalidHostNameAllowed=false, context=null}, applicationName='null', compressorList=[], uuidRepresentation=UNSPECIFIED, serverApi=null, autoEncryptionSettings=null, dnsClient=null, inetAddressResolver=null, contextProvider=null, timeoutMS=null}] 
2026-03-09 14:28:20,322 level=[[34mINFO[0;39m] logger=[org.mongodb.driver.cluster] thread=[pool-1-thread-1] rid=[] user=[] message=[Waiting for server to become available for operation listCollections with ID 13. Remaining time: 29999 ms. Selector: ReadPreferenceServerSelector{readPreference=primary}, topology description: {type=UNKNOWN, servers=[{address=localhost:27017, type=UNKNOWN, state=CONNECTING}].] 
2026-03-09 14:28:20,324 level=[[34mINFO[0;39m] logger=[org.mongodb.driver.cluster] thread=[cluster-ClusterId{value='69aed9043a64b4a15b0fef20', description='null'}-localhost:27017] rid=[] user=[] message=[Monitor thread successfully connected to server with description ServerDescription{address=localhost:27017, type=REPLICA_SET_PRIMARY, cryptd=false, state=CONNECTED, ok=true, minWireVersion=0, maxWireVersion=21, maxDocumentSize=16777216, logicalSessionTimeoutMinutes=30, roundTripTimeNanos=2262917, minRoundTripTimeNanos=0, setName='rs0', canonicalAddress=7b24e14131ef:27017, hosts=[7b24e14131ef:27017], passives=[], arbiters=[], primary='7b24e14131ef:27017', tagSet=TagSet{[]}, electionId=7fffffff0000000000000004, setVersion=1, topologyVersion=TopologyVersion{processId=699430dbfbe980c01cd84116, counter=6}, lastWriteDate=Mon Mar 09 14:28:17 GMT 2026, lastUpdateTimeNanos=501675196875833}] 
2026-03-09 14:28:20,327 level=[[34mINFO[0;39m] logger=[uk.gov.hmrc.mongo.play.PlayMongoComponent] thread=[application-pekko.actor.default-dispatcher-5] rid=[] user=[] message=[Existing collections:
  ] 
2026-03-09 14:28:20,327 level=[[34mINFO[0;39m] logger=[uk.gov.hmrc.play.bootstrap.graphite.DisabledGraphiteReporting] thread=[pool-1-thread-1] rid=[] user=[] message=[Graphite metrics disabled] 
2026-03-09 14:28:20,328 level=[[31mWARN[0;39m] logger=[uk.gov.hmrc.play.bootstrap.audit.DisabledDatastreamMetricsProvider] thread=[pool-1-thread-1] rid=[] user=[] message=[DatastreamMetrics have been disabled since metrics are disabled: ENABLE IN ALL TESTING + PRODUCTION ENVIRONMENTS] 
2026-03-09 14:28:20,332 level=[[34mINFO[0;39m] logger=[play.api.http.EnabledFilters] thread=[pool-1-thread-1] rid=[] user=[] message=[Enabled Filters (see <https://www.playframework.com/documentation/latest/Filters>):

    uk.gov.hmrc.play.bootstrap.metrics.DisabledMetricsFilter
    uk.gov.hmrc.play.bootstrap.backend.filters.BackendMdcFilter
    uk.gov.hmrc.play.bootstrap.backend.filters.DefaultBackendAuditFilter
    uk.gov.hmrc.play.bootstrap.filters.DefaultLoggingFilter
    uk.gov.hmrc.play.bootstrap.filters.CacheControlFilter
    uk.gov.hmrc.play.bootstrap.backend.filters.session.DefaultBackendSessionLoggingFilter
] 
[info] OutStandingChargesConnectorISpec:
2026-03-09 14:28:20,336 level=[[34mINFO[0;39m] logger=[org.eclipse.jetty.server.Server] thread=[pool-1-thread-1] rid=[] user=[] message=[jetty-11.0.20; built: 2024-01-29T21:04:22.394Z; git: 922f8dc188f7011e60d0361de585fd4ac4d63064; jvm 11.0.19+7] 
2026-03-09 14:28:20,337 level=[[34mINFO[0;39m] logger=[org.eclipse.jetty.server.handler.ContextHandler] thread=[pool-1-thread-1] rid=[] user=[] message=[Started o.e.j.s.ServletContextHandler@398fc21{/__admin,null,AVAILABLE}] 
2026-03-09 14:28:20,337 level=[[34mINFO[0;39m] logger=[org.eclipse.jetty.server.handler.ContextHandler.ROOT] thread=[pool-1-thread-1] rid=[] user=[] message=[RequestHandlerClass from context returned com.github.tomakehurst.wiremock.http.StubRequestHandler. Normalized mapped under returned 'null'] 
2026-03-09 14:28:20,337 level=[[34mINFO[0;39m] logger=[org.eclipse.jetty.server.handler.ContextHandler] thread=[pool-1-thread-1] rid=[] user=[] message=[Started o.e.j.s.ServletContextHandler@1a9715da{/,null,AVAILABLE}] 
2026-03-09 14:28:20,337 level=[[34mINFO[0;39m] logger=[org.eclipse.jetty.server.AbstractConnector] thread=[pool-1-thread-1] rid=[] user=[] message=[Started NetworkTrafficServerConnector@6bf2cfb3{HTTP/1.1, (http/1.1, h2c)}{0.0.0.0:11111}] 
2026-03-09 14:28:20,338 level=[[34mINFO[0;39m] logger=[org.eclipse.jetty.server.Server] thread=[pool-1-thread-1] rid=[] user=[] message=[Started Server@4ead216e{STARTING}[11.0.20,sto=1000] @2724ms] 
2026-03-09 14:28:20,356 level=[[34mINFO[0;39m] logger=[play.api.Play] thread=[pool-1-thread-1] rid=[] user=[] message=[Application started (Dev) (no global state)] 
[info] OutstandingChargesConnector
[info]   when .listOutStandingCharges() is called
[info]     when the response is a 200
2026-03-09 14:28:20,361 level=[[34mINFO[0;39m] logger=[org.eclipse.jetty.server.handler.ContextHandler.__admin] thread=[qtp766564775-163] rid=[] user=[] message=[RequestHandlerClass from context returned com.github.tomakehurst.wiremock.http.AdminRequestHandler. Normalized mapped under returned 'null'] 
2026-03-09 14:28:20,363 level=[[31mWARN[0;39m] logger=[uk.gov.hmrc.play.audit.DefaultAuditConnector] thread=[application-pekko.actor.default-dispatcher-6] rid=[] user=[] message=[auditing disabled for AuditConnector class uk.gov.hmrc.play.audit.DefaultAuditConnector] 
2026-03-09 14:28:20,365 level=[[39mDEBUG[0;39m] logger=[connector] thread=[application-pekko.actor.default-dispatcher-8] rid=[] user=[] message=[:GET:501675157386957:501675.157s:-501675076697790:-501675076697790ns:ceb7:http://localhost:11111/income-tax/charges/outstanding/idType/idNumber/taxYearEndDate:ok] 
2026-03-09 14:28:20,365 level=[[39mDEBUG[0;39m] logger=[connector] thread=[application-pekko.actor.default-dispatcher-8] rid=[] user=[] message=[:GET:501675157386957:501675.157s:-501675076697790:-501675076697790ns:ceb7:http://localhost:11111/income-tax/charges/outstanding/idType/idNumber/taxYearEndDate:ok] 
2026-03-09 14:28:20,365 level=[[34mINFO[0;39m] logger=[connectors.httpParsers.OutStandingChargesHttpParser] thread=[application-pekko.actor.default-dispatcher-9] rid=[] user=[] message=[successfully parsed response to List[OutStandingCharge]] 
[info]     - should return the outstanding charges for a given idType, idNumber and taxYearEndDate
[info]     when the response is a 404
2026-03-09 14:28:20,369 level=[[34mINFO[0;39m] logger=[connectors.httpParsers.OutStandingChargesHttpParser] thread=[application-pekko.actor.default-dispatcher-8] rid=[] user=[] message=[404 returned from DES with body: {"code":"NO_DATA_FOUND","reason":"The remote endpoint has indicated that no data can be found."}] 
2026-03-09 14:28:20,369 level=[[39mDEBUG[0;39m] logger=[connector] thread=[application-pekko.actor.default-dispatcher-11] rid=[] user=[] message=[:GET:501675157386916:501675.157s:-501675072877957:-501675072877957ns:ceb7:http://localhost:11111/income-tax/charges/outstanding/idType/idNumber/taxYearEndDate:ok] 
2026-03-09 14:28:20,369 level=[[39mDEBUG[0;39m] logger=[connector] thread=[application-pekko.actor.default-dispatcher-11] rid=[] user=[] message=[:GET:501675157386916:501675.157s:-501675072877957:-501675072877957ns:ceb7:http://localhost:11111/income-tax/charges/outstanding/idType/idNumber/taxYearEndDate:ok] 
[info]     - should return an Error Response Model
[info]     when when the response is 500
2026-03-09 14:28:20,373 level=[[39mDEBUG[0;39m] logger=[connector] thread=[application-pekko.actor.default-dispatcher-10] rid=[] user=[] message=[:GET:501675157387041:501675.157s:-501675069255332:-501675069255332ns:ceb7:http://localhost:11111/income-tax/charges/outstanding/idType/idNumber/taxYearEndDate:ok] 
2026-03-09 14:28:20,373 level=[[1;31mERROR[0;39m] logger=[connectors.httpParsers.OutStandingChargesHttpParser] thread=[application-pekko.actor.default-dispatcher-11] rid=[] user=[] message=[Unexpected Response with status: 500] 
2026-03-09 14:28:20,373 level=[[39mDEBUG[0;39m] logger=[connector] thread=[application-pekko.actor.default-dispatcher-10] rid=[] user=[] message=[:GET:501675157387041:501675.157s:-501675069255332:-501675069255332ns:ceb7:http://localhost:11111/income-tax/charges/outstanding/idType/idNumber/taxYearEndDate:ok] 
[info]     - should return an Error Response Model
2026-03-09 14:28:20,373 level=[[34mINFO[0;39m] logger=[play.api.internal.libs.concurrent.CoordinatedShutdownSupport] thread=[pool-1-thread-1] rid=[] user=[] message=[Starting synchronous coordinated shutdown with ServerStoppedReason reason and 2147513000 milliseconds timeout] 
2026-03-09 14:28:20,373 level=[[34mINFO[0;39m] logger=[org.apache.pekko.actor.CoordinatedShutdown] thread=[application-pekko.actor.default-dispatcher-10] rid=[] user=[] message=[Running CoordinatedShutdown with reason [ServerStoppedReason]] 
2026-03-09 14:28:20,373 level=[[34mINFO[0;39m] logger=[play.core.server.PekkoHttpServer] thread=[application-pekko.actor.internal-dispatcher-2] rid=[] user=[] message=[Unbinding /0:0:0:0:0:0:0:0:63984] 
2026-03-09 14:28:20,374 level=[[34mINFO[0;39m] logger=[play.core.server.PekkoHttpServer] thread=[application-pekko.actor.internal-dispatcher-3] rid=[] user=[] message=[Terminating server binding for /0:0:0:0:0:0:0:0:63984] 
2026-03-09 14:28:20,376 level=[[34mINFO[0;39m] logger=[uk.gov.hmrc.mongo.play.PlayMongoComponent] thread=[application-pekko.actor.internal-dispatcher-3] rid=[] user=[] message=[MongoComponent stops, closing connections...] 
2026-03-09 14:28:20,378 level=[[34mINFO[0;39m] logger=[play.core.server.PekkoHttpServer] thread=[application-pekko.actor.internal-dispatcher-4] rid=[] user=[] message=[Running provided shutdown stop hooks] 
2026-03-09 14:28:20,381 level=[[34mINFO[0;39m] logger=[org.eclipse.jetty.server.Server] thread=[pool-1-thread-1] rid=[] user=[] message=[Stopped Server@4ead216e{STOPPING}[11.0.20,sto=1000]] 
2026-03-09 14:28:20,381 level=[[34mINFO[0;39m] logger=[org.eclipse.jetty.server.Server] thread=[pool-1-thread-1] rid=[] user=[] message=[Shutdown Server@4ead216e{STOPPING}[11.0.20,sto=1000]] 
2026-03-09 14:28:20,382 level=[[34mINFO[0;39m] logger=[org.eclipse.jetty.server.AbstractConnector] thread=[pool-1-thread-1] rid=[] user=[] message=[Stopped NetworkTrafficServerConnector@6bf2cfb3{HTTP/1.1, (http/1.1, h2c)}{0.0.0.0:11111}] 
2026-03-09 14:28:20,382 level=[[34mINFO[0;39m] logger=[org.eclipse.jetty.server.handler.ContextHandler] thread=[pool-1-thread-1] rid=[] user=[] message=[Stopped o.e.j.s.ServletContextHandler@1a9715da{/,null,STOPPED}] 
2026-03-09 14:28:20,382 level=[[34mINFO[0;39m] logger=[org.eclipse.jetty.server.handler.ContextHandler] thread=[pool-1-thread-1] rid=[] user=[] message=[Stopped o.e.j.s.ServletContextHandler@398fc21{/__admin,null,STOPPED}] 
2026-03-09 14:28:20,384 level=[[34mINFO[0;39m] logger=[play.api.http.HttpErrorHandlerExceptions] thread=[pool-1-thread-1] rid=[] user=[] message=[Registering exception handler: guice-provision-exception-handler] 
2026-03-09 14:28:20,405 level=[[34mINFO[0;39m] logger=[org.apache.pekko.event.slf4j.Slf4jLogger] thread=[application-pekko.actor.default-dispatcher-6] rid=[] user=[] message=[Slf4jLogger started] 
2026-03-09 14:28:20,414 level=[[34mINFO[0;39m] logger=[uk.gov.hmrc.play.bootstrap.graphite.DisabledGraphiteReporting] thread=[pool-1-thread-1] rid=[] user=[] message=[Graphite metrics disabled] 
2026-03-09 14:28:20,414 level=[[34mINFO[0;39m] logger=[uk.gov.hmrc.mongo.play.PlayMongoComponent] thread=[pool-1-thread-1] rid=[] user=[] message=[MongoComponent starting...] 
2026-03-09 14:28:20,414 level=[[34mINFO[0;39m] logger=[uk.gov.hmrc.mongo.play.PlayMongoComponent] thread=[pool-1-thread-1] rid=[] user=[] message=[MongoComponent: MongoConnector configuration being used - hosts: [localhost:27017], database: income-tax-financial-details, query: ] 
2026-03-09 14:28:20,415 level=[[34mINFO[0;39m] logger=[org.mongodb.driver.client] thread=[pool-1-thread-1] rid=[] user=[] message=[MongoClient with metadata {"driver": {"name": "mongo-java-driver|scala|reactive-streams", "version": "5.6.1"}, "os": {"type": "Darwin", "name": "Mac OS X", "architecture": "aarch64", "version": "15.0"}, "platform": "Java/Eclipse Adoptium/11.0.19+7|Scala/version 2.13.16"} created with settings MongoClientSettings{readPreference=primary, writeConcern=WriteConcern{w=null, wTimeout=null ms, journal=null}, retryWrites=true, retryReads=true, readConcern=ReadConcern{level=null}, credential=null, transportSettings=null, commandListeners=[], codecRegistry=ProvidersCodecRegistry{codecProviders=[ProvidersCodecRegistry{codecProviders=[DocumentCodecProvider(), IterableCodecProvider(org.bson.codecs.BsonTypeClassMap@309f9fda,None)]}, ProvidersCodecRegistry{codecProviders=[ValueCodecProvider{}, BsonValueCodecProvider{}, DBRefCodecProvider{}, DBObjectCodecProvider{}, DocumentCodecProvider{}, CollectionCodecProvider{}, IterableCodecProvider{}, MapCodecProvider{}, GeoJsonCodecProvider{}, GridFSFileCodecProvider{}, Jsr310CodecProvider{}, JsonObjectCodecProvider{}, BsonCodecProvider{}, com.mongodb.client.model.mql.ExpressionCodecProvider@1c770e15, com.mongodb.Jep395RecordCodecProvider@1fb4eba2, com.mongodb.KotlinCodecProvider@436d44a2, EnumCodecProvider{}]}]}, loggerSettings=LoggerSettings{maxDocumentLength=1000}, clusterSettings={hosts=[localhost:27017], srvServiceName=mongodb, mode=SINGLE, requiredClusterType=UNKNOWN, requiredReplicaSetName='null', serverSelector='null', clusterListeners='[]', serverSelectionTimeout='30000 ms', localThreshold='15 ms'}, socketSettings=SocketSettings{connectTimeoutMS=10000, readTimeoutMS=0, receiveBufferSize=0, proxySettings=ProxySettings{host=null, port=null, username=null, password=null}}, heartbeatSocketSettings=SocketSettings{connectTimeoutMS=10000, readTimeoutMS=10000, receiveBufferSize=0, proxySettings=ProxySettings{host=null, port=null, username=null, password=null}}, connectionPoolSettings=ConnectionPoolSettings{maxSize=100, minSize=0, maxWaitTimeMS=120000, maxConnectionLifeTimeMS=0, maxConnectionIdleTimeMS=0, maintenanceInitialDelayMS=0, maintenanceFrequencyMS=60000, connectionPoolListeners=[], maxConnecting=2}, serverSettings=ServerSettings{heartbeatFrequencyMS=10000, minHeartbeatFrequencyMS=500, serverMonitoringMode=AUTO, serverListeners='[]', serverMonitorListeners='[]'}, sslSettings=SslSettings{enabled=false, invalidHostNameAllowed=false, context=null}, applicationName='null', compressorList=[], uuidRepresentation=UNSPECIFIED, serverApi=null, autoEncryptionSettings=null, dnsClient=null, inetAddressResolver=null, contextProvider=null, timeoutMS=null}] 
2026-03-09 14:28:20,415 level=[[34mINFO[0;39m] logger=[org.mongodb.driver.cluster] thread=[pool-1-thread-1] rid=[] user=[] message=[Waiting for server to become available for operation listCollections with ID 18. Remaining time: 29999 ms. Selector: ReadPreferenceServerSelector{readPreference=primary}, topology description: {type=UNKNOWN, servers=[{address=localhost:27017, type=UNKNOWN, state=CONNECTING}].] 
2026-03-09 14:28:20,417 level=[[34mINFO[0;39m] logger=[org.mongodb.driver.cluster] thread=[cluster-ClusterId{value='69aed9043a64b4a15b0fef21', description='null'}-localhost:27017] rid=[] user=[] message=[Monitor thread successfully connected to server with description ServerDescription{address=localhost:27017, type=REPLICA_SET_PRIMARY, cryptd=false, state=CONNECTED, ok=true, minWireVersion=0, maxWireVersion=21, maxDocumentSize=16777216, logicalSessionTimeoutMinutes=30, roundTripTimeNanos=2300834, minRoundTripTimeNanos=0, setName='rs0', canonicalAddress=7b24e14131ef:27017, hosts=[7b24e14131ef:27017], passives=[], arbiters=[], primary='7b24e14131ef:27017', tagSet=TagSet{[]}, electionId=7fffffff0000000000000004, setVersion=1, topologyVersion=TopologyVersion{processId=699430dbfbe980c01cd84116, counter=6}, lastWriteDate=Mon Mar 09 14:28:17 GMT 2026, lastUpdateTimeNanos=501675290209375}] 
2026-03-09 14:28:20,420 level=[[34mINFO[0;39m] logger=[uk.gov.hmrc.mongo.play.PlayMongoComponent] thread=[application-pekko.actor.default-dispatcher-6] rid=[] user=[] message=[Existing collections:
  ] 
2026-03-09 14:28:20,421 level=[[31mWARN[0;39m] logger=[uk.gov.hmrc.play.bootstrap.audit.DisabledDatastreamMetricsProvider] thread=[pool-1-thread-1] rid=[] user=[] message=[DatastreamMetrics have been disabled since metrics are disabled: ENABLE IN ALL TESTING + PRODUCTION ENVIRONMENTS] 
2026-03-09 14:28:20,425 level=[[34mINFO[0;39m] logger=[play.api.http.EnabledFilters] thread=[pool-1-thread-1] rid=[] user=[] message=[Enabled Filters (see <https://www.playframework.com/documentation/latest/Filters>):

    uk.gov.hmrc.play.bootstrap.metrics.DisabledMetricsFilter
    uk.gov.hmrc.play.bootstrap.backend.filters.BackendMdcFilter
    uk.gov.hmrc.play.bootstrap.backend.filters.DefaultBackendAuditFilter
    uk.gov.hmrc.play.bootstrap.filters.DefaultLoggingFilter
    uk.gov.hmrc.play.bootstrap.filters.CacheControlFilter
    uk.gov.hmrc.play.bootstrap.backend.filters.session.DefaultBackendSessionLoggingFilter
] 
[info] FinancialDetailsHipConnectorISpec:
2026-03-09 14:28:20,432 level=[[34mINFO[0;39m] logger=[org.eclipse.jetty.server.Server] thread=[pool-1-thread-1] rid=[] user=[] message=[jetty-11.0.20; built: 2024-01-29T21:04:22.394Z; git: 922f8dc188f7011e60d0361de585fd4ac4d63064; jvm 11.0.19+7] 
2026-03-09 14:28:20,433 level=[[34mINFO[0;39m] logger=[org.eclipse.jetty.server.handler.ContextHandler] thread=[pool-1-thread-1] rid=[] user=[] message=[Started o.e.j.s.ServletContextHandler@176bc5de{/__admin,null,AVAILABLE}] 
2026-03-09 14:28:20,433 level=[[34mINFO[0;39m] logger=[org.eclipse.jetty.server.handler.ContextHandler.ROOT] thread=[pool-1-thread-1] rid=[] user=[] message=[RequestHandlerClass from context returned com.github.tomakehurst.wiremock.http.StubRequestHandler. Normalized mapped under returned 'null'] 
2026-03-09 14:28:20,433 level=[[34mINFO[0;39m] logger=[org.eclipse.jetty.server.handler.ContextHandler] thread=[pool-1-thread-1] rid=[] user=[] message=[Started o.e.j.s.ServletContextHandler@3214dd5c{/,null,AVAILABLE}] 
2026-03-09 14:28:20,433 level=[[34mINFO[0;39m] logger=[org.eclipse.jetty.server.AbstractConnector] thread=[pool-1-thread-1] rid=[] user=[] message=[Started NetworkTrafficServerConnector@632de06b{HTTP/1.1, (http/1.1, h2c)}{0.0.0.0:11111}] 
2026-03-09 14:28:20,433 level=[[34mINFO[0;39m] logger=[org.eclipse.jetty.server.Server] thread=[pool-1-thread-1] rid=[] user=[] message=[Started Server@7d6baca6{STARTING}[11.0.20,sto=1000] @2820ms] 
2026-03-09 14:28:20,441 level=[[34mINFO[0;39m] logger=[play.api.Play] thread=[pool-1-thread-1] rid=[] user=[] message=[Application started (Dev) (no global state)] 
[info] FinancialDetailsConnector
[info]   when .getChargeDetails() is called
[info]     when the response is an Ok - 200
2026-03-09 14:28:20,446 level=[[34mINFO[0;39m] logger=[org.eclipse.jetty.server.handler.ContextHandler.__admin] thread=[qtp332201375-218] rid=[] user=[] message=[RequestHandlerClass from context returned com.github.tomakehurst.wiremock.http.AdminRequestHandler. Normalized mapped under returned 'null'] 
2026-03-09 14:28:20,448 level=[[34mINFO[0;39m] logger=[connectors.hip.FinancialDetailsHipConnector] thread=[pool-1-thread-1-ScalaTest-running-FinancialDetailsHipConnectorISpec] rid=[] user=[] message=[FinancialDetailsHipConnector::URL: http://localhost:11111/etmp/RESTAdapter/itsa/taxpayer/financial-details?calculateAccruedInterest=true&customerPaymentInformation=true&dateFrom=2018-12-12&dateTo=2019-12-12&idNumber=AA123456A&idType=NINO&includeLocks=true&includeStatistical=false&onlyOpenItems=false&regimeType=ITSA&removePaymentonAccount=false 

Headers: List((Authorization,Basic dGVzdENsaWVudElkQ29uZmlnOnRlc3RTZWNyZXRDb25maWc=), (correlationId,28191e8c-6c7d-4838-a8d7-3c620a1d0a8d), (X-Message-Type,ETMPGetFinancialDetails), (X-Originating-System,MDTP), (X-Receipt-Date,2026-03-09T14:28:20Z), (X-Transmitting-System,HIP))] 
2026-03-09 14:28:20,450 level=[[31mWARN[0;39m] logger=[uk.gov.hmrc.play.audit.DefaultAuditConnector] thread=[application-pekko.actor.default-dispatcher-7] rid=[] user=[] message=[auditing disabled for AuditConnector class uk.gov.hmrc.play.audit.DefaultAuditConnector] 
2026-03-09 14:28:20,452 level=[[39mDEBUG[0;39m] logger=[connector] thread=[application-pekko.actor.default-dispatcher-10] rid=[] user=[] message=[:GET:501675256278041:501675.256s:-501675187633541:-501675187633541ns:550b:http://localhost:11111/etmp/RESTAdapter/itsa/taxpayer/financial-details?calculateAccruedInterest=true&customerPaymentInformation=true&dateFrom=2018-12-12&dateTo=2019-12-12&idNumber=AA123456A&idType=NINO&includeLocks=true&includeStatistical=false&onlyOpenItems=false&regimeType=ITSA&removePaymentonAccount=false:ok] 
2026-03-09 14:28:20,452 level=[[39mDEBUG[0;39m] logger=[connector] thread=[application-pekko.actor.default-dispatcher-10] rid=[] user=[] message=[:GET:501675256278041:501675.256s:-501675187633541:-501675187633541ns:550b:http://localhost:11111/etmp/RESTAdapter/itsa/taxpayer/financial-details?calculateAccruedInterest=true&customerPaymentInformation=true&dateFrom=2018-12-12&dateTo=2019-12-12&idNumber=AA123456A&idType=NINO&includeLocks=true&includeStatistical=false&onlyOpenItems=false&regimeType=ITSA&removePaymentonAccount=false:ok] 
2026-03-09 14:28:20,453 level=[[34mINFO[0;39m] logger=[connectors.hip.httpParsers.ChargeHipHttpParser] thread=[application-pekko.actor.default-dispatcher-9] rid=[] user=[] message=[HipChargesResponse:::actual response {"success":{"taxpayerDetails":{"idType":"NINO","idNumber":"BB123456A","regimeType":"ITSA"},"balanceDetails":{"balanceDueWithin30days":100,"balanceNotDuein30Days":200,"overDueAmount":45,"totalBalance":300.17,"unallocatedCredit":400},"codingDetails":[{"taxYearReturn":"2018","totalLiabilityAmount":2015.13,"taxYearCoding":"2017","coded":{"amount":1500,"initiationDate":"2023-10-30"}}],"documentDetails":[{"taxYear":"2018","documentID":"id","documentDate":"2018-03-29","documentText":"documentText","documentDueDate":"2019-03-29","documentDescription":"documentDescription","totalAmount":1000.11,"documentOutstandingAmount":200,"poaRelevantAmount":1000,"paymentLotItem":"paymentLotItem","paymentLot":"paymentLot","effectiveDateOfPayment":"2018-03-29","interestRate":2.6,"interestFromDate":"2018-08-01","interestEndDate":"2019-01-15","latePaymentInterestID":"latePaymentInterestID","latePaymentInterestAmount":201,"lpiWithDunningBlock":12.5,"interestOutstandingAmount":31,"amountCodedOut":3.21,"accruingInterestAmount":12.34}],"financialDetailsItem":[{"taxYear":"2018","documentID":"transactionId","mainType":"4920","taxPeriodFrom":"2017-04-05","taxPeriodTo":"2018-04-06","chargeReference":"chargeRef","mainTransaction":"4920","originalAmount":500,"outstandingAmount":500,"clearedAmount":500,"accruedInterest":1000,"items":[{"subItem":"001","dueDate":"2025-07-10","amount":-300,"clearingDate":"2024-10-29","clearingReason":"Allocated to Charge","paymentReference":"100207948","paymentAmount":500,"paymentMethod":"PAYMENTS MADE BY CHEQUE","paymentLot":"24714","paymentLotItem":"000002","clearingSAPDocument":"003400044065","codedOutStatus":"S"}]}]}}] 
[info]     - should return a ChargesResponse when successful
2026-03-09 14:28:20,460 level=[[34mINFO[0;39m] logger=[connectors.hip.FinancialDetailsHipConnector] thread=[pool-1-thread-1-ScalaTest-running-FinancialDetailsHipConnectorISpec] rid=[] user=[] message=[FinancialDetailsHipConnector::URL: http://localhost:11111/etmp/RESTAdapter/itsa/taxpayer/financial-details?calculateAccruedInterest=true&customerPaymentInformation=true&dateFrom=2018-12-12&dateTo=2019-12-12&idNumber=AA123456A&idType=NINO&includeLocks=true&includeStatistical=false&onlyOpenItems=false&regimeType=ITSA&removePaymentonAccount=false 

Headers: List((Authorization,Basic dGVzdENsaWVudElkQ29uZmlnOnRlc3RTZWNyZXRDb25maWc=), (correlationId,110e216e-db22-485f-9bc0-39e8ee057b59), (X-Message-Type,ETMPGetFinancialDetails), (X-Originating-System,MDTP), (X-Receipt-Date,2026-03-09T14:28:20Z), (X-Transmitting-System,HIP))] 
2026-03-09 14:28:20,463 level=[[34mINFO[0;39m] logger=[connectors.hip.httpParsers.ChargeHipHttpParser] thread=[application-pekko.actor.default-dispatcher-9] rid=[] user=[] message=[HipChargesResponse:::actual response {"":""}] 
2026-03-09 14:28:20,463 level=[[39mDEBUG[0;39m] logger=[connector] thread=[application-pekko.actor.default-dispatcher-12] rid=[] user=[] message=[:GET:501675256278083:501675.256s:-501675176828708:-501675176828708ns:550b:http://localhost:11111/etmp/RESTAdapter/itsa/taxpayer/financial-details?calculateAccruedInterest=true&customerPaymentInformation=true&dateFrom=2018-12-12&dateTo=2019-12-12&idNumber=AA123456A&idType=NINO&includeLocks=true&includeStatistical=false&onlyOpenItems=false&regimeType=ITSA&removePaymentonAccount=false:ok] 
2026-03-09 14:28:20,463 level=[[39mDEBUG[0;39m] logger=[connector] thread=[application-pekko.actor.default-dispatcher-12] rid=[] user=[] message=[:GET:501675256278083:501675.256s:-501675176828708:-501675176828708ns:550b:http://localhost:11111/etmp/RESTAdapter/itsa/taxpayer/financial-details?calculateAccruedInterest=true&customerPaymentInformation=true&dateFrom=2018-12-12&dateTo=2019-12-12&idNumber=AA123456A&idType=NINO&includeLocks=true&includeStatistical=false&onlyOpenItems=false&regimeType=ITSA&removePaymentonAccount=false:ok] 
2026-03-09 14:28:20,464 level=[[1;31mERROR[0;39m] logger=[connectors.hip.httpParsers.ChargeHipHttpParser] thread=[application-pekko.actor.default-dispatcher-9] rid=[] user=[] message=[Unable to parse response into HipChargesResponse - List((/success/taxpayerDetails,List(JsonValidationError(List(error.path.missing),ArraySeq()))), (/success/balanceDetails,List(JsonValidationError(List(error.path.missing),ArraySeq()))))] 
2026-03-09 14:28:20,464 level=[[1;31mERROR[0;39m] logger=[connectors.hip.FinancialDetailsHipConnector] thread=[application-pekko.actor.default-dispatcher-9] rid=[] user=[] message=[Response: UnexpectedChargeErrorResponse] 
[info]     - should return an UnexpectedChargeErrorResponse when unable to parse the data into a ChargesResponse
[info]     when the response is a 404 - NotFound when no data can be found
2026-03-09 14:28:20,466 level=[[34mINFO[0;39m] logger=[connectors.hip.FinancialDetailsHipConnector] thread=[pool-1-thread-1-ScalaTest-running-FinancialDetailsHipConnectorISpec] rid=[] user=[] message=[FinancialDetailsHipConnector::URL: http://localhost:11111/etmp/RESTAdapter/itsa/taxpayer/financial-details?calculateAccruedInterest=true&customerPaymentInformation=true&dateFrom=2018-12-12&dateTo=2019-12-12&idNumber=AA123456A&idType=NINO&includeLocks=true&includeStatistical=false&onlyOpenItems=false&regimeType=ITSA&removePaymentonAccount=false 

Headers: List((Authorization,Basic dGVzdENsaWVudElkQ29uZmlnOnRlc3RTZWNyZXRDb25maWc=), (correlationId,6696379f-74bf-483d-b4b1-3f8598e7a3cb), (X-Message-Type,ETMPGetFinancialDetails), (X-Originating-System,MDTP), (X-Receipt-Date,2026-03-09T14:28:20Z), (X-Transmitting-System,HIP))] 
2026-03-09 14:28:20,469 level=[[39mDEBUG[0;39m] logger=[connector] thread=[application-pekko.actor.default-dispatcher-6] rid=[] user=[] message=[:GET:501675256278208:501675.256s:-501675170788375:-501675170788375ns:550b:http://localhost:11111/etmp/RESTAdapter/itsa/taxpayer/financial-details?calculateAccruedInterest=true&customerPaymentInformation=true&dateFrom=2018-12-12&dateTo=2019-12-12&idNumber=AA123456A&idType=NINO&includeLocks=true&includeStatistical=false&onlyOpenItems=false&regimeType=ITSA&removePaymentonAccount=false:ok] 
2026-03-09 14:28:20,469 level=[[39mDEBUG[0;39m] logger=[connector] thread=[application-pekko.actor.default-dispatcher-6] rid=[] user=[] message=[:GET:501675256278208:501675.256s:-501675170788375:-501675170788375ns:550b:http://localhost:11111/etmp/RESTAdapter/itsa/taxpayer/financial-details?calculateAccruedInterest=true&customerPaymentInformation=true&dateFrom=2018-12-12&dateTo=2019-12-12&idNumber=AA123456A&idType=NINO&includeLocks=true&includeStatistical=false&onlyOpenItems=false&regimeType=ITSA&removePaymentonAccount=false:ok] 
2026-03-09 14:28:20,469 level=[[1;31mERROR[0;39m] logger=[connectors.hip.httpParsers.ChargeHipHttpParser] thread=[application-pekko.actor.default-dispatcher-9] rid=[] user=[] message=[404 returned from HiP with body: {"code":"NO_DATA_FOUND","reason":"The remote endpoint has indicated that no data can be found."}] 
2026-03-09 14:28:20,469 level=[[1;31mERROR[0;39m] logger=[connectors.hip.FinancialDetailsHipConnector] thread=[application-pekko.actor.default-dispatcher-6] rid=[] user=[] message=[Response: UnexpectedChargeResponse(404,{"code":"NO_DATA_FOUND","reason":"The remote endpoint has indicated that no data can be found."})] 
[info]     - should return an UnexpectedChargeResponse error response when no data is found
[info]     when return a 500 - InternalServerError when there has been an issue retrieving the data
2026-03-09 14:28:20,471 level=[[34mINFO[0;39m] logger=[connectors.hip.FinancialDetailsHipConnector] thread=[pool-1-thread-1-ScalaTest-running-FinancialDetailsHipConnectorISpec] rid=[] user=[] message=[FinancialDetailsHipConnector::URL: http://localhost:11111/etmp/RESTAdapter/itsa/taxpayer/financial-details?calculateAccruedInterest=true&customerPaymentInformation=true&dateFrom=2018-12-12&dateTo=2019-12-12&idNumber=AA123456A&idType=NINO&includeLocks=true&includeStatistical=false&onlyOpenItems=false&regimeType=ITSA&removePaymentonAccount=false 

Headers: List((Authorization,Basic dGVzdENsaWVudElkQ29uZmlnOnRlc3RTZWNyZXRDb25maWc=), (correlationId,d26bfe54-f766-47c0-9fcd-c019080776e2), (X-Message-Type,ETMPGetFinancialDetails), (X-Originating-System,MDTP), (X-Receipt-Date,2026-03-09T14:28:20Z), (X-Transmitting-System,HIP))] 
2026-03-09 14:28:20,474 level=[[39mDEBUG[0;39m] logger=[connector] thread=[application-pekko.actor.default-dispatcher-6] rid=[] user=[] message=[:GET:501675256278167:501675.256s:-501675165944626:-501675165944626ns:550b:http://localhost:11111/etmp/RESTAdapter/itsa/taxpayer/financial-details?calculateAccruedInterest=true&customerPaymentInformation=true&dateFrom=2018-12-12&dateTo=2019-12-12&idNumber=AA123456A&idType=NINO&includeLocks=true&includeStatistical=false&onlyOpenItems=false&regimeType=ITSA&removePaymentonAccount=false:ok] 
2026-03-09 14:28:20,474 level=[[39mDEBUG[0;39m] logger=[connector] thread=[application-pekko.actor.default-dispatcher-6] rid=[] user=[] message=[:GET:501675256278167:501675.256s:-501675165944626:-501675165944626ns:550b:http://localhost:11111/etmp/RESTAdapter/itsa/taxpayer/financial-details?calculateAccruedInterest=true&customerPaymentInformation=true&dateFrom=2018-12-12&dateTo=2019-12-12&idNumber=AA123456A&idType=NINO&includeLocks=true&includeStatistical=false&onlyOpenItems=false&regimeType=ITSA&removePaymentonAccount=false:ok] 
2026-03-09 14:28:20,474 level=[[34mINFO[0;39m] logger=[connectors.hip.httpParsers.ChargeHipHttpParser] thread=[application-pekko.actor.default-dispatcher-11] rid=[] user=[] message=[Unexpected Response from Hip with status: 500] 
2026-03-09 14:28:20,474 level=[[1;31mERROR[0;39m] logger=[connectors.hip.FinancialDetailsHipConnector] thread=[application-pekko.actor.default-dispatcher-6] rid=[] user=[] message=[Response: UnexpectedChargeErrorResponse] 
[info]     - should return an UnexpectedChargeResponse when there's been an unexpected error
[info]   when .getPaymentAllocation() is called
[info]     when the response is a 200 - OK
2026-03-09 14:28:20,476 level=[[34mINFO[0;39m] logger=[connectors.hip.FinancialDetailsHipConnector] thread=[pool-1-thread-1-ScalaTest-running-FinancialDetailsHipConnectorISpec] rid=[] user=[] message=[FinancialDetailsHipConnector::URL: http://localhost:11111/etmp/RESTAdapter/itsa/taxpayer/financial-details?calculateAccruedInterest=true&customerPaymentInformation=true&idNumber=AA123456A&idType=NINO&includeLocks=true&includeStatistical=false&onlyOpenItems=false&regimeType=ITSA&removePaymentonAccount=false&sapDocumentNumber=123456789 

Headers: List((Authorization,Basic dGVzdENsaWVudElkQ29uZmlnOnRlc3RTZWNyZXRDb25maWc=), (correlationId,cf4d4f2e-22ad-449b-8e34-ef6a6a1de1b5), (X-Message-Type,ETMPGetFinancialDetails), (X-Originating-System,MDTP), (X-Receipt-Date,2026-03-09T14:28:20Z), (X-Transmitting-System,HIP))] 
2026-03-09 14:28:20,478 level=[[34mINFO[0;39m] logger=[connectors.hip.httpParsers.ChargeHipHttpParser] thread=[application-pekko.actor.default-dispatcher-7] rid=[] user=[] message=[HipChargesResponse:::actual response {"success":{"taxpayerDetails":{"idType":"NINO","idNumber":"BB123456A","regimeType":"ITSA"},"balanceDetails":{"balanceDueWithin30days":100,"balanceNotDuein30Days":200,"overDueAmount":45,"totalBalance":300.17,"unallocatedCredit":400},"codingDetails":[{"taxYearReturn":"2018","totalLiabilityAmount":2015.13,"taxYearCoding":"2017","coded":{"amount":1500,"initiationDate":"2023-10-30"}}],"documentDetails":[{"taxYear":"2018","documentID":"id","documentDate":"2018-03-29","documentText":"documentText","documentDueDate":"2019-03-29","documentDescription":"documentDescription","totalAmount":1000.11,"documentOutstandingAmount":200,"poaRelevantAmount":1000,"paymentLotItem":"paymentLotItem","paymentLot":"paymentLot","effectiveDateOfPayment":"2018-03-29","interestRate":2.6,"interestFromDate":"2018-08-01","interestEndDate":"2019-01-15","latePaymentInterestID":"latePaymentInterestID","latePaymentInterestAmount":201,"lpiWithDunningBlock":12.5,"interestOutstandingAmount":31,"amountCodedOut":3.21,"accruingInterestAmount":12.34}],"financialDetailsItem":[{"taxYear":"2018","documentID":"transactionId","mainType":"4920","taxPeriodFrom":"2017-04-05","taxPeriodTo":"2018-04-06","chargeReference":"chargeRef","mainTransaction":"4920","originalAmount":500,"outstandingAmount":500,"clearedAmount":500,"accruedInterest":1000,"items":[{"subItem":"001","dueDate":"2025-07-10","amount":-300,"clearingDate":"2024-10-29","clearingReason":"Allocated to Charge","paymentReference":"100207948","paymentAmount":500,"paymentMethod":"PAYMENTS MADE BY CHEQUE","paymentLot":"24714","paymentLotItem":"000002","clearingSAPDocument":"003400044065","codedOutStatus":"S"}]}]}}] 
2026-03-09 14:28:20,478 level=[[39mDEBUG[0;39m] logger=[connector] thread=[application-pekko.actor.default-dispatcher-11] rid=[] user=[] message=[:GET:501675256278166:501675.256s:-501675161281125:-501675161281125ns:550b:http://localhost:11111/etmp/RESTAdapter/itsa/taxpayer/financial-details?calculateAccruedInterest=true&customerPaymentInformation=true&idNumber=AA123456A&idType=NINO&includeLocks=true&includeStatistical=false&onlyOpenItems=false&regimeType=ITSA&removePaymentonAccount=false&sapDocumentNumber=123456789:ok] 
2026-03-09 14:28:20,478 level=[[39mDEBUG[0;39m] logger=[connector] thread=[application-pekko.actor.default-dispatcher-11] rid=[] user=[] message=[:GET:501675256278166:501675.256s:-501675161281125:-501675161281125ns:550b:http://localhost:11111/etmp/RESTAdapter/itsa/taxpayer/financial-details?calculateAccruedInterest=true&customerPaymentInformation=true&idNumber=AA123456A&idType=NINO&includeLocks=true&includeStatistical=false&onlyOpenItems=false&regimeType=ITSA&removePaymentonAccount=false&sapDocumentNumber=123456789:ok] 
[info]     - should return a ChargeResponse when successful
2026-03-09 14:28:20,482 level=[[34mINFO[0;39m] logger=[connectors.hip.FinancialDetailsHipConnector] thread=[pool-1-thread-1-ScalaTest-running-FinancialDetailsHipConnectorISpec] rid=[] user=[] message=[FinancialDetailsHipConnector::URL: http://localhost:11111/etmp/RESTAdapter/itsa/taxpayer/financial-details?calculateAccruedInterest=true&customerPaymentInformation=true&idNumber=AA123456A&idType=NINO&includeLocks=true&includeStatistical=false&onlyOpenItems=false&regimeType=ITSA&removePaymentonAccount=false&sapDocumentNumber=123456789 

Headers: List((Authorization,Basic dGVzdENsaWVudElkQ29uZmlnOnRlc3RTZWNyZXRDb25maWc=), (correlationId,547f717b-696f-4395-8fe9-7552769bcc09), (X-Message-Type,ETMPGetFinancialDetails), (X-Originating-System,MDTP), (X-Receipt-Date,2026-03-09T14:28:20Z), (X-Transmitting-System,HIP))] 
2026-03-09 14:28:20,484 level=[[39mDEBUG[0;39m] logger=[connector] thread=[application-pekko.actor.default-dispatcher-7] rid=[] user=[] message=[:GET:501675256278166:501675.256s:-501675155754708:-501675155754708ns:550b:http://localhost:11111/etmp/RESTAdapter/itsa/taxpayer/financial-details?calculateAccruedInterest=true&customerPaymentInformation=true&idNumber=AA123456A&idType=NINO&includeLocks=true&includeStatistical=false&onlyOpenItems=false&regimeType=ITSA&removePaymentonAccount=false&sapDocumentNumber=123456789:ok] 
2026-03-09 14:28:20,484 level=[[34mINFO[0;39m] logger=[connectors.hip.httpParsers.ChargeHipHttpParser] thread=[application-pekko.actor.default-dispatcher-11] rid=[] user=[] message=[HipChargesResponse:::actual response {"":""}] 
2026-03-09 14:28:20,484 level=[[39mDEBUG[0;39m] logger=[connector] thread=[application-pekko.actor.default-dispatcher-7] rid=[] user=[] message=[:GET:501675256278166:501675.256s:-501675155754708:-501675155754708ns:550b:http://localhost:11111/etmp/RESTAdapter/itsa/taxpayer/financial-details?calculateAccruedInterest=true&customerPaymentInformation=true&idNumber=AA123456A&idType=NINO&includeLocks=true&includeStatistical=false&onlyOpenItems=false&regimeType=ITSA&removePaymentonAccount=false&sapDocumentNumber=123456789:ok] 
2026-03-09 14:28:20,484 level=[[1;31mERROR[0;39m] logger=[connectors.hip.httpParsers.ChargeHipHttpParser] thread=[application-pekko.actor.default-dispatcher-11] rid=[] user=[] message=[Unable to parse response into HipChargesResponse - List((/success/taxpayerDetails,List(JsonValidationError(List(error.path.missing),ArraySeq()))), (/success/balanceDetails,List(JsonValidationError(List(error.path.missing),ArraySeq()))))] 
2026-03-09 14:28:20,484 level=[[1;31mERROR[0;39m] logger=[connectors.hip.FinancialDetailsHipConnector] thread=[application-pekko.actor.default-dispatcher-11] rid=[] user=[] message=[Response: UnexpectedChargeErrorResponse] 
[info]     - should return an UnexpectedChargeErrorResponse when unable to parse the date into a ChargesResponse
[info]     when the response is a 404 - NotFound
2026-03-09 14:28:20,486 level=[[34mINFO[0;39m] logger=[connectors.hip.FinancialDetailsHipConnector] thread=[pool-1-thread-1-ScalaTest-running-FinancialDetailsHipConnectorISpec] rid=[] user=[] message=[FinancialDetailsHipConnector::URL: http://localhost:11111/etmp/RESTAdapter/itsa/taxpayer/financial-details?calculateAccruedInterest=true&customerPaymentInformation=true&idNumber=AA123456A&idType=NINO&includeLocks=true&includeStatistical=false&onlyOpenItems=false&regimeType=ITSA&removePaymentonAccount=false&sapDocumentNumber=123456789 

Headers: List((Authorization,Basic dGVzdENsaWVudElkQ29uZmlnOnRlc3RTZWNyZXRDb25maWc=), (correlationId,76526831-5c5d-49d7-b080-5147a6ef7d0a), (X-Message-Type,ETMPGetFinancialDetails), (X-Originating-System,MDTP), (X-Receipt-Date,2026-03-09T14:28:20Z), (X-Transmitting-System,HIP))] 
2026-03-09 14:28:20,489 level=[[1;31mERROR[0;39m] logger=[connectors.hip.httpParsers.ChargeHipHttpParser] thread=[application-pekko.actor.default-dispatcher-11] rid=[] user=[] message=[404 returned from HiP with body: {"code":"NO_DATA_FOUND","reason":"The remote endpoint has indicated that no data can be found."}] 
2026-03-09 14:28:20,489 level=[[1;31mERROR[0;39m] logger=[connectors.hip.FinancialDetailsHipConnector] thread=[application-pekko.actor.default-dispatcher-6] rid=[] user=[] message=[Response: UnexpectedChargeResponse(404,{"code":"NO_DATA_FOUND","reason":"The remote endpoint has indicated that no data can be found."})] 
2026-03-09 14:28:20,489 level=[[39mDEBUG[0;39m] logger=[connector] thread=[application-pekko.actor.default-dispatcher-12] rid=[] user=[] message=[:GET:501675256278167:501675.256s:-501675150923126:-501675150923126ns:550b:http://localhost:11111/etmp/RESTAdapter/itsa/taxpayer/financial-details?calculateAccruedInterest=true&customerPaymentInformation=true&idNumber=AA123456A&idType=NINO&includeLocks=true&includeStatistical=false&onlyOpenItems=false&regimeType=ITSA&removePaymentonAccount=false&sapDocumentNumber=123456789:ok] 
2026-03-09 14:28:20,489 level=[[39mDEBUG[0;39m] logger=[connector] thread=[application-pekko.actor.default-dispatcher-12] rid=[] user=[] message=[:GET:501675256278167:501675.256s:-501675150923126:-501675150923126ns:550b:http://localhost:11111/etmp/RESTAdapter/itsa/taxpayer/financial-details?calculateAccruedInterest=true&customerPaymentInformation=true&idNumber=AA123456A&idType=NINO&includeLocks=true&includeStatistical=false&onlyOpenItems=false&regimeType=ITSA&removePaymentonAccount=false&sapDocumentNumber=123456789:ok] 
[info]     - should return an UnexpectedChargeResponse error response when no data is found
[info]     when the response is a 500 - InternalServerError when there has been an issue retrieving the data
2026-03-09 14:28:20,490 level=[[34mINFO[0;39m] logger=[connectors.hip.FinancialDetailsHipConnector] thread=[pool-1-thread-1-ScalaTest-running-FinancialDetailsHipConnectorISpec] rid=[] user=[] message=[FinancialDetailsHipConnector::URL: http://localhost:11111/etmp/RESTAdapter/itsa/taxpayer/financial-details?calculateAccruedInterest=true&customerPaymentInformation=true&idNumber=AA123456A&idType=NINO&includeLocks=true&includeStatistical=false&onlyOpenItems=false&regimeType=ITSA&removePaymentonAccount=false&sapDocumentNumber=123456789 

Headers: List((Authorization,Basic dGVzdENsaWVudElkQ29uZmlnOnRlc3RTZWNyZXRDb25maWc=), (correlationId,dcdc833d-85cd-4db4-9da0-316bf857fb5d), (X-Message-Type,ETMPGetFinancialDetails), (X-Originating-System,MDTP), (X-Receipt-Date,2026-03-09T14:28:20Z), (X-Transmitting-System,HIP))] 
2026-03-09 14:28:20,492 level=[[39mDEBUG[0;39m] logger=[connector] thread=[application-pekko.actor.default-dispatcher-7] rid=[] user=[] message=[:GET:501675256278208:501675.256s:-501675147425917:-501675147425917ns:550b:http://localhost:11111/etmp/RESTAdapter/itsa/taxpayer/financial-details?calculateAccruedInterest=true&customerPaymentInformation=true&idNumber=AA123456A&idType=NINO&includeLocks=true&includeStatistical=false&onlyOpenItems=false&regimeType=ITSA&removePaymentonAccount=false&sapDocumentNumber=123456789:ok] 
2026-03-09 14:28:20,492 level=[[34mINFO[0;39m] logger=[connectors.hip.httpParsers.ChargeHipHttpParser] thread=[application-pekko.actor.default-dispatcher-12] rid=[] user=[] message=[Unexpected Response from Hip with status: 500] 
2026-03-09 14:28:20,492 level=[[39mDEBUG[0;39m] logger=[connector] thread=[application-pekko.actor.default-dispatcher-7] rid=[] user=[] message=[:GET:501675256278208:501675.256s:-501675147425917:-501675147425917ns:550b:http://localhost:11111/etmp/RESTAdapter/itsa/taxpayer/financial-details?calculateAccruedInterest=true&customerPaymentInformation=true&idNumber=AA123456A&idType=NINO&includeLocks=true&includeStatistical=false&onlyOpenItems=false&regimeType=ITSA&removePaymentonAccount=false&sapDocumentNumber=123456789:ok] 
2026-03-09 14:28:20,492 level=[[1;31mERROR[0;39m] logger=[connectors.hip.FinancialDetailsHipConnector] thread=[application-pekko.actor.default-dispatcher-12] rid=[] user=[] message=[Response: UnexpectedChargeErrorResponse] 
[info]     - should return an UnexpectedChargeResponse when there's been an unexpected error
[info]   when .getOnlyOpenItems() is called
[info]     when the response is an Ok - 200
2026-03-09 14:28:20,494 level=[[34mINFO[0;39m] logger=[connectors.hip.FinancialDetailsHipConnector] thread=[pool-1-thread-1-ScalaTest-running-FinancialDetailsHipConnectorISpec] rid=[] user=[] message=[FinancialDetailsHipConnector::URL: http://localhost:11111/etmp/RESTAdapter/itsa/taxpayer/financial-details?calculateAccruedInterest=true&customerPaymentInformation=true&idNumber=AA123456A&idType=NINO&includeLocks=true&includeStatistical=false&onlyOpenItems=true&regimeType=ITSA&removePaymentonAccount=false 

Headers: List((Authorization,Basic dGVzdENsaWVudElkQ29uZmlnOnRlc3RTZWNyZXRDb25maWc=), (correlationId,453452f3-8a8a-43a0-9046-78ad486f5422), (X-Message-Type,ETMPGetFinancialDetails), (X-Originating-System,MDTP), (X-Receipt-Date,2026-03-09T14:28:20Z), (X-Transmitting-System,HIP))] 
2026-03-09 14:28:20,497 level=[[39mDEBUG[0;39m] logger=[connector] thread=[application-pekko.actor.default-dispatcher-6] rid=[] user=[] message=[:GET:501675256278208:501675.256s:-501675143225125:-501675143225125ns:550b:http://localhost:11111/etmp/RESTAdapter/itsa/taxpayer/financial-details?calculateAccruedInterest=true&customerPaymentInformation=true&idNumber=AA123456A&idType=NINO&includeLocks=true&includeStatistical=false&onlyOpenItems=true&regimeType=ITSA&removePaymentonAccount=false:ok] 
2026-03-09 14:28:20,496 level=[[34mINFO[0;39m] logger=[connectors.hip.httpParsers.ChargeHipHttpParser] thread=[application-pekko.actor.default-dispatcher-12] rid=[] user=[] message=[HipChargesResponse:::actual response {"success":{"taxpayerDetails":{"idType":"NINO","idNumber":"BB123456A","regimeType":"ITSA"},"balanceDetails":{"balanceDueWithin30days":100,"balanceNotDuein30Days":200,"overDueAmount":45,"totalBalance":300.17,"unallocatedCredit":400},"codingDetails":[{"taxYearReturn":"2018","totalLiabilityAmount":2015.13,"taxYearCoding":"2017","coded":{"amount":1500,"initiationDate":"2023-10-30"}}],"documentDetails":[{"taxYear":"2018","documentID":"id","documentDate":"2018-03-29","documentText":"documentText","documentDueDate":"2019-03-29","documentDescription":"documentDescription","totalAmount":1000.11,"documentOutstandingAmount":200,"poaRelevantAmount":1000,"paymentLotItem":"paymentLotItem","paymentLot":"paymentLot","effectiveDateOfPayment":"2018-03-29","interestRate":2.6,"interestFromDate":"2018-08-01","interestEndDate":"2019-01-15","latePaymentInterestID":"latePaymentInterestID","latePaymentInterestAmount":201,"lpiWithDunningBlock":12.5,"interestOutstandingAmount":31,"amountCodedOut":3.21,"accruingInterestAmount":12.34}],"financialDetailsItem":[{"taxYear":"2018","documentID":"transactionId","mainType":"4920","taxPeriodFrom":"2017-04-05","taxPeriodTo":"2018-04-06","chargeReference":"chargeRef","mainTransaction":"4920","originalAmount":500,"outstandingAmount":500,"clearedAmount":500,"accruedInterest":1000,"items":[{"subItem":"001","dueDate":"2025-07-10","amount":-300,"clearingDate":"2024-10-29","clearingReason":"Allocated to Charge","paymentReference":"100207948","paymentAmount":500,"paymentMethod":"PAYMENTS MADE BY CHEQUE","paymentLot":"24714","paymentLotItem":"000002","clearingSAPDocument":"003400044065","codedOutStatus":"S"}]}]}}] 
2026-03-09 14:28:20,497 level=[[39mDEBUG[0;39m] logger=[connector] thread=[application-pekko.actor.default-dispatcher-6] rid=[] user=[] message=[:GET:501675256278208:501675.256s:-501675143225125:-501675143225125ns:550b:http://localhost:11111/etmp/RESTAdapter/itsa/taxpayer/financial-details?calculateAccruedInterest=true&customerPaymentInformation=true&idNumber=AA123456A&idType=NINO&includeLocks=true&includeStatistical=false&onlyOpenItems=true&regimeType=ITSA&removePaymentonAccount=false:ok] 
[info]     - should return a ChargesResponse when successful
2026-03-09 14:28:20,499 level=[[34mINFO[0;39m] logger=[connectors.hip.FinancialDetailsHipConnector] thread=[pool-1-thread-1-ScalaTest-running-FinancialDetailsHipConnectorISpec] rid=[] user=[] message=[FinancialDetailsHipConnector::URL: http://localhost:11111/etmp/RESTAdapter/itsa/taxpayer/financial-details?calculateAccruedInterest=true&customerPaymentInformation=true&idNumber=AA123456A&idType=NINO&includeLocks=true&includeStatistical=false&onlyOpenItems=true&regimeType=ITSA&removePaymentonAccount=false 

Headers: List((Authorization,Basic dGVzdENsaWVudElkQ29uZmlnOnRlc3RTZWNyZXRDb25maWc=), (correlationId,ecde9c1b-0fce-4635-b73f-2bd476e565f0), (X-Message-Type,ETMPGetFinancialDetails), (X-Originating-System,MDTP), (X-Receipt-Date,2026-03-09T14:28:20Z), (X-Transmitting-System,HIP))] 
2026-03-09 14:28:20,501 level=[[34mINFO[0;39m] logger=[connectors.hip.httpParsers.ChargeHipHttpParser] thread=[application-pekko.actor.default-dispatcher-6] rid=[] user=[] message=[HipChargesResponse:::actual response {"":""}] 
2026-03-09 14:28:20,501 level=[[39mDEBUG[0;39m] logger=[connector] thread=[application-pekko.actor.default-dispatcher-10] rid=[] user=[] message=[:GET:501675256278125:501675.256s:-501675138311542:-501675138311542ns:550b:http://localhost:11111/etmp/RESTAdapter/itsa/taxpayer/financial-details?calculateAccruedInterest=true&customerPaymentInformation=true&idNumber=AA123456A&idType=NINO&includeLocks=true&includeStatistical=false&onlyOpenItems=true&regimeType=ITSA&removePaymentonAccount=false:ok] 
2026-03-09 14:28:20,501 level=[[39mDEBUG[0;39m] logger=[connector] thread=[application-pekko.actor.default-dispatcher-10] rid=[] user=[] message=[:GET:501675256278125:501675.256s:-501675138311542:-501675138311542ns:550b:http://localhost:11111/etmp/RESTAdapter/itsa/taxpayer/financial-details?calculateAccruedInterest=true&customerPaymentInformation=true&idNumber=AA123456A&idType=NINO&includeLocks=true&includeStatistical=false&onlyOpenItems=true&regimeType=ITSA&removePaymentonAccount=false:ok] 
2026-03-09 14:28:20,502 level=[[1;31mERROR[0;39m] logger=[connectors.hip.httpParsers.ChargeHipHttpParser] thread=[application-pekko.actor.default-dispatcher-6] rid=[] user=[] message=[Unable to parse response into HipChargesResponse - List((/success/taxpayerDetails,List(JsonValidationError(List(error.path.missing),ArraySeq()))), (/success/balanceDetails,List(JsonValidationError(List(error.path.missing),ArraySeq()))))] 
2026-03-09 14:28:20,502 level=[[1;31mERROR[0;39m] logger=[connectors.hip.FinancialDetailsHipConnector] thread=[application-pekko.actor.default-dispatcher-10] rid=[] user=[] message=[Response: UnexpectedChargeErrorResponse] 
[info]     - should return an UnexpectedChargeErrorResponse when unable to parse the data into a ChargesResponse
[info]     when the response is a 404 - NotFound when no data can be found
2026-03-09 14:28:20,504 level=[[34mINFO[0;39m] logger=[connectors.hip.FinancialDetailsHipConnector] thread=[pool-1-thread-1-ScalaTest-running-FinancialDetailsHipConnectorISpec] rid=[] user=[] message=[FinancialDetailsHipConnector::URL: http://localhost:11111/etmp/RESTAdapter/itsa/taxpayer/financial-details?calculateAccruedInterest=true&customerPaymentInformation=true&idNumber=AA123456A&idType=NINO&includeLocks=true&includeStatistical=false&onlyOpenItems=true&regimeType=ITSA&removePaymentonAccount=false 

Headers: List((Authorization,Basic dGVzdENsaWVudElkQ29uZmlnOnRlc3RTZWNyZXRDb25maWc=), (correlationId,3329564e-5ff6-461c-aea8-0fa3b5602e99), (X-Message-Type,ETMPGetFinancialDetails), (X-Originating-System,MDTP), (X-Receipt-Date,2026-03-09T14:28:20Z), (X-Transmitting-System,HIP))] 
2026-03-09 14:28:20,506 level=[[1;31mERROR[0;39m] logger=[connectors.hip.httpParsers.ChargeHipHttpParser] thread=[application-pekko.actor.default-dispatcher-10] rid=[] user=[] message=[404 returned from HiP with body: {"code":"NO_DATA_FOUND","reason":"The remote endpoint has indicated that no data can be found."}] 
2026-03-09 14:28:20,506 level=[[1;31mERROR[0;39m] logger=[connectors.hip.FinancialDetailsHipConnector] thread=[application-pekko.actor.default-dispatcher-10] rid=[] user=[] message=[Response: UnexpectedChargeResponse(404,{"code":"NO_DATA_FOUND","reason":"The remote endpoint has indicated that no data can be found."})] 
2026-03-09 14:28:20,506 level=[[39mDEBUG[0;39m] logger=[connector] thread=[application-pekko.actor.default-dispatcher-9] rid=[] user=[] message=[:GET:501675256278209:501675.256s:-501675133799876:-501675133799876ns:550b:http://localhost:11111/etmp/RESTAdapter/itsa/taxpayer/financial-details?calculateAccruedInterest=true&customerPaymentInformation=true&idNumber=AA123456A&idType=NINO&includeLocks=true&includeStatistical=false&onlyOpenItems=true&regimeType=ITSA&removePaymentonAccount=false:ok] 
2026-03-09 14:28:20,506 level=[[39mDEBUG[0;39m] logger=[connector] thread=[application-pekko.actor.default-dispatcher-9] rid=[] user=[] message=[:GET:501675256278209:501675.256s:-501675133799876:-501675133799876ns:550b:http://localhost:11111/etmp/RESTAdapter/itsa/taxpayer/financial-details?calculateAccruedInterest=true&customerPaymentInformation=true&idNumber=AA123456A&idType=NINO&includeLocks=true&includeStatistical=false&onlyOpenItems=true&regimeType=ITSA&removePaymentonAccount=false:ok] 
[info]     - should return an UnexpectedChargeResponse error response when no data is found
[info]     when return a 500 - InternalServerError when there has been an issue retrieving the data
2026-03-09 14:28:20,508 level=[[34mINFO[0;39m] logger=[connectors.hip.FinancialDetailsHipConnector] thread=[pool-1-thread-1-ScalaTest-running-FinancialDetailsHipConnectorISpec] rid=[] user=[] message=[FinancialDetailsHipConnector::URL: http://localhost:11111/etmp/RESTAdapter/itsa/taxpayer/financial-details?calculateAccruedInterest=true&customerPaymentInformation=true&idNumber=AA123456A&idType=NINO&includeLocks=true&includeStatistical=false&onlyOpenItems=true&regimeType=ITSA&removePaymentonAccount=false 

Headers: List((Authorization,Basic dGVzdENsaWVudElkQ29uZmlnOnRlc3RTZWNyZXRDb25maWc=), (correlationId,280d9184-d62a-4f4e-b4d2-053af5173794), (X-Message-Type,ETMPGetFinancialDetails), (X-Originating-System,MDTP), (X-Receipt-Date,2026-03-09T14:28:20Z), (X-Transmitting-System,HIP))] 
2026-03-09 14:28:20,509 level=[[39mDEBUG[0;39m] logger=[connector] thread=[application-pekko.actor.default-dispatcher-12] rid=[] user=[] message=[:GET:501675256278208:501675.256s:-501675130419333:-501675130419333ns:550b:http://localhost:11111/etmp/RESTAdapter/itsa/taxpayer/financial-details?calculateAccruedInterest=true&customerPaymentInformation=true&idNumber=AA123456A&idType=NINO&includeLocks=true&includeStatistical=false&onlyOpenItems=true&regimeType=ITSA&removePaymentonAccount=false:ok] 
2026-03-09 14:28:20,509 level=[[34mINFO[0;39m] logger=[connectors.hip.httpParsers.ChargeHipHttpParser] thread=[application-pekko.actor.default-dispatcher-9] rid=[] user=[] message=[Unexpected Response from Hip with status: 500] 
2026-03-09 14:28:20,509 level=[[39mDEBUG[0;39m] logger=[connector] thread=[application-pekko.actor.default-dispatcher-12] rid=[] user=[] message=[:GET:501675256278208:501675.256s:-501675130419333:-501675130419333ns:550b:http://localhost:11111/etmp/RESTAdapter/itsa/taxpayer/financial-details?calculateAccruedInterest=true&customerPaymentInformation=true&idNumber=AA123456A&idType=NINO&includeLocks=true&includeStatistical=false&onlyOpenItems=true&regimeType=ITSA&removePaymentonAccount=false:ok] 
2026-03-09 14:28:20,509 level=[[1;31mERROR[0;39m] logger=[connectors.hip.FinancialDetailsHipConnector] thread=[application-pekko.actor.default-dispatcher-6] rid=[] user=[] message=[Response: UnexpectedChargeErrorResponse] 
[info]     - should return an UnexpectedChargeResponse when there's been an unexpected error
2026-03-09 14:28:20,510 level=[[34mINFO[0;39m] logger=[play.api.internal.libs.concurrent.CoordinatedShutdownSupport] thread=[pool-1-thread-1] rid=[] user=[] message=[Starting synchronous coordinated shutdown with ServerStoppedReason reason and 2147513000 milliseconds timeout] 
2026-03-09 14:28:20,510 level=[[34mINFO[0;39m] logger=[org.apache.pekko.actor.CoordinatedShutdown] thread=[application-pekko.actor.default-dispatcher-6] rid=[] user=[] message=[Running CoordinatedShutdown with reason [ServerStoppedReason]] 
2026-03-09 14:28:20,510 level=[[34mINFO[0;39m] logger=[play.core.server.PekkoHttpServer] thread=[application-pekko.actor.internal-dispatcher-5] rid=[] user=[] message=[Unbinding /0:0:0:0:0:0:0:0:63990] 
2026-03-09 14:28:20,511 level=[[34mINFO[0;39m] logger=[play.core.server.PekkoHttpServer] thread=[application-pekko.actor.internal-dispatcher-2] rid=[] user=[] message=[Terminating server binding for /0:0:0:0:0:0:0:0:63990] 
2026-03-09 14:28:20,513 level=[[34mINFO[0;39m] logger=[uk.gov.hmrc.mongo.play.PlayMongoComponent] thread=[application-pekko.actor.internal-dispatcher-2] rid=[] user=[] message=[MongoComponent stops, closing connections...] 
2026-03-09 14:28:20,515 level=[[34mINFO[0;39m] logger=[play.core.server.PekkoHttpServer] thread=[application-pekko.actor.internal-dispatcher-2] rid=[] user=[] message=[Running provided shutdown stop hooks] 
2026-03-09 14:28:20,530 level=[[34mINFO[0;39m] logger=[org.eclipse.jetty.server.Server] thread=[pool-1-thread-1] rid=[] user=[] message=[Stopped Server@7d6baca6{STOPPING}[11.0.20,sto=1000]] 
2026-03-09 14:28:20,530 level=[[34mINFO[0;39m] logger=[org.eclipse.jetty.server.Server] thread=[pool-1-thread-1] rid=[] user=[] message=[Shutdown Server@7d6baca6{STOPPING}[11.0.20,sto=1000]] 
2026-03-09 14:28:20,531 level=[[34mINFO[0;39m] logger=[org.eclipse.jetty.server.AbstractConnector] thread=[pool-1-thread-1] rid=[] user=[] message=[Stopped NetworkTrafficServerConnector@632de06b{HTTP/1.1, (http/1.1, h2c)}{0.0.0.0:11111}] 
2026-03-09 14:28:20,531 level=[[34mINFO[0;39m] logger=[org.eclipse.jetty.server.handler.ContextHandler] thread=[pool-1-thread-1] rid=[] user=[] message=[Stopped o.e.j.s.ServletContextHandler@3214dd5c{/,null,STOPPED}] 
2026-03-09 14:28:20,531 level=[[34mINFO[0;39m] logger=[org.eclipse.jetty.server.handler.ContextHandler] thread=[pool-1-thread-1] rid=[] user=[] message=[Stopped o.e.j.s.ServletContextHandler@176bc5de{/__admin,null,STOPPED}] 
2026-03-09 14:28:20,532 level=[[34mINFO[0;39m] logger=[play.api.http.HttpErrorHandlerExceptions] thread=[pool-1-thread-1] rid=[] user=[] message=[Registering exception handler: guice-provision-exception-handler] 
2026-03-09 14:28:20,560 level=[[34mINFO[0;39m] logger=[org.apache.pekko.event.slf4j.Slf4jLogger] thread=[application-pekko.actor.default-dispatcher-5] rid=[] user=[] message=[Slf4jLogger started] 
2026-03-09 14:28:20,571 level=[[34mINFO[0;39m] logger=[uk.gov.hmrc.mongo.play.PlayMongoComponent] thread=[pool-1-thread-1] rid=[] user=[] message=[MongoComponent starting...] 
2026-03-09 14:28:20,571 level=[[34mINFO[0;39m] logger=[uk.gov.hmrc.mongo.play.PlayMongoComponent] thread=[pool-1-thread-1] rid=[] user=[] message=[MongoComponent: MongoConnector configuration being used - hosts: [localhost:27017], database: income-tax-financial-details, query: ] 
2026-03-09 14:28:20,572 level=[[34mINFO[0;39m] logger=[org.mongodb.driver.client] thread=[pool-1-thread-1] rid=[] user=[] message=[MongoClient with metadata {"driver": {"name": "mongo-java-driver|scala|reactive-streams", "version": "5.6.1"}, "os": {"type": "Darwin", "name": "Mac OS X", "architecture": "aarch64", "version": "15.0"}, "platform": "Java/Eclipse Adoptium/11.0.19+7|Scala/version 2.13.16"} created with settings MongoClientSettings{readPreference=primary, writeConcern=WriteConcern{w=null, wTimeout=null ms, journal=null}, retryWrites=true, retryReads=true, readConcern=ReadConcern{level=null}, credential=null, transportSettings=null, commandListeners=[], codecRegistry=ProvidersCodecRegistry{codecProviders=[ProvidersCodecRegistry{codecProviders=[DocumentCodecProvider(), IterableCodecProvider(org.bson.codecs.BsonTypeClassMap@309f9fda,None)]}, ProvidersCodecRegistry{codecProviders=[ValueCodecProvider{}, BsonValueCodecProvider{}, DBRefCodecProvider{}, DBObjectCodecProvider{}, DocumentCodecProvider{}, CollectionCodecProvider{}, IterableCodecProvider{}, MapCodecProvider{}, GeoJsonCodecProvider{}, GridFSFileCodecProvider{}, Jsr310CodecProvider{}, JsonObjectCodecProvider{}, BsonCodecProvider{}, com.mongodb.client.model.mql.ExpressionCodecProvider@1c770e15, com.mongodb.Jep395RecordCodecProvider@1fb4eba2, com.mongodb.KotlinCodecProvider@436d44a2, EnumCodecProvider{}]}]}, loggerSettings=LoggerSettings{maxDocumentLength=1000}, clusterSettings={hosts=[localhost:27017], srvServiceName=mongodb, mode=SINGLE, requiredClusterType=UNKNOWN, requiredReplicaSetName='null', serverSelector='null', clusterListeners='[]', serverSelectionTimeout='30000 ms', localThreshold='15 ms'}, socketSettings=SocketSettings{connectTimeoutMS=10000, readTimeoutMS=0, receiveBufferSize=0, proxySettings=ProxySettings{host=null, port=null, username=null, password=null}}, heartbeatSocketSettings=SocketSettings{connectTimeoutMS=10000, readTimeoutMS=10000, receiveBufferSize=0, proxySettings=ProxySettings{host=null, port=null, username=null, password=null}}, connectionPoolSettings=ConnectionPoolSettings{maxSize=100, minSize=0, maxWaitTimeMS=120000, maxConnectionLifeTimeMS=0, maxConnectionIdleTimeMS=0, maintenanceInitialDelayMS=0, maintenanceFrequencyMS=60000, connectionPoolListeners=[], maxConnecting=2}, serverSettings=ServerSettings{heartbeatFrequencyMS=10000, minHeartbeatFrequencyMS=500, serverMonitoringMode=AUTO, serverListeners='[]', serverMonitorListeners='[]'}, sslSettings=SslSettings{enabled=false, invalidHostNameAllowed=false, context=null}, applicationName='null', compressorList=[], uuidRepresentation=UNSPECIFIED, serverApi=null, autoEncryptionSettings=null, dnsClient=null, inetAddressResolver=null, contextProvider=null, timeoutMS=null}] 
2026-03-09 14:28:20,572 level=[[34mINFO[0;39m] logger=[org.mongodb.driver.cluster] thread=[pool-1-thread-1] rid=[] user=[] message=[Waiting for server to become available for operation listCollections with ID 23. Remaining time: 29999 ms. Selector: ReadPreferenceServerSelector{readPreference=primary}, topology description: {type=UNKNOWN, servers=[{address=localhost:27017, type=UNKNOWN, state=CONNECTING}].] 
2026-03-09 14:28:20,574 level=[[34mINFO[0;39m] logger=[org.mongodb.driver.cluster] thread=[cluster-ClusterId{value='69aed9043a64b4a15b0fef22', description='null'}-localhost:27017] rid=[] user=[] message=[Monitor thread successfully connected to server with description ServerDescription{address=localhost:27017, type=REPLICA_SET_PRIMARY, cryptd=false, state=CONNECTED, ok=true, minWireVersion=0, maxWireVersion=21, maxDocumentSize=16777216, logicalSessionTimeoutMinutes=30, roundTripTimeNanos=2005084, minRoundTripTimeNanos=0, setName='rs0', canonicalAddress=7b24e14131ef:27017, hosts=[7b24e14131ef:27017], passives=[], arbiters=[], primary='7b24e14131ef:27017', tagSet=TagSet{[]}, electionId=7fffffff0000000000000004, setVersion=1, topologyVersion=TopologyVersion{processId=699430dbfbe980c01cd84116, counter=6}, lastWriteDate=Mon Mar 09 14:28:17 GMT 2026, lastUpdateTimeNanos=501675446865333}] 
2026-03-09 14:28:20,578 level=[[34mINFO[0;39m] logger=[uk.gov.hmrc.mongo.play.PlayMongoComponent] thread=[application-pekko.actor.default-dispatcher-5] rid=[] user=[] message=[Existing collections:
  ] 
2026-03-09 14:28:20,578 level=[[34mINFO[0;39m] logger=[uk.gov.hmrc.play.bootstrap.graphite.DisabledGraphiteReporting] thread=[pool-1-thread-1] rid=[] user=[] message=[Graphite metrics disabled] 
2026-03-09 14:28:20,579 level=[[31mWARN[0;39m] logger=[uk.gov.hmrc.play.bootstrap.audit.DisabledDatastreamMetricsProvider] thread=[pool-1-thread-1] rid=[] user=[] message=[DatastreamMetrics have been disabled since metrics are disabled: ENABLE IN ALL TESTING + PRODUCTION ENVIRONMENTS] 
2026-03-09 14:28:20,582 level=[[34mINFO[0;39m] logger=[play.api.http.EnabledFilters] thread=[pool-1-thread-1] rid=[] user=[] message=[Enabled Filters (see <https://www.playframework.com/documentation/latest/Filters>):

    uk.gov.hmrc.play.bootstrap.metrics.DisabledMetricsFilter
    uk.gov.hmrc.play.bootstrap.backend.filters.BackendMdcFilter
    uk.gov.hmrc.play.bootstrap.backend.filters.DefaultBackendAuditFilter
    uk.gov.hmrc.play.bootstrap.filters.DefaultLoggingFilter
    uk.gov.hmrc.play.bootstrap.filters.CacheControlFilter
    uk.gov.hmrc.play.bootstrap.backend.filters.session.DefaultBackendSessionLoggingFilter
] 
[info] OutStandingChargesControllerISpec:
2026-03-09 14:28:20,589 level=[[34mINFO[0;39m] logger=[org.eclipse.jetty.server.Server] thread=[pool-1-thread-1] rid=[] user=[] message=[jetty-11.0.20; built: 2024-01-29T21:04:22.394Z; git: 922f8dc188f7011e60d0361de585fd4ac4d63064; jvm 11.0.19+7] 
2026-03-09 14:28:20,590 level=[[34mINFO[0;39m] logger=[org.eclipse.jetty.server.handler.ContextHandler] thread=[pool-1-thread-1] rid=[] user=[] message=[Started o.e.j.s.ServletContextHandler@7c4bff42{/__admin,null,AVAILABLE}] 
2026-03-09 14:28:20,590 level=[[34mINFO[0;39m] logger=[org.eclipse.jetty.server.handler.ContextHandler.ROOT] thread=[pool-1-thread-1] rid=[] user=[] message=[RequestHandlerClass from context returned com.github.tomakehurst.wiremock.http.StubRequestHandler. Normalized mapped under returned 'null'] 
2026-03-09 14:28:20,590 level=[[34mINFO[0;39m] logger=[org.eclipse.jetty.server.handler.ContextHandler] thread=[pool-1-thread-1] rid=[] user=[] message=[Started o.e.j.s.ServletContextHandler@1f9d3e8{/,null,AVAILABLE}] 
2026-03-09 14:28:20,590 level=[[34mINFO[0;39m] logger=[org.eclipse.jetty.server.AbstractConnector] thread=[pool-1-thread-1] rid=[] user=[] message=[Started NetworkTrafficServerConnector@1c696f30{HTTP/1.1, (http/1.1, h2c)}{0.0.0.0:11111}] 
2026-03-09 14:28:20,591 level=[[34mINFO[0;39m] logger=[org.eclipse.jetty.server.Server] thread=[pool-1-thread-1] rid=[] user=[] message=[Started Server@77ce9c3{STARTING}[11.0.20,sto=1000] @2977ms] 
2026-03-09 14:28:20,603 level=[[34mINFO[0;39m] logger=[play.api.Play] thread=[pool-1-thread-1] rid=[] user=[] message=[Application started (Dev) (no global state)] 
[info] GET /income-tax-financial-details/out-standing-charges/utr/1234567890/2020-04-05
[info]   should return 200
2026-03-09 14:28:20,607 level=[[34mINFO[0;39m] logger=[org.eclipse.jetty.server.handler.ContextHandler.__admin] thread=[qtp3046527-273] rid=[] user=[] message=[RequestHandlerClass from context returned com.github.tomakehurst.wiremock.http.AdminRequestHandler. Normalized mapped under returned 'null'] 
2026-03-09 14:28:20,617 level=[[31mWARN[0;39m] logger=[uk.gov.hmrc.play.audit.DefaultAuditConnector] thread=[application-pekko.actor.default-dispatcher-11] rid=[-] user=[] message=[auditing disabled for AuditConnector class uk.gov.hmrc.play.audit.DefaultAuditConnector] 
2026-03-09 14:28:20,619 level=[[39mDEBUG[0;39m] logger=[connector] thread=[application-pekko.actor.default-dispatcher-11] rid=[-] user=[] message=[:POST:501675488155959:501675.488s:-501675484516293:-501675484516293ns:cdda:http://localhost:11111/auth/authorise:ok] 
2026-03-09 14:28:20,619 level=[[39mDEBUG[0;39m] logger=[connector] thread=[application-pekko.actor.default-dispatcher-11] rid=[-] user=[] message=[:POST:501675488155959:501675.488s:-501675484516293:-501675484516293ns:cdda:http://localhost:11111/auth/authorise:ok] 
2026-03-09 14:28:20,621 level=[[39mDEBUG[0;39m] logger=[connector] thread=[application-pekko.actor.default-dispatcher-11] rid=[-] user=[] message=[:GET:501675492032583:501675.492s:-501675490293208:-501675490293208ns:77a6:http://localhost:11111/income-tax/charges/outstanding/utr/1234567890/2020-04-05:ok] 
2026-03-09 14:28:20,621 level=[[39mDEBUG[0;39m] logger=[connector] thread=[application-pekko.actor.default-dispatcher-11] rid=[-] user=[] message=[:GET:501675492032583:501675.492s:-501675490293208:-501675490293208ns:77a6:http://localhost:11111/income-tax/charges/outstanding/utr/1234567890/2020-04-05:ok] 
2026-03-09 14:28:20,621 level=[[34mINFO[0;39m] logger=[connectors.httpParsers.OutStandingChargesHttpParser] thread=[application-pekko.actor.default-dispatcher-8] rid=[-] user=[] message=[successfully parsed response to List[OutStandingCharge]] 
2026-03-09 14:28:20,622 level=[[34mINFO[0;39m] logger=[uk.gov.hmrc.play.bootstrap.filters.DefaultLoggingFilter] thread=[application-pekko.actor.default-dispatcher-10] rid=[-] user=[] message=[GET /income-tax-financial-details/out-standing-charges/utr/1234567890/2020-04-05 200 8ms] 
[info]   - when charge details are successfully retrieved
[info]     + Given I wiremock stub an authorised user response 
[info]     + Then the response status should be '200' 
[info]   should return 404
2026-03-09 14:28:20,634 level=[[39mDEBUG[0;39m] logger=[connector] thread=[application-pekko.actor.default-dispatcher-6] rid=[-] user=[] message=[:POST:501675503994791:501675.503s:-501675501042166:-501675501042166ns:dcd0:http://localhost:11111/auth/authorise:ok] 
2026-03-09 14:28:20,634 level=[[39mDEBUG[0;39m] logger=[connector] thread=[application-pekko.actor.default-dispatcher-6] rid=[-] user=[] message=[:POST:501675503994791:501675.503s:-501675501042166:-501675501042166ns:dcd0:http://localhost:11111/auth/authorise:ok] 
2026-03-09 14:28:20,637 level=[[39mDEBUG[0;39m] logger=[connector] thread=[application-pekko.actor.default-dispatcher-11] rid=[-] user=[] message=[:GET:501675507242958:501675.507s:-501675504936583:-501675504936583ns:3b79:http://localhost:11111/income-tax/charges/outstanding/utr/1234567890/2020-04-05:ok] 
2026-03-09 14:28:20,637 level=[[34mINFO[0;39m] logger=[connectors.httpParsers.OutStandingChargesHttpParser] thread=[application-pekko.actor.default-dispatcher-9] rid=[-] user=[] message=[404 returned from DES with body: {"code":"NO_DATA_FOUND","reason":"The remote endpoint has indicated that no data can be found."}] 
2026-03-09 14:28:20,637 level=[[39mDEBUG[0;39m] logger=[connector] thread=[application-pekko.actor.default-dispatcher-11] rid=[-] user=[] message=[:GET:501675507242958:501675.507s:-501675504936583:-501675504936583ns:3b79:http://localhost:11111/income-tax/charges/outstanding/utr/1234567890/2020-04-05:ok] 
2026-03-09 14:28:20,640 level=[[39mDEBUG[0;39m] logger=[connector] thread=[application-pekko.actor.default-dispatcher-11] rid=[-] user=[] message=[:GET:501675507242958:501675.507s:-501675501914042:-501675501914042ns:3b79:http://localhost:11111/income-tax/charges/outstanding/utr/1234567890/2020-04-05:ok] 
2026-03-09 14:28:20,640 level=[[34mINFO[0;39m] logger=[connectors.httpParsers.OutStandingChargesHttpParser] thread=[application-pekko.actor.default-dispatcher-9] rid=[-] user=[] message=[404 returned from DES with body: {"code":"NO_DATA_FOUND","reason":"The remote endpoint has indicated that no data can be found."}] 
2026-03-09 14:28:20,640 level=[[39mDEBUG[0;39m] logger=[connector] thread=[application-pekko.actor.default-dispatcher-11] rid=[-] user=[] message=[:GET:501675507242958:501675.507s:-501675501914042:-501675501914042ns:3b79:http://localhost:11111/income-tax/charges/outstanding/utr/1234567890/2020-04-05:ok] 
2026-03-09 14:28:20,640 level=[[34mINFO[0;39m] logger=[uk.gov.hmrc.play.bootstrap.filters.DefaultLoggingFilter] thread=[application-pekko.actor.default-dispatcher-6] rid=[-] user=[] message=[GET /income-tax-financial-details/out-standing-charges/utr/1234567890/2020-04-05 404 10ms] 
[info]   - when an unexpected status with NOT_FOUND was returned when retrieving charge details
[info]     + Given I wiremock stub an authorised user response 
[info]     + Then the response status should be '404' 
[info]   should return 500
2026-03-09 14:28:20,653 level=[[39mDEBUG[0;39m] logger=[connector] thread=[application-pekko.actor.default-dispatcher-10] rid=[-] user=[] message=[:POST:501675523415875:501675.523s:-501675521332000:-501675521332000ns:45e5:http://localhost:11111/auth/authorise:ok] 
2026-03-09 14:28:20,653 level=[[39mDEBUG[0;39m] logger=[connector] thread=[application-pekko.actor.default-dispatcher-10] rid=[-] user=[] message=[:POST:501675523415875:501675.523s:-501675521332000:-501675521332000ns:45e5:http://localhost:11111/auth/authorise:ok] 
2026-03-09 14:28:20,655 level=[[1;31mERROR[0;39m] logger=[connectors.httpParsers.OutStandingChargesHttpParser] thread=[application-pekko.actor.default-dispatcher-6] rid=[-] user=[] message=[Unexpected Response with status: 503] 
2026-03-09 14:28:20,655 level=[[39mDEBUG[0;39m] logger=[connector] thread=[application-pekko.actor.default-dispatcher-8] rid=[-] user=[] message=[:GET:501675525739874:501675.525s:-501675523870166:-501675523870166ns:c0d9:http://localhost:11111/income-tax/charges/outstanding/utr/1234567890/2020-04-05:ok] 
2026-03-09 14:28:20,655 level=[[39mDEBUG[0;39m] logger=[connector] thread=[application-pekko.actor.default-dispatcher-8] rid=[-] user=[] message=[:GET:501675525739874:501675.525s:-501675523870166:-501675523870166ns:c0d9:http://localhost:11111/income-tax/charges/outstanding/utr/1234567890/2020-04-05:ok] 
2026-03-09 14:28:20,656 level=[[39mDEBUG[0;39m] logger=[connector] thread=[application-pekko.actor.default-dispatcher-8] rid=[-] user=[] message=[:GET:501675525739916:501675.525s:-501675522522291:-501675522522291ns:c0d9:http://localhost:11111/income-tax/charges/outstanding/utr/1234567890/2020-04-05:ok] 
2026-03-09 14:28:20,656 level=[[1;31mERROR[0;39m] logger=[connectors.httpParsers.OutStandingChargesHttpParser] thread=[application-pekko.actor.default-dispatcher-6] rid=[-] user=[] message=[Unexpected Response with status: 503] 
2026-03-09 14:28:20,656 level=[[39mDEBUG[0;39m] logger=[connector] thread=[application-pekko.actor.default-dispatcher-8] rid=[-] user=[] message=[:GET:501675525739916:501675.525s:-501675522522291:-501675522522291ns:c0d9:http://localhost:11111/income-tax/charges/outstanding/utr/1234567890/2020-04-05:ok] 
2026-03-09 14:28:20,656 level=[[34mINFO[0;39m] logger=[uk.gov.hmrc.play.bootstrap.filters.DefaultLoggingFilter] thread=[application-pekko.actor.default-dispatcher-6] rid=[-] user=[] message=[GET /income-tax-financial-details/out-standing-charges/utr/1234567890/2020-04-05 500 6ms] 
[info]   - when an unexpected status was returned when retrieving charge details
[info]     + Given I wiremock stub an authorised user response 
2026-03-09 14:28:20,658 level=[[34mINFO[0;39m] logger=[play.api.internal.libs.concurrent.CoordinatedShutdownSupport] thread=[pool-1-thread-1] rid=[] user=[] message=[Starting synchronous coordinated shutdown with ServerStoppedReason reason and 2147513000 milliseconds timeout] 
[info]     + Then the response status should be '500' 
2026-03-09 14:28:20,658 level=[[34mINFO[0;39m] logger=[org.apache.pekko.actor.CoordinatedShutdown] thread=[application-pekko.actor.default-dispatcher-5] rid=[] user=[] message=[Running CoordinatedShutdown with reason [ServerStoppedReason]] 
2026-03-09 14:28:20,658 level=[[34mINFO[0;39m] logger=[play.core.server.PekkoHttpServer] thread=[application-pekko.actor.internal-dispatcher-3] rid=[] user=[] message=[Unbinding /0:0:0:0:0:0:0:0:63996] 
2026-03-09 14:28:20,658 level=[[34mINFO[0;39m] logger=[play.core.server.PekkoHttpServer] thread=[application-pekko.actor.internal-dispatcher-2] rid=[] user=[] message=[Terminating server binding for /0:0:0:0:0:0:0:0:63996] 
2026-03-09 14:28:20,661 level=[[34mINFO[0;39m] logger=[uk.gov.hmrc.mongo.play.PlayMongoComponent] thread=[application-pekko.actor.internal-dispatcher-2] rid=[] user=[] message=[MongoComponent stops, closing connections...] 
2026-03-09 14:28:20,663 level=[[34mINFO[0;39m] logger=[play.core.server.PekkoHttpServer] thread=[application-pekko.actor.internal-dispatcher-2] rid=[] user=[] message=[Running provided shutdown stop hooks] 
2026-03-09 14:28:20,671 level=[[34mINFO[0;39m] logger=[org.eclipse.jetty.server.Server] thread=[pool-1-thread-1] rid=[] user=[] message=[Stopped Server@77ce9c3{STOPPING}[11.0.20,sto=1000]] 
2026-03-09 14:28:20,672 level=[[34mINFO[0;39m] logger=[org.eclipse.jetty.server.Server] thread=[pool-1-thread-1] rid=[] user=[] message=[Shutdown Server@77ce9c3{STOPPING}[11.0.20,sto=1000]] 
2026-03-09 14:28:20,672 level=[[34mINFO[0;39m] logger=[org.eclipse.jetty.server.AbstractConnector] thread=[pool-1-thread-1] rid=[] user=[] message=[Stopped NetworkTrafficServerConnector@1c696f30{HTTP/1.1, (http/1.1, h2c)}{0.0.0.0:11111}] 
2026-03-09 14:28:20,672 level=[[34mINFO[0;39m] logger=[org.eclipse.jetty.server.handler.ContextHandler] thread=[pool-1-thread-1] rid=[] user=[] message=[Stopped o.e.j.s.ServletContextHandler@1f9d3e8{/,null,STOPPED}] 
2026-03-09 14:28:20,672 level=[[34mINFO[0;39m] logger=[org.eclipse.jetty.server.handler.ContextHandler] thread=[pool-1-thread-1] rid=[] user=[] message=[Stopped o.e.j.s.ServletContextHandler@7c4bff42{/__admin,null,STOPPED}] 
2026-03-09 14:28:20,673 level=[[34mINFO[0;39m] logger=[play.api.http.HttpErrorHandlerExceptions] thread=[pool-1-thread-1] rid=[] user=[] message=[Registering exception handler: guice-provision-exception-handler] 
2026-03-09 14:28:20,690 level=[[34mINFO[0;39m] logger=[org.apache.pekko.event.slf4j.Slf4jLogger] thread=[application-pekko.actor.default-dispatcher-6] rid=[] user=[] message=[Slf4jLogger started] 
2026-03-09 14:28:20,700 level=[[34mINFO[0;39m] logger=[uk.gov.hmrc.mongo.play.PlayMongoComponent] thread=[pool-1-thread-1] rid=[] user=[] message=[MongoComponent starting...] 
2026-03-09 14:28:20,701 level=[[34mINFO[0;39m] logger=[uk.gov.hmrc.mongo.play.PlayMongoComponent] thread=[pool-1-thread-1] rid=[] user=[] message=[MongoComponent: MongoConnector configuration being used - hosts: [localhost:27017], database: income-tax-financial-details, query: ] 
2026-03-09 14:28:20,701 level=[[34mINFO[0;39m] logger=[org.mongodb.driver.client] thread=[pool-1-thread-1] rid=[] user=[] message=[MongoClient with metadata {"driver": {"name": "mongo-java-driver|scala|reactive-streams", "version": "5.6.1"}, "os": {"type": "Darwin", "name": "Mac OS X", "architecture": "aarch64", "version": "15.0"}, "platform": "Java/Eclipse Adoptium/11.0.19+7|Scala/version 2.13.16"} created with settings MongoClientSettings{readPreference=primary, writeConcern=WriteConcern{w=null, wTimeout=null ms, journal=null}, retryWrites=true, retryReads=true, readConcern=ReadConcern{level=null}, credential=null, transportSettings=null, commandListeners=[], codecRegistry=ProvidersCodecRegistry{codecProviders=[ProvidersCodecRegistry{codecProviders=[DocumentCodecProvider(), IterableCodecProvider(org.bson.codecs.BsonTypeClassMap@309f9fda,None)]}, ProvidersCodecRegistry{codecProviders=[ValueCodecProvider{}, BsonValueCodecProvider{}, DBRefCodecProvider{}, DBObjectCodecProvider{}, DocumentCodecProvider{}, CollectionCodecProvider{}, IterableCodecProvider{}, MapCodecProvider{}, GeoJsonCodecProvider{}, GridFSFileCodecProvider{}, Jsr310CodecProvider{}, JsonObjectCodecProvider{}, BsonCodecProvider{}, com.mongodb.client.model.mql.ExpressionCodecProvider@1c770e15, com.mongodb.Jep395RecordCodecProvider@1fb4eba2, com.mongodb.KotlinCodecProvider@436d44a2, EnumCodecProvider{}]}]}, loggerSettings=LoggerSettings{maxDocumentLength=1000}, clusterSettings={hosts=[localhost:27017], srvServiceName=mongodb, mode=SINGLE, requiredClusterType=UNKNOWN, requiredReplicaSetName='null', serverSelector='null', clusterListeners='[]', serverSelectionTimeout='30000 ms', localThreshold='15 ms'}, socketSettings=SocketSettings{connectTimeoutMS=10000, readTimeoutMS=0, receiveBufferSize=0, proxySettings=ProxySettings{host=null, port=null, username=null, password=null}}, heartbeatSocketSettings=SocketSettings{connectTimeoutMS=10000, readTimeoutMS=10000, receiveBufferSize=0, proxySettings=ProxySettings{host=null, port=null, username=null, password=null}}, connectionPoolSettings=ConnectionPoolSettings{maxSize=100, minSize=0, maxWaitTimeMS=120000, maxConnectionLifeTimeMS=0, maxConnectionIdleTimeMS=0, maintenanceInitialDelayMS=0, maintenanceFrequencyMS=60000, connectionPoolListeners=[], maxConnecting=2}, serverSettings=ServerSettings{heartbeatFrequencyMS=10000, minHeartbeatFrequencyMS=500, serverMonitoringMode=AUTO, serverListeners='[]', serverMonitorListeners='[]'}, sslSettings=SslSettings{enabled=false, invalidHostNameAllowed=false, context=null}, applicationName='null', compressorList=[], uuidRepresentation=UNSPECIFIED, serverApi=null, autoEncryptionSettings=null, dnsClient=null, inetAddressResolver=null, contextProvider=null, timeoutMS=null}] 
2026-03-09 14:28:20,702 level=[[34mINFO[0;39m] logger=[org.mongodb.driver.cluster] thread=[pool-1-thread-1] rid=[] user=[] message=[Waiting for server to become available for operation listCollections with ID 28. Remaining time: 29999 ms. Selector: ReadPreferenceServerSelector{readPreference=primary}, topology description: {type=UNKNOWN, servers=[{address=localhost:27017, type=UNKNOWN, state=CONNECTING}].] 
2026-03-09 14:28:20,704 level=[[34mINFO[0;39m] logger=[org.mongodb.driver.cluster] thread=[cluster-ClusterId{value='69aed9043a64b4a15b0fef23', description='null'}-localhost:27017] rid=[] user=[] message=[Monitor thread successfully connected to server with description ServerDescription{address=localhost:27017, type=REPLICA_SET_PRIMARY, cryptd=false, state=CONNECTED, ok=true, minWireVersion=0, maxWireVersion=21, maxDocumentSize=16777216, logicalSessionTimeoutMinutes=30, roundTripTimeNanos=1923083, minRoundTripTimeNanos=0, setName='rs0', canonicalAddress=7b24e14131ef:27017, hosts=[7b24e14131ef:27017], passives=[], arbiters=[], primary='7b24e14131ef:27017', tagSet=TagSet{[]}, electionId=7fffffff0000000000000004, setVersion=1, topologyVersion=TopologyVersion{processId=699430dbfbe980c01cd84116, counter=6}, lastWriteDate=Mon Mar 09 14:28:17 GMT 2026, lastUpdateTimeNanos=501675576431041}] 
2026-03-09 14:28:20,708 level=[[34mINFO[0;39m] logger=[uk.gov.hmrc.mongo.play.PlayMongoComponent] thread=[application-pekko.actor.default-dispatcher-6] rid=[] user=[] message=[Existing collections:
  ] 
2026-03-09 14:28:20,708 level=[[34mINFO[0;39m] logger=[uk.gov.hmrc.play.bootstrap.graphite.DisabledGraphiteReporting] thread=[pool-1-thread-1] rid=[] user=[] message=[Graphite metrics disabled] 
2026-03-09 14:28:20,709 level=[[31mWARN[0;39m] logger=[uk.gov.hmrc.play.bootstrap.audit.DisabledDatastreamMetricsProvider] thread=[pool-1-thread-1] rid=[] user=[] message=[DatastreamMetrics have been disabled since metrics are disabled: ENABLE IN ALL TESTING + PRODUCTION ENVIRONMENTS] 
2026-03-09 14:28:20,712 level=[[34mINFO[0;39m] logger=[play.api.http.EnabledFilters] thread=[pool-1-thread-1] rid=[] user=[] message=[Enabled Filters (see <https://www.playframework.com/documentation/latest/Filters>):

    uk.gov.hmrc.play.bootstrap.metrics.DisabledMetricsFilter
    uk.gov.hmrc.play.bootstrap.backend.filters.BackendMdcFilter
    uk.gov.hmrc.play.bootstrap.backend.filters.DefaultBackendAuditFilter
    uk.gov.hmrc.play.bootstrap.filters.DefaultLoggingFilter
    uk.gov.hmrc.play.bootstrap.filters.CacheControlFilter
    uk.gov.hmrc.play.bootstrap.backend.filters.session.DefaultBackendSessionLoggingFilter
] 
[info] FinancialDetailChargesControllerISpec:
2026-03-09 14:28:20,718 level=[[34mINFO[0;39m] logger=[org.eclipse.jetty.server.Server] thread=[pool-1-thread-1] rid=[] user=[] message=[jetty-11.0.20; built: 2024-01-29T21:04:22.394Z; git: 922f8dc188f7011e60d0361de585fd4ac4d63064; jvm 11.0.19+7] 
2026-03-09 14:28:20,719 level=[[34mINFO[0;39m] logger=[org.eclipse.jetty.server.handler.ContextHandler] thread=[pool-1-thread-1] rid=[] user=[] message=[Started o.e.j.s.ServletContextHandler@64104fc7{/__admin,null,AVAILABLE}] 
2026-03-09 14:28:20,719 level=[[34mINFO[0;39m] logger=[org.eclipse.jetty.server.handler.ContextHandler.ROOT] thread=[pool-1-thread-1] rid=[] user=[] message=[RequestHandlerClass from context returned com.github.tomakehurst.wiremock.http.StubRequestHandler. Normalized mapped under returned 'null'] 
2026-03-09 14:28:20,719 level=[[34mINFO[0;39m] logger=[org.eclipse.jetty.server.handler.ContextHandler] thread=[pool-1-thread-1] rid=[] user=[] message=[Started o.e.j.s.ServletContextHandler@cd6c3b1{/,null,AVAILABLE}] 
2026-03-09 14:28:20,719 level=[[34mINFO[0;39m] logger=[org.eclipse.jetty.server.AbstractConnector] thread=[pool-1-thread-1] rid=[] user=[] message=[Started NetworkTrafficServerConnector@57f70e01{HTTP/1.1, (http/1.1, h2c)}{0.0.0.0:11111}] 
2026-03-09 14:28:20,719 level=[[34mINFO[0;39m] logger=[org.eclipse.jetty.server.Server] thread=[pool-1-thread-1] rid=[] user=[] message=[Started Server@18c00ded{STARTING}[11.0.20,sto=1000] @3106ms] 
2026-03-09 14:28:20,725 level=[[34mINFO[0;39m] logger=[play.api.Play] thread=[pool-1-thread-1] rid=[] user=[] message=[Application started (Dev) (no global state)] 
[info] GET /income-tax-financial-details/BB123456A/financial-details/charges/from/from/to/to
[info]   should return 200
2026-03-09 14:28:20,730 level=[[34mINFO[0;39m] logger=[org.eclipse.jetty.server.handler.ContextHandler.__admin] thread=[qtp1509432316-330] rid=[] user=[] message=[RequestHandlerClass from context returned com.github.tomakehurst.wiremock.http.AdminRequestHandler. Normalized mapped under returned 'null'] 
2026-03-09 14:28:20,738 level=[[31mWARN[0;39m] logger=[uk.gov.hmrc.play.audit.DefaultAuditConnector] thread=[application-pekko.actor.default-dispatcher-9] rid=[-] user=[] message=[auditing disabled for AuditConnector class uk.gov.hmrc.play.audit.DefaultAuditConnector] 
2026-03-09 14:28:20,740 level=[[39mDEBUG[0;39m] logger=[connector] thread=[application-pekko.actor.default-dispatcher-7] rid=[-] user=[] message=[:POST:501675609824083:501675.609s:-501675606915874:-501675606915874ns:2bcf:http://localhost:11111/auth/authorise:ok] 
2026-03-09 14:28:20,740 level=[[39mDEBUG[0;39m] logger=[connector] thread=[application-pekko.actor.default-dispatcher-7] rid=[-] user=[] message=[:POST:501675609824083:501675.609s:-501675606915874:-501675606915874ns:2bcf:http://localhost:11111/auth/authorise:ok] 
2026-03-09 14:28:20,740 level=[[34mINFO[0;39m] logger=[connectors.hip.FinancialDetailsHipConnector] thread=[application-pekko.actor.default-dispatcher-9] rid=[-] user=[] message=[FinancialDetailsHipConnector::URL: http://localhost:11111/etmp/RESTAdapter/itsa/taxpayer/financial-details?calculateAccruedInterest=true&customerPaymentInformation=true&dateFrom=from&dateTo=to&idNumber=BB123456A&idType=NINO&includeLocks=true&includeStatistical=false&onlyOpenItems=false&regimeType=ITSA&removePaymentonAccount=false 

Headers: List((Authorization,Basic dGVzdENsaWVudElkQ29uZmlnOnRlc3RTZWNyZXRDb25maWc=), (correlationId,47b7499d-3c31-469e-b125-132c74fa0134), (X-Message-Type,ETMPGetFinancialDetails), (X-Originating-System,MDTP), (X-Receipt-Date,2026-03-09T14:28:20Z), (X-Transmitting-System,HIP))] 
2026-03-09 14:28:20,742 level=[[39mDEBUG[0;39m] logger=[connector] thread=[application-pekko.actor.default-dispatcher-9] rid=[-] user=[] message=[:GET:501675612953125:501675.612s:-501675611332625:-501675611332625ns:c2dc:http://localhost:11111/etmp/RESTAdapter/itsa/taxpayer/financial-details?calculateAccruedInterest=true&customerPaymentInformation=true&dateFrom=from&dateTo=to&idNumber=BB123456A&idType=NINO&includeLocks=true&includeStatistical=false&onlyOpenItems=false&regimeType=ITSA&removePaymentonAccount=false:ok] 
2026-03-09 14:28:20,742 level=[[34mINFO[0;39m] logger=[connectors.hip.httpParsers.ChargeHipHttpParser] thread=[application-pekko.actor.default-dispatcher-10] rid=[-] user=[] message=[HipChargesResponse:::actual response {"success":{"taxpayerDetails":{"idType":"NINO","idNumber":"BB123456A","regimeType":"ITSA"},"balanceDetails":{"balanceDueWithin30days":100,"balanceNotDuein30Days":0,"overDueAmount":200,"totalBalance":300,"unallocatedCredit":400},"codingDetails":[{"totalLiabilityAmount":2300,"taxYearReturn":"2020"}],"documentDetails":[{"taxYear":"2018","documentID":"id","documentDescription":"documentDescription","documentText":"documentText","totalAmount":300,"documentOutstandingAmount":200,"documentDate":"2018-03-29","interestRate":2.6,"interestFromDate":"2018-08-01","interestEndDate":"2019-01-15","latePaymentInterestID":"latePaymentInterestID","latePaymentInterestAmount":201,"accruingInterestAmount":12.34,"interestOutstandingAmount":31,"paymentLotItem":"paymentLotItem","paymentLot":"paymentLot","lpiWithDunningBlock":12.5,"amountCodedOut":3.21,"effectiveDateOfPayment":"2018-03-29","poaRelevantAmount":1000},{"taxYear":"2019","documentID":"id2","documentDescription":"documentDescription2","totalAmount":100,"documentOutstandingAmount":50,"documentDate":"2018-03-29","effectiveDateOfPayment":"2018-03-29","poaRelevantAmount":1000}],"financialDetailsItem":[{"taxYear":"2018","documentID":"id","documentDate":"2022-06-23","chargeReference":"chargeRef","documentDescription":"type","originalAmount":500,"totalAmount":1000,"outstandingAmount":500,"clearedAmount":500,"chargeType":"POA1","mainType":"4920","mainTransaction":"4920","accruedInterest":1000,"items":[{"subItem":"1","amount":100,"clearingDate":"2022-06-23","clearingReason":"clearingReason","clearingSAPDocument":"012345678912","outgoingPaymentMethod":"outgoingPaymentMethod","interestLock":"interestLock","dunningLock":"dunningLock","paymentReference":"paymentReference","paymentAmount":2000,"dueDate":"2022-06-23","paymentMethod":"paymentMethod","paymentLot":"paymentLot","paymentLotItem":"paymentLotItem","codedOutStatus":"I"}]},{"taxYear":"2019","documentID":"id2","documentDate":"2022-06-23","chargeReference":"chargeRef","documentDescription":"type2","totalAmount":2000,"originalAmount":500,"outstandingAmount":200,"clearedAmount":500,"chargeType":"POA1","mainType":"4920","mainTransaction":"4920","accruedInterest":2000,"items":[{"subItem":"2","amount":200,"clearingDate":"2022-06-23","clearingReason":"clearingReason2","clearingSAPDocument":"012345678912","outgoingPaymentMethod":"outgoingPaymentMethod2","interestLock":"interestLock2","dunningLock":"dunningLock2","paymentReference":"paymentReference2","paymentAmount":3000,"dueDate":"2022-06-23","paymentMethod":"paymentMethod2","paymentLot":"paymentLot2","paymentLotItem":"paymentLotItem2","codedOutStatus":"I"}]}]}}] 
2026-03-09 14:28:20,742 level=[[39mDEBUG[0;39m] logger=[connector] thread=[application-pekko.actor.default-dispatcher-9] rid=[-] user=[] message=[:GET:501675612953125:501675.612s:-501675611332625:-501675611332625ns:c2dc:http://localhost:11111/etmp/RESTAdapter/itsa/taxpayer/financial-details?calculateAccruedInterest=true&customerPaymentInformation=true&dateFrom=from&dateTo=to&idNumber=BB123456A&idType=NINO&includeLocks=true&includeStatistical=false&onlyOpenItems=false&regimeType=ITSA&removePaymentonAccount=false:ok] 
2026-03-09 14:28:20,744 level=[[34mINFO[0;39m] logger=[controllers.FinancialDetailChargesController] thread=[application-pekko.actor.default-dispatcher-10] rid=[-] user=[] message=[Successful Response: {"taxpayerDetails":{"idType":"NINO","idNumber":"BB123456A","regimeType":"ITSA"},"balanceDetails":{"balanceDueWithin30Days":100,"balanceNotDuein30Days":0,"overDueAmount":200,"totalBalance":300,"unallocatedCredit":400},"codingDetails":[{"totalLiabilityAmount":2300,"taxYearReturn":"2020"}],"documentDetails":[{"taxYear":2018,"transactionId":"id","documentDate":"2018-03-29","documentText":"documentText","documentDescription":"documentDescription","originalAmount":300,"outstandingAmount":200,"poaRelevantAmount":1000,"paymentLot":"paymentLot","paymentLotItem":"paymentLotItem","effectiveDateOfPayment":"2018-03-29","accruingInterestAmount":12.34,"interestRate":2.6,"interestFromDate":"2018-08-01","interestEndDate":"2019-01-15","latePaymentInterestId":"latePaymentInterestID","latePaymentInterestAmount":201,"lpiWithDunningLock":12.5,"interestOutstandingAmount":31,"amountCodedOut":3.21},{"taxYear":2019,"transactionId":"id2","documentDate":"2018-03-29","documentDescription":"documentDescription2","originalAmount":100,"outstandingAmount":50,"poaRelevantAmount":1000,"effectiveDateOfPayment":"2018-03-29"}],"financialDetails":[{"taxYear":"2018","transactionId":"id","chargeType":"POA1","mainType":"4920","chargeReference":"chargeRef","mainTransaction":"4920","originalAmount":500,"outstandingAmount":500,"clearedAmount":500,"accruedInterest":1000,"items":[{"amount":100,"clearingDate":"2022-06-23","clearingReason":"clearingReason","clearingSAPDocument":"012345678912","outgoingPaymentMethod":"outgoingPaymentMethod","interestLock":"interestLock","dunningLock":"dunningLock","paymentReference":"paymentReference","paymentAmount":2000,"dueDate":"2022-06-23","paymentMethod":"paymentMethod","paymentLot":"paymentLot","paymentLotItem":"paymentLotItem","subItem":"1","codedOutStatus":"I","paymentId":"paymentLot-paymentLotItem"}]},{"taxYear":"2019","transactionId":"id2","chargeType":"POA1","mainType":"4920","chargeReference":"chargeRef","mainTransaction":"4920","originalAmount":500,"outstandingAmount":200,"clearedAmount":500,"accruedInterest":2000,"items":[{"amount":200,"clearingDate":"2022-06-23","clearingReason":"clearingReason2","clearingSAPDocument":"012345678912","outgoingPaymentMethod":"outgoingPaymentMethod2","interestLock":"interestLock2","dunningLock":"dunningLock2","paymentReference":"paymentReference2","paymentAmount":3000,"dueDate":"2022-06-23","paymentMethod":"paymentMethod2","paymentLot":"paymentLot2","paymentLotItem":"paymentLotItem2","subItem":"2","codedOutStatus":"I","paymentId":"paymentLot2-paymentLotItem2"}]}]}] 
2026-03-09 14:28:20,745 level=[[34mINFO[0;39m] logger=[uk.gov.hmrc.play.bootstrap.filters.DefaultLoggingFilter] thread=[application-pekko.actor.default-dispatcher-7] rid=[-] user=[] message=[GET /income-tax-financial-details/BB123456A/financial-details/charges/from/from/to/to 200 9ms] 
[info]   - when charge details are successfully retrieved
[info]     + Given I wiremock stub an authorised user response 
[info]     + Then the response status should be '200' 
[info]   should return 404
2026-03-09 14:28:20,752 level=[[39mDEBUG[0;39m] logger=[connector] thread=[application-pekko.actor.default-dispatcher-7] rid=[-] user=[] message=[:POST:501675623445667:501675.623s:-501675622111042:-501675622111042ns:e9c4:http://localhost:11111/auth/authorise:ok] 
2026-03-09 14:28:20,752 level=[[39mDEBUG[0;39m] logger=[connector] thread=[application-pekko.actor.default-dispatcher-7] rid=[-] user=[] message=[:POST:501675623445667:501675.623s:-501675622111042:-501675622111042ns:e9c4:http://localhost:11111/auth/authorise:ok] 
2026-03-09 14:28:20,752 level=[[34mINFO[0;39m] logger=[connectors.hip.FinancialDetailsHipConnector] thread=[application-pekko.actor.default-dispatcher-6] rid=[-] user=[] message=[FinancialDetailsHipConnector::URL: http://localhost:11111/etmp/RESTAdapter/itsa/taxpayer/financial-details?calculateAccruedInterest=true&customerPaymentInformation=true&dateFrom=from&dateTo=to&idNumber=BB123456A&idType=NINO&includeLocks=true&includeStatistical=false&onlyOpenItems=false&regimeType=ITSA&removePaymentonAccount=false 

Headers: List((Authorization,Basic dGVzdENsaWVudElkQ29uZmlnOnRlc3RTZWNyZXRDb25maWc=), (correlationId,a3507c07-fd6a-490e-a160-36c8ecaeef9a), (X-Message-Type,ETMPGetFinancialDetails), (X-Originating-System,MDTP), (X-Receipt-Date,2026-03-09T14:28:20Z), (X-Transmitting-System,HIP))] 
2026-03-09 14:28:20,754 level=[[1;31mERROR[0;39m] logger=[connectors.hip.httpParsers.ChargeHipHttpParser] thread=[application-pekko.actor.default-dispatcher-12] rid=[-] user=[] message=[404 returned from HiP with body: {"code":"NO_DATA_FOUND","reason":"The remote endpoint has indicated that no data can be found."}] 
2026-03-09 14:28:20,754 level=[[39mDEBUG[0;39m] logger=[connector] thread=[application-pekko.actor.default-dispatcher-6] rid=[-] user=[] message=[:GET:501675624986291:501675.624s:-501675623494166:-501675623494166ns:3b6:http://localhost:11111/etmp/RESTAdapter/itsa/taxpayer/financial-details?calculateAccruedInterest=true&customerPaymentInformation=true&dateFrom=from&dateTo=to&idNumber=BB123456A&idType=NINO&includeLocks=true&includeStatistical=false&onlyOpenItems=false&regimeType=ITSA&removePaymentonAccount=false:ok] 
2026-03-09 14:28:20,754 level=[[39mDEBUG[0;39m] logger=[connector] thread=[application-pekko.actor.default-dispatcher-6] rid=[-] user=[] message=[:GET:501675624986291:501675.624s:-501675623494166:-501675623494166ns:3b6:http://localhost:11111/etmp/RESTAdapter/itsa/taxpayer/financial-details?calculateAccruedInterest=true&customerPaymentInformation=true&dateFrom=from&dateTo=to&idNumber=BB123456A&idType=NINO&includeLocks=true&includeStatistical=false&onlyOpenItems=false&regimeType=ITSA&removePaymentonAccount=false:ok] 
2026-03-09 14:28:20,754 level=[[1;31mERROR[0;39m] logger=[connectors.hip.FinancialDetailsHipConnector] thread=[application-pekko.actor.default-dispatcher-12] rid=[-] user=[] message=[Response: UnexpectedChargeResponse(404,{"code":"NO_DATA_FOUND","reason":"The remote endpoint has indicated that no data can be found."})] 
2026-03-09 14:28:20,754 level=[[31mWARN[0;39m] logger=[services.FinancialDetailService] thread=[application-pekko.actor.default-dispatcher-12] rid=[-] user=[] message=[HiP getChargeDetails failed, falling back to ViewAndChange. Error: UnexpectedChargeResponse(404,{"code":"NO_DATA_FOUND","reason":"The remote endpoint has indicated that no data can be found."})] 
2026-03-09 14:28:20,755 level=[[1;31mERROR[0;39m] logger=[connectors.httpParsers.ViewAndChangeHttpParser] thread=[application-pekko.actor.default-dispatcher-12] rid=[-] user=[] message=[ViewAndChange returned 404 with body: {"code":"NO_DATA_FOUND","reason":"The remote endpoint has indicated that no data can be found."}] 
2026-03-09 14:28:20,755 level=[[39mDEBUG[0;39m] logger=[connector] thread=[application-pekko.actor.default-dispatcher-6] rid=[-] user=[] message=[:GET:501675624986292:501675.624s:-501675621886875:-501675621886875ns:3b6:http://localhost:11111/income-tax-view-change/BB123456A/financial-details/charges/from/from/to/to:ok] 
2026-03-09 14:28:20,755 level=[[39mDEBUG[0;39m] logger=[connector] thread=[application-pekko.actor.default-dispatcher-6] rid=[-] user=[] message=[:GET:501675624986292:501675.624s:-501675621886875:-501675621886875ns:3b6:http://localhost:11111/income-tax-view-change/BB123456A/financial-details/charges/from/from/to/to:ok] 
2026-03-09 14:28:20,755 level=[[34mINFO[0;39m] logger=[controllers.FinancialDetailChargesController] thread=[application-pekko.actor.default-dispatcher-12] rid=[-] user=[] message=[404: UnexpectedChargeResponse(404,{"code":"NO_DATA_FOUND","reason":"The remote endpoint has indicated that no data can be found."})] 
2026-03-09 14:28:20,756 level=[[34mINFO[0;39m] logger=[uk.gov.hmrc.play.bootstrap.filters.DefaultLoggingFilter] thread=[application-pekko.actor.default-dispatcher-6] rid=[-] user=[] message=[GET /income-tax-financial-details/BB123456A/financial-details/charges/from/from/to/to 404 6ms] 
[info]   - when an unexpected status with NOT_FOUND was returned when retrieving charge details
[info]     + Given I wiremock stub an authorised user response 
[info]     + Then the response status should be '404' 
[info]   should return 500
2026-03-09 14:28:20,762 level=[[39mDEBUG[0;39m] logger=[connector] thread=[application-pekko.actor.default-dispatcher-13] rid=[-] user=[] message=[:POST:501675633099333:501675.633s:-501675631190041:-501675631190041ns:7640:http://localhost:11111/auth/authorise:ok] 
2026-03-09 14:28:20,762 level=[[39mDEBUG[0;39m] logger=[connector] thread=[application-pekko.actor.default-dispatcher-13] rid=[-] user=[] message=[:POST:501675633099333:501675.633s:-501675631190041:-501675631190041ns:7640:http://localhost:11111/auth/authorise:ok] 
2026-03-09 14:28:20,763 level=[[34mINFO[0;39m] logger=[connectors.hip.FinancialDetailsHipConnector] thread=[application-pekko.actor.default-dispatcher-12] rid=[-] user=[] message=[FinancialDetailsHipConnector::URL: http://localhost:11111/etmp/RESTAdapter/itsa/taxpayer/financial-details?calculateAccruedInterest=true&customerPaymentInformation=true&dateFrom=from&dateTo=to&idNumber=BB123456A&idType=NINO&includeLocks=true&includeStatistical=false&onlyOpenItems=false&regimeType=ITSA&removePaymentonAccount=false 

Headers: List((Authorization,Basic dGVzdENsaWVudElkQ29uZmlnOnRlc3RTZWNyZXRDb25maWc=), (correlationId,78ffa722-133b-4e73-b36e-bb1ae248f0a4), (X-Message-Type,ETMPGetFinancialDetails), (X-Originating-System,MDTP), (X-Receipt-Date,2026-03-09T14:28:20Z), (X-Transmitting-System,HIP))] 
2026-03-09 14:28:20,764 level=[[39mDEBUG[0;39m] logger=[connector] thread=[application-pekko.actor.default-dispatcher-13] rid=[-] user=[] message=[:GET:501675635322416:501675.635s:-501675633405416:-501675633405416ns:e5e:http://localhost:11111/etmp/RESTAdapter/itsa/taxpayer/financial-details?calculateAccruedInterest=true&customerPaymentInformation=true&dateFrom=from&dateTo=to&idNumber=BB123456A&idType=NINO&includeLocks=true&includeStatistical=false&onlyOpenItems=false&regimeType=ITSA&removePaymentonAccount=false:ok] 
2026-03-09 14:28:20,764 level=[[39mDEBUG[0;39m] logger=[connector] thread=[application-pekko.actor.default-dispatcher-13] rid=[-] user=[] message=[:GET:501675635322416:501675.635s:-501675633405416:-501675633405416ns:e5e:http://localhost:11111/etmp/RESTAdapter/itsa/taxpayer/financial-details?calculateAccruedInterest=true&customerPaymentInformation=true&dateFrom=from&dateTo=to&idNumber=BB123456A&idType=NINO&includeLocks=true&includeStatistical=false&onlyOpenItems=false&regimeType=ITSA&removePaymentonAccount=false:ok] 
2026-03-09 14:28:20,764 level=[[34mINFO[0;39m] logger=[connectors.hip.httpParsers.ChargeHipHttpParser] thread=[application-pekko.actor.default-dispatcher-12] rid=[-] user=[] message=[HipChargesResponse:::actual response ] 
2026-03-09 14:28:20,767 level=[[34mINFO[0;39m] logger=[uk.gov.hmrc.play.bootstrap.filters.DefaultLoggingFilter] thread=[application-pekko.actor.default-dispatcher-12] rid=[-] user=[] message=[GET /income-tax-financial-details/BB123456A/financial-details/charges/from/from/to/to com.fasterxml.jackson.databind.exc.MismatchedInputException: No content to map due to end-of-input
 at [Source: REDACTED (`StreamReadFeature.INCLUDE_SOURCE_IN_LOCATION` disabled); line: 1] 5ms] 
2026-03-09 14:28:20,767 level=[[1;31mERROR[0;39m] logger=[uk.gov.hmrc.play.bootstrap.backend.http.JsonErrorHandler] thread=[application-pekko.actor.default-dispatcher-9] rid=[-] user=[] message=[! Internal server error, for (GET) [/income-tax-financial-details/BB123456A/financial-details/charges/from/from/to/to] -> ] exception=[com.fasterxml.jackson.databind.exc.MismatchedInputException: No content to map due to end-of-input
 at [Source: REDACTED (`StreamReadFeature.INCLUDE_SOURCE_IN_LOCATION` disabled); line: 1]
	at com.fasterxml.jackson.databind.exc.MismatchedInputException.from(MismatchedInputException.java:59)
	at com.fasterxml.jackson.databind.ObjectMapper._initForReading(ObjectMapper.java:4996)
	at com.fasterxml.jackson.databind.ObjectMapper._readValue(ObjectMapper.java:4873)
	at com.fasterxml.jackson.databind.ObjectMapper.readValue(ObjectMapper.java:3035)
	at play.api.libs.json.jackson.JacksonJson.parseJsValue(JacksonJson.scala:322)
	at play.api.libs.json.StaticBinding$.parseJsValue(StaticBinding.scala:17)
	at play.api.libs.json.Json$.parse(Json.scala:175)
	at uk.gov.hmrc.http.HttpResponse.json(HttpResponse.scala:42)
	at uk.gov.hmrc.http.HttpResponse.json$(HttpResponse.scala:29)
	at uk.gov.hmrc.http.HttpResponse$$anon$2.json(HttpResponse.scala:64)
	at connectors.hip.httpParsers.ChargeHipHttpParser$ChargeHipReads$.read(ChargeHipHttpParser.scala:38)
	at connectors.hip.httpParsers.ChargeHipHttpParser$ChargeHipReads$.read(ChargeHipHttpParser.scala:34)
	at uk.gov.hmrc.http.client.ExecutorImpl.execute$$anonfun$3(HttpClientV2Impl.scala:218)
	at scala.concurrent.impl.Promise$Transformation.run(Promise.scala:467)
	at uk.gov.hmrc.play.bootstrap.dispatchers.MdcPropagatorExecutionContext$$anon$2.execute$$anonfun$1(MdcPropagatorExecutionContext.scala:78)
	at org.apache.pekko.dispatch.TaskInvocation.run(AbstractDispatcher.scala:59)
	at org.apache.pekko.dispatch.ForkJoinExecutorConfigurator$PekkoForkJoinTask.exec(ForkJoinExecutorConfigurator.scala:57)
	at java.base/java.util.concurrent.ForkJoinTask.doExec(ForkJoinTask.java:290)
	at java.base/java.util.concurrent.ForkJoinPool$WorkQueue.topLevelExec(ForkJoinPool.java:1020)
	at java.base/java.util.concurrent.ForkJoinPool.scan(ForkJoinPool.java:1656)
	at java.base/java.util.concurrent.ForkJoinPool.runWorker(ForkJoinPool.java:1594)
	at java.base/java.util.concurrent.ForkJoinWorkerThread.run(ForkJoinWorkerThread.java:183)
]
[info]   - when API responds with status OK but a non-json body
[info]     + Given I wiremock stub an authorised user response 
[info]     + Then the response status should be '500' 
2026-03-09 14:28:20,781 level=[[39mDEBUG[0;39m] logger=[connector] thread=[application-pekko.actor.default-dispatcher-16] rid=[-] user=[] message=[:POST:501675652184916:501675.652s:-501675650906999:-501675650906999ns:1b9c:http://localhost:11111/auth/authorise:ok] 
2026-03-09 14:28:20,781 level=[[39mDEBUG[0;39m] logger=[connector] thread=[application-pekko.actor.default-dispatcher-16] rid=[-] user=[] message=[:POST:501675652184916:501675.652s:-501675650906999:-501675650906999ns:1b9c:http://localhost:11111/auth/authorise:ok] 
2026-03-09 14:28:20,781 level=[[34mINFO[0;39m] logger=[connectors.hip.FinancialDetailsHipConnector] thread=[application-pekko.actor.default-dispatcher-14] rid=[-] user=[] message=[FinancialDetailsHipConnector::URL: http://localhost:11111/etmp/RESTAdapter/itsa/taxpayer/financial-details?calculateAccruedInterest=true&customerPaymentInformation=true&dateFrom=from&dateTo=to&idNumber=BB123456A&idType=NINO&includeLocks=true&includeStatistical=false&onlyOpenItems=false&regimeType=ITSA&removePaymentonAccount=false 

Headers: List((Authorization,Basic dGVzdENsaWVudElkQ29uZmlnOnRlc3RTZWNyZXRDb25maWc=), (correlationId,c1b51b86-c3b2-4e2b-bffd-56caf35d8d3e), (X-Message-Type,ETMPGetFinancialDetails), (X-Originating-System,MDTP), (X-Receipt-Date,2026-03-09T14:28:20Z), (X-Transmitting-System,HIP))] 
2026-03-09 14:28:20,782 level=[[34mINFO[0;39m] logger=[connectors.hip.httpParsers.ChargeHipHttpParser] thread=[application-pekko.actor.default-dispatcher-12] rid=[-] user=[] message=[Unexpected Response from Hip with status: 503] 
2026-03-09 14:28:20,782 level=[[39mDEBUG[0;39m] logger=[connector] thread=[application-pekko.actor.default-dispatcher-15] rid=[-] user=[] message=[:GET:501675653613208:501675.653s:-501675652422542:-501675652422542ns:b642:http://localhost:11111/etmp/RESTAdapter/itsa/taxpayer/financial-details?calculateAccruedInterest=true&customerPaymentInformation=true&dateFrom=from&dateTo=to&idNumber=BB123456A&idType=NINO&includeLocks=true&includeStatistical=false&onlyOpenItems=false&regimeType=ITSA&removePaymentonAccount=false:ok] 
2026-03-09 14:28:20,782 level=[[39mDEBUG[0;39m] logger=[connector] thread=[application-pekko.actor.default-dispatcher-15] rid=[-] user=[] message=[:GET:501675653613208:501675.653s:-501675652422542:-501675652422542ns:b642:http://localhost:11111/etmp/RESTAdapter/itsa/taxpayer/financial-details?calculateAccruedInterest=true&customerPaymentInformation=true&dateFrom=from&dateTo=to&idNumber=BB123456A&idType=NINO&includeLocks=true&includeStatistical=false&onlyOpenItems=false&regimeType=ITSA&removePaymentonAccount=false:ok] 
2026-03-09 14:28:20,782 level=[[1;31mERROR[0;39m] logger=[connectors.hip.FinancialDetailsHipConnector] thread=[application-pekko.actor.default-dispatcher-12] rid=[-] user=[] message=[Response: UnexpectedChargeErrorResponse] 
2026-03-09 14:28:20,782 level=[[31mWARN[0;39m] logger=[services.FinancialDetailService] thread=[application-pekko.actor.default-dispatcher-12] rid=[-] user=[] message=[HiP getChargeDetails failed, falling back to ViewAndChange. Error: UnexpectedChargeErrorResponse] 
2026-03-09 14:28:20,783 level=[[1;31mERROR[0;39m] logger=[connectors.httpParsers.ViewAndChangeHttpParser] thread=[application-pekko.actor.default-dispatcher-14] rid=[-] user=[] message=[Unexpected response from ViewAndChange with status: 503 and body: ] 
2026-03-09 14:28:20,783 level=[[39mDEBUG[0;39m] logger=[connector] thread=[application-pekko.actor.default-dispatcher-15] rid=[-] user=[] message=[:GET:501675653613250:501675.653s:-501675651727959:-501675651727959ns:b642:http://localhost:11111/income-tax-view-change/BB123456A/financial-details/charges/from/from/to/to:ok] 
2026-03-09 14:28:20,783 level=[[39mDEBUG[0;39m] logger=[connector] thread=[application-pekko.actor.default-dispatcher-15] rid=[-] user=[] message=[:GET:501675653613250:501675.653s:-501675651727959:-501675651727959ns:b642:http://localhost:11111/income-tax-view-change/BB123456A/financial-details/charges/from/from/to/to:ok] 
2026-03-09 14:28:20,783 level=[[1;31mERROR[0;39m] logger=[controllers.FinancialDetailChargesController] thread=[application-pekko.actor.default-dispatcher-14] rid=[-] user=[] message=[other error: UnexpectedChargeErrorResponse] 
2026-03-09 14:28:20,783 level=[[34mINFO[0;39m] logger=[uk.gov.hmrc.play.bootstrap.filters.DefaultLoggingFilter] thread=[application-pekko.actor.default-dispatcher-9] rid=[-] user=[] message=[GET /income-tax-financial-details/BB123456A/financial-details/charges/from/from/to/to 500 4ms] 
[info]   - when an unexpected status was returned when retrieving charge details
[info]     + Given I wiremock stub an authorised user response 
[info]     + Then the response status should be '500' 
[info] GET /income-tax-financial-details/BB123456A/financial-details/charges/documentId/123456789
[info]   should return 200
2026-03-09 14:28:20,790 level=[[39mDEBUG[0;39m] logger=[connector] thread=[application-pekko.actor.default-dispatcher-12] rid=[-] user=[] message=[:POST:501675661186583:501675.661s:-501675659993874:-501675659993874ns:4ba4:http://localhost:11111/auth/authorise:ok] 
2026-03-09 14:28:20,790 level=[[39mDEBUG[0;39m] logger=[connector] thread=[application-pekko.actor.default-dispatcher-12] rid=[-] user=[] message=[:POST:501675661186583:501675.661s:-501675659993874:-501675659993874ns:4ba4:http://localhost:11111/auth/authorise:ok] 
2026-03-09 14:28:20,790 level=[[34mINFO[0;39m] logger=[services.FinancialDetailService] thread=[application-pekko.actor.default-dispatcher-12] rid=[-] user=[] message=[Call::getPaymentAllocationDetails] 
2026-03-09 14:28:20,790 level=[[34mINFO[0;39m] logger=[connectors.hip.FinancialDetailsHipConnector] thread=[application-pekko.actor.default-dispatcher-12] rid=[-] user=[] message=[FinancialDetailsHipConnector::URL: http://localhost:11111/etmp/RESTAdapter/itsa/taxpayer/financial-details?calculateAccruedInterest=true&customerPaymentInformation=true&idNumber=BB123456A&idType=NINO&includeLocks=true&includeStatistical=false&onlyOpenItems=false&regimeType=ITSA&removePaymentonAccount=false&sapDocumentNumber=123456789 

Headers: List((Authorization,Basic dGVzdENsaWVudElkQ29uZmlnOnRlc3RTZWNyZXRDb25maWc=), (correlationId,ae298fbe-4f91-45f3-b247-a798bd95a11e), (X-Message-Type,ETMPGetFinancialDetails), (X-Originating-System,MDTP), (X-Receipt-Date,2026-03-09T14:28:20Z), (X-Transmitting-System,HIP))] 
2026-03-09 14:28:20,791 level=[[39mDEBUG[0;39m] logger=[connector] thread=[application-pekko.actor.default-dispatcher-12] rid=[-] user=[] message=[:GET:501675662521000:501675.662s:-501675661143750:-501675661143750ns:1149:http://localhost:11111/etmp/RESTAdapter/itsa/taxpayer/financial-details?calculateAccruedInterest=true&customerPaymentInformation=true&idNumber=BB123456A&idType=NINO&includeLocks=true&includeStatistical=false&onlyOpenItems=false&regimeType=ITSA&removePaymentonAccount=false&sapDocumentNumber=123456789:ok] 
2026-03-09 14:28:20,791 level=[[34mINFO[0;39m] logger=[connectors.hip.httpParsers.ChargeHipHttpParser] thread=[application-pekko.actor.default-dispatcher-11] rid=[-] user=[] message=[HipChargesResponse:::actual response {"success":{"taxpayerDetails":{"idType":"NINO","idNumber":"BB123456A","regimeType":"ITSA"},"balanceDetails":{"balanceDueWithin30days":100,"balanceNotDuein30Days":0,"overDueAmount":200,"totalBalance":300,"unallocatedCredit":400},"codingDetails":[{"totalLiabilityAmount":2300,"taxYearReturn":"2020"}],"documentDetails":[{"taxYear":"2018","documentID":"id","documentDescription":"documentDescription","documentText":"documentText","totalAmount":300,"documentOutstandingAmount":200,"documentDate":"2018-03-29","interestRate":2.6,"interestFromDate":"2018-08-01","interestEndDate":"2019-01-15","latePaymentInterestID":"latePaymentInterestID","latePaymentInterestAmount":201,"accruingInterestAmount":12.34,"interestOutstandingAmount":31,"paymentLotItem":"paymentLotItem","paymentLot":"paymentLot","lpiWithDunningBlock":12.5,"amountCodedOut":3.21,"effectiveDateOfPayment":"2018-03-29","poaRelevantAmount":1000},{"taxYear":"2019","documentID":"id2","documentDescription":"documentDescription2","totalAmount":100,"documentOutstandingAmount":50,"documentDate":"2018-03-29","effectiveDateOfPayment":"2018-03-29","poaRelevantAmount":1000}],"financialDetailsItem":[{"taxYear":"2018","documentID":"id","documentDate":"2022-06-23","chargeReference":"chargeRef","documentDescription":"type","originalAmount":500,"totalAmount":1000,"outstandingAmount":500,"clearedAmount":500,"chargeType":"POA1","mainType":"4920","mainTransaction":"4920","accruedInterest":1000,"items":[{"subItem":"1","amount":100,"clearingDate":"2022-06-23","clearingReason":"clearingReason","clearingSAPDocument":"012345678912","outgoingPaymentMethod":"outgoingPaymentMethod","interestLock":"interestLock","dunningLock":"dunningLock","paymentReference":"paymentReference","paymentAmount":2000,"dueDate":"2022-06-23","paymentMethod":"paymentMethod","paymentLot":"paymentLot","paymentLotItem":"paymentLotItem","codedOutStatus":"I"}]},{"taxYear":"2019","documentID":"id2","documentDate":"2022-06-23","chargeReference":"chargeRef","documentDescription":"type2","totalAmount":2000,"originalAmount":500,"outstandingAmount":200,"clearedAmount":500,"chargeType":"POA1","mainType":"4920","mainTransaction":"4920","accruedInterest":2000,"items":[{"subItem":"2","amount":200,"clearingDate":"2022-06-23","clearingReason":"clearingReason2","clearingSAPDocument":"012345678912","outgoingPaymentMethod":"outgoingPaymentMethod2","interestLock":"interestLock2","dunningLock":"dunningLock2","paymentReference":"paymentReference2","paymentAmount":3000,"dueDate":"2022-06-23","paymentMethod":"paymentMethod2","paymentLot":"paymentLot2","paymentLotItem":"paymentLotItem2","codedOutStatus":"I"}]}]}}] 
2026-03-09 14:28:20,791 level=[[39mDEBUG[0;39m] logger=[connector] thread=[application-pekko.actor.default-dispatcher-12] rid=[-] user=[] message=[:GET:501675662521000:501675.662s:-501675661143750:-501675661143750ns:1149:http://localhost:11111/etmp/RESTAdapter/itsa/taxpayer/financial-details?calculateAccruedInterest=true&customerPaymentInformation=true&idNumber=BB123456A&idType=NINO&includeLocks=true&includeStatistical=false&onlyOpenItems=false&regimeType=ITSA&removePaymentonAccount=false&sapDocumentNumber=123456789:ok] 
2026-03-09 14:28:20,792 level=[[34mINFO[0;39m] logger=[services.FinancialDetailService] thread=[application-pekko.actor.default-dispatcher-11] rid=[-] user=[] message=[Call::getPaymentAllocationDetails -> ChargesHipResponse(TaxpayerDetailsHip(NINO,BB123456A,ITSA),BalanceDetailsHip(100,None,0,None,200,None,300,None,None,Some(400),None,None,None,None,None),List(CodingDetailsHip(Some(2300),Some(2020))),List(DocumentDetailHip(2018,id,2018-03-29,Some(documentText),None,Some(documentDescription),300,200,Some(1000),None,Some(paymentLot),Some(paymentLotItem),Some(2018-03-29),Some(12.34),Some(2.6),Some(2018-08-01),Some(2019-01-15),Some(latePaymentInterestID),Some(201),Some(12.5),Some(31),Some(3.21)), DocumentDetailHip(2019,id2,2018-03-29,None,None,Some(documentDescription2),100,50,Some(1000),None,None,None,Some(2018-03-29),None,None,None,None,None,None,None,None,None)),List(FinancialDetailHip(2018,id,Some(POA1),Some(4920),None,None,Some(chargeRef),Some(4920),Some(500),Some(500),Some(500),Some(1000),Some(List(SubItemHip(Some(100),Some(2022-06-23),Some(clearingReason),Some(012345678912),Some(outgoingPaymentMethod),Some(interestLock),Some(dunningLock),Some(paymentReference),Some(2000),Some(2022-06-23),Some(paymentMethod),Some(paymentLot),Some(paymentLotItem),Some(1),Some(I),Some(paymentLot-paymentLotItem))))), FinancialDetailHip(2019,id2,Some(POA1),Some(4920),None,None,Some(chargeRef),Some(4920),Some(500),Some(200),Some(500),Some(2000),Some(List(SubItemHip(Some(200),Some(2022-06-23),Some(clearingReason2),Some(012345678912),Some(outgoingPaymentMethod2),Some(interestLock2),Some(dunningLock2),Some(paymentReference2),Some(3000),Some(2022-06-23),Some(paymentMethod2),Some(paymentLot2),Some(paymentLotItem2),Some(2),Some(I),Some(paymentLot2-paymentLotItem2)))))))] 
2026-03-09 14:28:20,793 level=[[34mINFO[0;39m] logger=[uk.gov.hmrc.play.bootstrap.filters.DefaultLoggingFilter] thread=[application-pekko.actor.default-dispatcher-15] rid=[-] user=[] message=[GET /income-tax-financial-details/BB123456A/financial-details/charges/documentId/123456789 200 5ms] 
[info]   - when new charge details are successfully retrieved
[info]     + Given I wiremock stub an authorised user response 
[info]     + Then the response status should be '200' 
[info]   should return 404
2026-03-09 14:28:20,799 level=[[39mDEBUG[0;39m] logger=[connector] thread=[application-pekko.actor.default-dispatcher-10] rid=[-] user=[] message=[:POST:501675670601666:501675.670s:-501675669339583:-501675669339583ns:33dd:http://localhost:11111/auth/authorise:ok] 
2026-03-09 14:28:20,799 level=[[39mDEBUG[0;39m] logger=[connector] thread=[application-pekko.actor.default-dispatcher-10] rid=[-] user=[] message=[:POST:501675670601666:501675.670s:-501675669339583:-501675669339583ns:33dd:http://localhost:11111/auth/authorise:ok] 
2026-03-09 14:28:20,799 level=[[34mINFO[0;39m] logger=[services.FinancialDetailService] thread=[application-pekko.actor.default-dispatcher-14] rid=[-] user=[] message=[Call::getPaymentAllocationDetails] 
2026-03-09 14:28:20,799 level=[[34mINFO[0;39m] logger=[connectors.hip.FinancialDetailsHipConnector] thread=[application-pekko.actor.default-dispatcher-14] rid=[-] user=[] message=[FinancialDetailsHipConnector::URL: http://localhost:11111/etmp/RESTAdapter/itsa/taxpayer/financial-details?calculateAccruedInterest=true&customerPaymentInformation=true&idNumber=BB123456A&idType=NINO&includeLocks=true&includeStatistical=false&onlyOpenItems=false&regimeType=ITSA&removePaymentonAccount=false&sapDocumentNumber=123456789 

Headers: List((Authorization,Basic dGVzdENsaWVudElkQ29uZmlnOnRlc3RTZWNyZXRDb25maWc=), (correlationId,9e1ca134-5c3c-4c16-9dc6-0784b93e5a44), (X-Message-Type,ETMPGetFinancialDetails), (X-Originating-System,MDTP), (X-Receipt-Date,2026-03-09T14:28:20Z), (X-Transmitting-System,HIP))] 
2026-03-09 14:28:20,800 level=[[39mDEBUG[0;39m] logger=[connector] thread=[application-pekko.actor.default-dispatcher-16] rid=[-] user=[] message=[:GET:501675672037375:501675.672s:-501675670922375:-501675670922375ns:5f25:http://localhost:11111/etmp/RESTAdapter/itsa/taxpayer/financial-details?calculateAccruedInterest=true&customerPaymentInformation=true&idNumber=BB123456A&idType=NINO&includeLocks=true&includeStatistical=false&onlyOpenItems=false&regimeType=ITSA&removePaymentonAccount=false&sapDocumentNumber=123456789:ok] 
2026-03-09 14:28:20,800 level=[[1;31mERROR[0;39m] logger=[connectors.hip.httpParsers.ChargeHipHttpParser] thread=[application-pekko.actor.default-dispatcher-14] rid=[-] user=[] message=[404 returned from HiP with body: {"code":"NO_DATA_FOUND","reason":"The remote endpoint has indicated that no data can be found."}] 
2026-03-09 14:28:20,800 level=[[39mDEBUG[0;39m] logger=[connector] thread=[application-pekko.actor.default-dispatcher-16] rid=[-] user=[] message=[:GET:501675672037375:501675.672s:-501675670922375:-501675670922375ns:5f25:http://localhost:11111/etmp/RESTAdapter/itsa/taxpayer/financial-details?calculateAccruedInterest=true&customerPaymentInformation=true&idNumber=BB123456A&idType=NINO&includeLocks=true&includeStatistical=false&onlyOpenItems=false&regimeType=ITSA&removePaymentonAccount=false&sapDocumentNumber=123456789:ok] 
2026-03-09 14:28:20,800 level=[[1;31mERROR[0;39m] logger=[connectors.hip.FinancialDetailsHipConnector] thread=[application-pekko.actor.default-dispatcher-14] rid=[-] user=[] message=[Response: UnexpectedChargeResponse(404,{"code":"NO_DATA_FOUND","reason":"The remote endpoint has indicated that no data can be found."})] 
2026-03-09 14:28:20,801 level=[[31mWARN[0;39m] logger=[services.FinancialDetailService] thread=[application-pekko.actor.default-dispatcher-14] rid=[-] user=[] message=[HiP getPaymentAllocationDetails failed, falling back to ViewAndChange. Error: UnexpectedChargeResponse(404,{"code":"NO_DATA_FOUND","reason":"The remote endpoint has indicated that no data can be found."})] 
2026-03-09 14:28:20,801 level=[[1;31mERROR[0;39m] logger=[connectors.httpParsers.ViewAndChangeHttpParser] thread=[application-pekko.actor.default-dispatcher-14] rid=[-] user=[] message=[ViewAndChange returned 404 with body: {"code":"NO_DATA_FOUND","reason":"The remote endpoint has indicated that no data can be found."}] 
2026-03-09 14:28:20,801 level=[[39mDEBUG[0;39m] logger=[connector] thread=[application-pekko.actor.default-dispatcher-11] rid=[-] user=[] message=[:GET:501675672037375:501675.672s:-501675669898500:-501675669898500ns:5f25:http://localhost:11111/income-tax-view-change/BB123456A/financial-details/charges/documentId/123456789:ok] 
2026-03-09 14:28:20,801 level=[[39mDEBUG[0;39m] logger=[connector] thread=[application-pekko.actor.default-dispatcher-11] rid=[-] user=[] message=[:GET:501675672037375:501675.672s:-501675669898500:-501675669898500ns:5f25:http://localhost:11111/income-tax-view-change/BB123456A/financial-details/charges/documentId/123456789:ok] 
2026-03-09 14:28:20,801 level=[[1;31mERROR[0;39m] logger=[controllers.FinancialDetailChargesController] thread=[application-pekko.actor.default-dispatcher-14] rid=[-] user=[] message=[error: UnexpectedChargeResponse(404,{"code":"NO_DATA_FOUND","reason":"The remote endpoint has indicated that no data can be found."})] 
2026-03-09 14:28:20,802 level=[[34mINFO[0;39m] logger=[uk.gov.hmrc.play.bootstrap.filters.DefaultLoggingFilter] thread=[application-pekko.actor.default-dispatcher-12] rid=[-] user=[] message=[GET /income-tax-financial-details/BB123456A/financial-details/charges/documentId/123456789 404 5ms] 
[info]   - when new an unexpected status with NOT_FOUND was returned when retrieving charge details
[info]     + Given I wiremock stub an authorised user response 
[info]     + Then the response status should be '404' 
[info]   should return 500
2026-03-09 14:28:20,806 level=[[39mDEBUG[0;39m] logger=[connector] thread=[application-pekko.actor.default-dispatcher-10] rid=[-] user=[] message=[:POST:501675677964166:501675.677s:-501675676842166:-501675676842166ns:7d92:http://localhost:11111/auth/authorise:ok] 
2026-03-09 14:28:20,806 level=[[39mDEBUG[0;39m] logger=[connector] thread=[application-pekko.actor.default-dispatcher-10] rid=[-] user=[] message=[:POST:501675677964166:501675.677s:-501675676842166:-501675676842166ns:7d92:http://localhost:11111/auth/authorise:ok] 
2026-03-09 14:28:20,806 level=[[34mINFO[0;39m] logger=[connectors.hip.FinancialDetailsHipConnector] thread=[application-pekko.actor.default-dispatcher-11] rid=[-] user=[] message=[FinancialDetailsHipConnector::URL: http://localhost:11111/etmp/RESTAdapter/itsa/taxpayer/financial-details?calculateAccruedInterest=true&customerPaymentInformation=true&dateFrom=from&dateTo=to&idNumber=BB123456A&idType=NINO&includeLocks=true&includeStatistical=false&onlyOpenItems=false&regimeType=ITSA&removePaymentonAccount=false 

Headers: List((Authorization,Basic dGVzdENsaWVudElkQ29uZmlnOnRlc3RTZWNyZXRDb25maWc=), (correlationId,e899e543-eabd-477f-a966-54d0f6ba63f3), (X-Message-Type,ETMPGetFinancialDetails), (X-Originating-System,MDTP), (X-Receipt-Date,2026-03-09T14:28:20Z), (X-Transmitting-System,HIP))] 
2026-03-09 14:28:20,807 level=[[34mINFO[0;39m] logger=[connectors.hip.httpParsers.ChargeHipHttpParser] thread=[application-pekko.actor.default-dispatcher-10] rid=[-] user=[] message=[HipChargesResponse:::actual response rubbish] 
2026-03-09 14:28:20,808 level=[[39mDEBUG[0;39m] logger=[connector] thread=[application-pekko.actor.default-dispatcher-14] rid=[-] user=[] message=[:GET:501675679193541:501675.679s:-501675677871582:-501675677871582ns:ddf9:http://localhost:11111/etmp/RESTAdapter/itsa/taxpayer/financial-details?calculateAccruedInterest=true&customerPaymentInformation=true&dateFrom=from&dateTo=to&idNumber=BB123456A&idType=NINO&includeLocks=true&includeStatistical=false&onlyOpenItems=false&regimeType=ITSA&removePaymentonAccount=false:ok] 
2026-03-09 14:28:20,808 level=[[39mDEBUG[0;39m] logger=[connector] thread=[application-pekko.actor.default-dispatcher-14] rid=[-] user=[] message=[:GET:501675679193541:501675.679s:-501675677871582:-501675677871582ns:ddf9:http://localhost:11111/etmp/RESTAdapter/itsa/taxpayer/financial-details?calculateAccruedInterest=true&customerPaymentInformation=true&dateFrom=from&dateTo=to&idNumber=BB123456A&idType=NINO&includeLocks=true&includeStatistical=false&onlyOpenItems=false&regimeType=ITSA&removePaymentonAccount=false:ok] 
2026-03-09 14:28:20,808 level=[[34mINFO[0;39m] logger=[uk.gov.hmrc.play.bootstrap.filters.DefaultLoggingFilter] thread=[application-pekko.actor.default-dispatcher-14] rid=[-] user=[] message=[GET /income-tax-financial-details/BB123456A/financial-details/charges/from/from/to/to com.fasterxml.jackson.core.JsonParseException: Unrecognized token 'rubbish': was expecting (JSON String, Number, Array, Object or token 'null', 'true' or 'false')
 at [Source: REDACTED (`StreamReadFeature.INCLUDE_SOURCE_IN_LOCATION` disabled); line: 1, column: 8] 3ms] 
2026-03-09 14:28:20,808 level=[[1;31mERROR[0;39m] logger=[uk.gov.hmrc.play.bootstrap.backend.http.JsonErrorHandler] thread=[application-pekko.actor.default-dispatcher-9] rid=[-] user=[] message=[! Internal server error, for (GET) [/income-tax-financial-details/BB123456A/financial-details/charges/from/from/to/to] -> ] exception=[com.fasterxml.jackson.core.JsonParseException: Unrecognized token 'rubbish': was expecting (JSON String, Number, Array, Object or token 'null', 'true' or 'false')
 at [Source: REDACTED (`StreamReadFeature.INCLUDE_SOURCE_IN_LOCATION` disabled); line: 1, column: 8]
	at com.fasterxml.jackson.core.JsonParser._constructError(JsonParser.java:2567)
	at com.fasterxml.jackson.core.JsonParser._constructReadException(JsonParser.java:2593)
	at com.fasterxml.jackson.core.JsonParser._constructReadException(JsonParser.java:2601)
	at com.fasterxml.jackson.core.base.ParserMinimalBase._reportError(ParserMinimalBase.java:765)
	at com.fasterxml.jackson.core.json.ReaderBasedJsonParser._reportInvalidToken(ReaderBasedJsonParser.java:3018)
	at com.fasterxml.jackson.core.json.ReaderBasedJsonParser._handleOddValue(ReaderBasedJsonParser.java:2052)
	at com.fasterxml.jackson.core.json.ReaderBasedJsonParser.nextToken(ReaderBasedJsonParser.java:780)
	at com.fasterxml.jackson.databind.ObjectMapper._initForReading(ObjectMapper.java:4992)
	at com.fasterxml.jackson.databind.ObjectMapper._readValue(ObjectMapper.java:4873)
	at com.fasterxml.jackson.databind.ObjectMapper.readValue(ObjectMapper.java:3035)
	at play.api.libs.json.jackson.JacksonJson.parseJsValue(JacksonJson.scala:322)
	at play.api.libs.json.StaticBinding$.parseJsValue(StaticBinding.scala:17)
	at play.api.libs.json.Json$.parse(Json.scala:175)
	at uk.gov.hmrc.http.HttpResponse.json(HttpResponse.scala:42)
	at uk.gov.hmrc.http.HttpResponse.json$(HttpResponse.scala:29)
	at uk.gov.hmrc.http.HttpResponse$$anon$2.json(HttpResponse.scala:64)
	at connectors.hip.httpParsers.ChargeHipHttpParser$ChargeHipReads$.read(ChargeHipHttpParser.scala:38)
	at connectors.hip.httpParsers.ChargeHipHttpParser$ChargeHipReads$.read(ChargeHipHttpParser.scala:34)
	at uk.gov.hmrc.http.client.ExecutorImpl.execute$$anonfun$3(HttpClientV2Impl.scala:218)
	at scala.concurrent.impl.Promise$Transformation.run(Promise.scala:467)
	at uk.gov.hmrc.play.bootstrap.dispatchers.MdcPropagatorExecutionContext$$anon$2.execute$$anonfun$1(MdcPropagatorExecutionContext.scala:78)
	at org.apache.pekko.dispatch.TaskInvocation.run(AbstractDispatcher.scala:59)
	at org.apache.pekko.dispatch.ForkJoinExecutorConfigurator$PekkoForkJoinTask.exec(ForkJoinExecutorConfigurator.scala:57)
	at java.base/java.util.concurrent.ForkJoinTask.doExec(ForkJoinTask.java:290)
	at java.base/java.util.concurrent.ForkJoinPool$WorkQueue.topLevelExec(ForkJoinPool.java:1020)
	at java.base/java.util.concurrent.ForkJoinPool.scan(ForkJoinPool.java:1656)
	at java.base/java.util.concurrent.ForkJoinPool.runWorker(ForkJoinPool.java:1594)
	at java.base/java.util.concurrent.ForkJoinWorkerThread.run(ForkJoinWorkerThread.java:183)
]
[info]   - when API responds with status OK but a non-json body
[info]     + Given I wiremock stub an authorised user response 
[info]     + Then the response status should be '500' 
2026-03-09 14:28:20,814 level=[[39mDEBUG[0;39m] logger=[connector] thread=[application-pekko.actor.default-dispatcher-6] rid=[-] user=[] message=[:POST:501675685577583:501675.685s:-501675684242708:-501675684242708ns:b2e5:http://localhost:11111/auth/authorise:ok] 
2026-03-09 14:28:20,814 level=[[39mDEBUG[0;39m] logger=[connector] thread=[application-pekko.actor.default-dispatcher-6] rid=[-] user=[] message=[:POST:501675685577583:501675.685s:-501675684242708:-501675684242708ns:b2e5:http://localhost:11111/auth/authorise:ok] 
2026-03-09 14:28:20,814 level=[[34mINFO[0;39m] logger=[services.FinancialDetailService] thread=[application-pekko.actor.default-dispatcher-9] rid=[-] user=[] message=[Call::getPaymentAllocationDetails] 
2026-03-09 14:28:20,814 level=[[34mINFO[0;39m] logger=[connectors.hip.FinancialDetailsHipConnector] thread=[application-pekko.actor.default-dispatcher-9] rid=[-] user=[] message=[FinancialDetailsHipConnector::URL: http://localhost:11111/etmp/RESTAdapter/itsa/taxpayer/financial-details?calculateAccruedInterest=true&customerPaymentInformation=true&idNumber=BB123456A&idType=NINO&includeLocks=true&includeStatistical=false&onlyOpenItems=false&regimeType=ITSA&removePaymentonAccount=false&sapDocumentNumber=123456789 

Headers: List((Authorization,Basic dGVzdENsaWVudElkQ29uZmlnOnRlc3RTZWNyZXRDb25maWc=), (correlationId,3d771b89-6d28-456e-a910-9f117da9d8ef), (X-Message-Type,ETMPGetFinancialDetails), (X-Originating-System,MDTP), (X-Receipt-Date,2026-03-09T14:28:20Z), (X-Transmitting-System,HIP))] 
2026-03-09 14:28:20,815 level=[[39mDEBUG[0;39m] logger=[connector] thread=[application-pekko.actor.default-dispatcher-9] rid=[-] user=[] message=[:GET:501675687053083:501675.687s:-501675685753416:-501675685753416ns:3544:http://localhost:11111/etmp/RESTAdapter/itsa/taxpayer/financial-details?calculateAccruedInterest=true&customerPaymentInformation=true&idNumber=BB123456A&idType=NINO&includeLocks=true&includeStatistical=false&onlyOpenItems=false&regimeType=ITSA&removePaymentonAccount=false&sapDocumentNumber=123456789:ok] 
2026-03-09 14:28:20,815 level=[[34mINFO[0;39m] logger=[connectors.hip.httpParsers.ChargeHipHttpParser] thread=[application-pekko.actor.default-dispatcher-11] rid=[-] user=[] message=[Unexpected Response from Hip with status: 503] 
2026-03-09 14:28:20,815 level=[[39mDEBUG[0;39m] logger=[connector] thread=[application-pekko.actor.default-dispatcher-9] rid=[-] user=[] message=[:GET:501675687053083:501675.687s:-501675685753416:-501675685753416ns:3544:http://localhost:11111/etmp/RESTAdapter/itsa/taxpayer/financial-details?calculateAccruedInterest=true&customerPaymentInformation=true&idNumber=BB123456A&idType=NINO&includeLocks=true&includeStatistical=false&onlyOpenItems=false&regimeType=ITSA&removePaymentonAccount=false&sapDocumentNumber=123456789:ok] 
2026-03-09 14:28:20,816 level=[[1;31mERROR[0;39m] logger=[connectors.hip.FinancialDetailsHipConnector] thread=[application-pekko.actor.default-dispatcher-11] rid=[-] user=[] message=[Response: UnexpectedChargeErrorResponse] 
2026-03-09 14:28:20,816 level=[[31mWARN[0;39m] logger=[services.FinancialDetailService] thread=[application-pekko.actor.default-dispatcher-11] rid=[-] user=[] message=[HiP getPaymentAllocationDetails failed, falling back to ViewAndChange. Error: UnexpectedChargeErrorResponse] 
2026-03-09 14:28:20,816 level=[[39mDEBUG[0;39m] logger=[connector] thread=[application-pekko.actor.default-dispatcher-14] rid=[-] user=[] message=[:GET:501675687053166:501675.687s:-501675684885749:-501675684885749ns:3544:http://localhost:11111/income-tax-view-change/BB123456A/financial-details/charges/documentId/123456789:ok] 
2026-03-09 14:28:20,816 level=[[1;31mERROR[0;39m] logger=[connectors.httpParsers.ViewAndChangeHttpParser] thread=[application-pekko.actor.default-dispatcher-11] rid=[-] user=[] message=[Unexpected response from ViewAndChange with status: 503 and body: ] 
2026-03-09 14:28:20,816 level=[[39mDEBUG[0;39m] logger=[connector] thread=[application-pekko.actor.default-dispatcher-14] rid=[-] user=[] message=[:GET:501675687053166:501675.687s:-501675684885749:-501675684885749ns:3544:http://localhost:11111/income-tax-view-change/BB123456A/financial-details/charges/documentId/123456789:ok] 
2026-03-09 14:28:20,817 level=[[1;31mERROR[0;39m] logger=[controllers.FinancialDetailChargesController] thread=[application-pekko.actor.default-dispatcher-11] rid=[-] user=[] message=[other error: UnexpectedChargeErrorResponse] 
2026-03-09 14:28:20,817 level=[[34mINFO[0;39m] logger=[uk.gov.hmrc.play.bootstrap.filters.DefaultLoggingFilter] thread=[application-pekko.actor.default-dispatcher-9] rid=[-] user=[] message=[GET /income-tax-financial-details/BB123456A/financial-details/charges/documentId/123456789 500 5ms] 
[info]   - when an unexpected status was returned when retrieving charge details
[info]     + Given I wiremock stub an authorised user response 
[info]     + Then the response status should be '500' 
2026-03-09 14:28:20,823 level=[[39mDEBUG[0;39m] logger=[connector] thread=[application-pekko.actor.default-dispatcher-11] rid=[-] user=[] message=[:POST:501675694508749:501675.694s:-501675693187915:-501675693187915ns:dc0e:http://localhost:11111/auth/authorise:ok] 
2026-03-09 14:28:20,823 level=[[39mDEBUG[0;39m] logger=[connector] thread=[application-pekko.actor.default-dispatcher-11] rid=[-] user=[] message=[:POST:501675694508749:501675.694s:-501675693187915:-501675693187915ns:dc0e:http://localhost:11111/auth/authorise:ok] 
2026-03-09 14:28:20,823 level=[[34mINFO[0;39m] logger=[connectors.hip.FinancialDetailsHipConnector] thread=[application-pekko.actor.default-dispatcher-14] rid=[-] user=[] message=[FinancialDetailsHipConnector::URL: http://localhost:11111/etmp/RESTAdapter/itsa/taxpayer/financial-details?calculateAccruedInterest=true&customerPaymentInformation=true&dateFrom=from&dateTo=to&idNumber=BB123456A&idType=NINO&includeLocks=true&includeStatistical=false&onlyOpenItems=false&regimeType=ITSA&removePaymentonAccount=false 

Headers: List((Authorization,Basic dGVzdENsaWVudElkQ29uZmlnOnRlc3RTZWNyZXRDb25maWc=), (correlationId,235642c0-a8fc-44e7-b775-28859e9af913), (X-Message-Type,ETMPGetFinancialDetails), (X-Originating-System,MDTP), (X-Receipt-Date,2026-03-09T14:28:20Z), (X-Transmitting-System,HIP))] 
2026-03-09 14:28:20,824 level=[[39mDEBUG[0;39m] logger=[connector] thread=[application-pekko.actor.default-dispatcher-9] rid=[-] user=[] message=[:GET:501675695960958:501675.695s:-501675694813042:-501675694813042ns:8099:http://localhost:11111/etmp/RESTAdapter/itsa/taxpayer/financial-details?calculateAccruedInterest=true&customerPaymentInformation=true&dateFrom=from&dateTo=to&idNumber=BB123456A&idType=NINO&includeLocks=true&includeStatistical=false&onlyOpenItems=false&regimeType=ITSA&removePaymentonAccount=false:ok] 
2026-03-09 14:28:20,824 level=[[34mINFO[0;39m] logger=[connectors.hip.httpParsers.ChargeHipHttpParser] thread=[application-pekko.actor.default-dispatcher-11] rid=[-] user=[] message=[Unexpected Response from Hip with status: 503] 
2026-03-09 14:28:20,824 level=[[39mDEBUG[0;39m] logger=[connector] thread=[application-pekko.actor.default-dispatcher-9] rid=[-] user=[] message=[:GET:501675695960958:501675.695s:-501675694813042:-501675694813042ns:8099:http://localhost:11111/etmp/RESTAdapter/itsa/taxpayer/financial-details?calculateAccruedInterest=true&customerPaymentInformation=true&dateFrom=from&dateTo=to&idNumber=BB123456A&idType=NINO&includeLocks=true&includeStatistical=false&onlyOpenItems=false&regimeType=ITSA&removePaymentonAccount=false:ok] 
2026-03-09 14:28:20,824 level=[[1;31mERROR[0;39m] logger=[connectors.hip.FinancialDetailsHipConnector] thread=[application-pekko.actor.default-dispatcher-9] rid=[-] user=[] message=[Response: UnexpectedChargeErrorResponse] 
2026-03-09 14:28:20,824 level=[[31mWARN[0;39m] logger=[services.FinancialDetailService] thread=[application-pekko.actor.default-dispatcher-9] rid=[-] user=[] message=[HiP getChargeDetails failed, falling back to ViewAndChange. Error: UnexpectedChargeErrorResponse] 
2026-03-09 14:28:20,825 level=[[39mDEBUG[0;39m] logger=[connector] thread=[application-pekko.actor.default-dispatcher-6] rid=[-] user=[] message=[:GET:501675695961000:501675.695s:-501675694071584:-501675694071584ns:8099:http://localhost:11111/income-tax-view-change/BB123456A/financial-details/charges/from/from/to/to:ok] 
2026-03-09 14:28:20,825 level=[[39mDEBUG[0;39m] logger=[connector] thread=[application-pekko.actor.default-dispatcher-6] rid=[-] user=[] message=[:GET:501675695961000:501675.695s:-501675694071584:-501675694071584ns:8099:http://localhost:11111/income-tax-view-change/BB123456A/financial-details/charges/from/from/to/to:ok] 
2026-03-09 14:28:20,825 level=[[34mINFO[0;39m] logger=[controllers.FinancialDetailChargesController] thread=[application-pekko.actor.default-dispatcher-15] rid=[-] user=[] message=[Successful Response: {"success":{"taxpayerDetails":{"idType":"NINO","idNumber":"BB123456A","regimeType":"ITSA"},"balanceDetails":{"balanceDueWithin30days":100,"balanceNotDuein30Days":0,"overDueAmount":200,"totalBalance":300,"unallocatedCredit":400},"codingDetails":[{"totalLiabilityAmount":2300,"taxYearReturn":"2020"}],"documentDetails":[{"taxYear":"2018","documentID":"id","documentDescription":"documentDescription","documentText":"documentText","totalAmount":300,"documentOutstandingAmount":200,"documentDate":"2018-03-29","interestRate":2.6,"interestFromDate":"2018-08-01","interestEndDate":"2019-01-15","latePaymentInterestID":"latePaymentInterestID","latePaymentInterestAmount":201,"accruingInterestAmount":12.34,"interestOutstandingAmount":31,"paymentLotItem":"paymentLotItem","paymentLot":"paymentLot","lpiWithDunningBlock":12.5,"amountCodedOut":3.21,"effectiveDateOfPayment":"2018-03-29","poaRelevantAmount":1000},{"taxYear":"2019","documentID":"id2","documentDescription":"documentDescription2","totalAmount":100,"documentOutstandingAmount":50,"documentDate":"2018-03-29","effectiveDateOfPayment":"2018-03-29","poaRelevantAmount":1000}],"financialDetailsItem":[{"taxYear":"2018","documentID":"id","documentDate":"2022-06-23","chargeReference":"chargeRef","documentDescription":"type","originalAmount":500,"totalAmount":1000,"outstandingAmount":500,"clearedAmount":500,"chargeType":"POA1","mainType":"4920","mainTransaction":"4920","accruedInterest":1000,"items":[{"subItem":"1","amount":100,"clearingDate":"2022-06-23","clearingReason":"clearingReason","clearingSAPDocument":"012345678912","outgoingPaymentMethod":"outgoingPaymentMethod","interestLock":"interestLock","dunningLock":"dunningLock","paymentReference":"paymentReference","paymentAmount":2000,"dueDate":"2022-06-23","paymentMethod":"paymentMethod","paymentLot":"paymentLot","paymentLotItem":"paymentLotItem","codedOutStatus":"I"}]},{"taxYear":"2019","documentID":"id2","documentDate":"2022-06-23","chargeReference":"chargeRef","documentDescription":"type2","totalAmount":2000,"originalAmount":500,"outstandingAmount":200,"clearedAmount":500,"chargeType":"POA1","mainType":"4920","mainTransaction":"4920","accruedInterest":2000,"items":[{"subItem":"2","amount":200,"clearingDate":"2022-06-23","clearingReason":"clearingReason2","clearingSAPDocument":"012345678912","outgoingPaymentMethod":"outgoingPaymentMethod2","interestLock":"interestLock2","dunningLock":"dunningLock2","paymentReference":"paymentReference2","paymentAmount":3000,"dueDate":"2022-06-23","paymentMethod":"paymentMethod2","paymentLot":"paymentLot2","paymentLotItem":"paymentLotItem2","codedOutStatus":"I"}]}]}}] 
2026-03-09 14:28:20,825 level=[[34mINFO[0;39m] logger=[uk.gov.hmrc.play.bootstrap.filters.DefaultLoggingFilter] thread=[application-pekko.actor.default-dispatcher-11] rid=[-] user=[] message=[GET /income-tax-financial-details/BB123456A/financial-details/charges/from/from/to/to 200 4ms] 
[info]   - when the call to HiP fails but ViewAndChange succeeds
[info]     + Given I wiremock stub an authorised user response 
[info]     + Then the response status should be '200' 
2026-03-09 14:28:20,827 level=[[34mINFO[0;39m] logger=[play.api.internal.libs.concurrent.CoordinatedShutdownSupport] thread=[pool-1-thread-1] rid=[] user=[] message=[Starting synchronous coordinated shutdown with ServerStoppedReason reason and 2147513000 milliseconds timeout] 
2026-03-09 14:28:20,827 level=[[34mINFO[0;39m] logger=[org.apache.pekko.actor.CoordinatedShutdown] thread=[application-pekko.actor.default-dispatcher-16] rid=[] user=[] message=[Running CoordinatedShutdown with reason [ServerStoppedReason]] 
2026-03-09 14:28:20,827 level=[[34mINFO[0;39m] logger=[play.core.server.PekkoHttpServer] thread=[application-pekko.actor.internal-dispatcher-5] rid=[] user=[] message=[Unbinding /0:0:0:0:0:0:0:0:64003] 
2026-03-09 14:28:20,827 level=[[34mINFO[0;39m] logger=[play.core.server.PekkoHttpServer] thread=[application-pekko.actor.internal-dispatcher-3] rid=[] user=[] message=[Terminating server binding for /0:0:0:0:0:0:0:0:64003] 
2026-03-09 14:28:20,828 level=[[34mINFO[0;39m] logger=[uk.gov.hmrc.mongo.play.PlayMongoComponent] thread=[application-pekko.actor.internal-dispatcher-3] rid=[] user=[] message=[MongoComponent stops, closing connections...] 
2026-03-09 14:28:20,830 level=[[34mINFO[0;39m] logger=[play.core.server.PekkoHttpServer] thread=[application-pekko.actor.internal-dispatcher-3] rid=[] user=[] message=[Running provided shutdown stop hooks] 
2026-03-09 14:28:20,843 level=[[34mINFO[0;39m] logger=[org.eclipse.jetty.server.Server] thread=[pool-1-thread-1] rid=[] user=[] message=[Stopped Server@18c00ded{STOPPING}[11.0.20,sto=1000]] 
2026-03-09 14:28:20,843 level=[[34mINFO[0;39m] logger=[org.eclipse.jetty.server.Server] thread=[pool-1-thread-1] rid=[] user=[] message=[Shutdown Server@18c00ded{STOPPING}[11.0.20,sto=1000]] 
2026-03-09 14:28:20,843 level=[[34mINFO[0;39m] logger=[org.eclipse.jetty.server.AbstractConnector] thread=[pool-1-thread-1] rid=[] user=[] message=[Stopped NetworkTrafficServerConnector@57f70e01{HTTP/1.1, (http/1.1, h2c)}{0.0.0.0:11111}] 
2026-03-09 14:28:20,844 level=[[34mINFO[0;39m] logger=[org.eclipse.jetty.server.handler.ContextHandler] thread=[pool-1-thread-1] rid=[] user=[] message=[Stopped o.e.j.s.ServletContextHandler@cd6c3b1{/,null,STOPPED}] 
2026-03-09 14:28:20,844 level=[[34mINFO[0;39m] logger=[org.eclipse.jetty.server.handler.ContextHandler] thread=[pool-1-thread-1] rid=[] user=[] message=[Stopped o.e.j.s.ServletContextHandler@64104fc7{/__admin,null,STOPPED}] 
2026-03-09 14:28:20,844 level=[[34mINFO[0;39m] logger=[play.api.http.HttpErrorHandlerExceptions] thread=[pool-1-thread-1] rid=[] user=[] message=[Registering exception handler: guice-provision-exception-handler] 
2026-03-09 14:28:20,860 level=[[34mINFO[0;39m] logger=[org.apache.pekko.event.slf4j.Slf4jLogger] thread=[application-pekko.actor.default-dispatcher-6] rid=[] user=[] message=[Slf4jLogger started] 
2026-03-09 14:28:20,868 level=[[34mINFO[0;39m] logger=[uk.gov.hmrc.mongo.play.PlayMongoComponent] thread=[pool-1-thread-1] rid=[] user=[] message=[MongoComponent starting...] 
2026-03-09 14:28:20,868 level=[[34mINFO[0;39m] logger=[uk.gov.hmrc.mongo.play.PlayMongoComponent] thread=[pool-1-thread-1] rid=[] user=[] message=[MongoComponent: MongoConnector configuration being used - hosts: [localhost:27017], database: income-tax-financial-details, query: ] 
2026-03-09 14:28:20,868 level=[[34mINFO[0;39m] logger=[org.mongodb.driver.client] thread=[pool-1-thread-1] rid=[] user=[] message=[MongoClient with metadata {"driver": {"name": "mongo-java-driver|scala|reactive-streams", "version": "5.6.1"}, "os": {"type": "Darwin", "name": "Mac OS X", "architecture": "aarch64", "version": "15.0"}, "platform": "Java/Eclipse Adoptium/11.0.19+7|Scala/version 2.13.16"} created with settings MongoClientSettings{readPreference=primary, writeConcern=WriteConcern{w=null, wTimeout=null ms, journal=null}, retryWrites=true, retryReads=true, readConcern=ReadConcern{level=null}, credential=null, transportSettings=null, commandListeners=[], codecRegistry=ProvidersCodecRegistry{codecProviders=[ProvidersCodecRegistry{codecProviders=[DocumentCodecProvider(), IterableCodecProvider(org.bson.codecs.BsonTypeClassMap@309f9fda,None)]}, ProvidersCodecRegistry{codecProviders=[ValueCodecProvider{}, BsonValueCodecProvider{}, DBRefCodecProvider{}, DBObjectCodecProvider{}, DocumentCodecProvider{}, CollectionCodecProvider{}, IterableCodecProvider{}, MapCodecProvider{}, GeoJsonCodecProvider{}, GridFSFileCodecProvider{}, Jsr310CodecProvider{}, JsonObjectCodecProvider{}, BsonCodecProvider{}, com.mongodb.client.model.mql.ExpressionCodecProvider@1c770e15, com.mongodb.Jep395RecordCodecProvider@1fb4eba2, com.mongodb.KotlinCodecProvider@436d44a2, EnumCodecProvider{}]}]}, loggerSettings=LoggerSettings{maxDocumentLength=1000}, clusterSettings={hosts=[localhost:27017], srvServiceName=mongodb, mode=SINGLE, requiredClusterType=UNKNOWN, requiredReplicaSetName='null', serverSelector='null', clusterListeners='[]', serverSelectionTimeout='30000 ms', localThreshold='15 ms'}, socketSettings=SocketSettings{connectTimeoutMS=10000, readTimeoutMS=0, receiveBufferSize=0, proxySettings=ProxySettings{host=null, port=null, username=null, password=null}}, heartbeatSocketSettings=SocketSettings{connectTimeoutMS=10000, readTimeoutMS=10000, receiveBufferSize=0, proxySettings=ProxySettings{host=null, port=null, username=null, password=null}}, connectionPoolSettings=ConnectionPoolSettings{maxSize=100, minSize=0, maxWaitTimeMS=120000, maxConnectionLifeTimeMS=0, maxConnectionIdleTimeMS=0, maintenanceInitialDelayMS=0, maintenanceFrequencyMS=60000, connectionPoolListeners=[], maxConnecting=2}, serverSettings=ServerSettings{heartbeatFrequencyMS=10000, minHeartbeatFrequencyMS=500, serverMonitoringMode=AUTO, serverListeners='[]', serverMonitorListeners='[]'}, sslSettings=SslSettings{enabled=false, invalidHostNameAllowed=false, context=null}, applicationName='null', compressorList=[], uuidRepresentation=UNSPECIFIED, serverApi=null, autoEncryptionSettings=null, dnsClient=null, inetAddressResolver=null, contextProvider=null, timeoutMS=null}] 
2026-03-09 14:28:20,869 level=[[34mINFO[0;39m] logger=[org.mongodb.driver.cluster] thread=[pool-1-thread-1] rid=[] user=[] message=[Waiting for server to become available for operation listCollections with ID 33. Remaining time: 29999 ms. Selector: ReadPreferenceServerSelector{readPreference=primary}, topology description: {type=UNKNOWN, servers=[{address=localhost:27017, type=UNKNOWN, state=CONNECTING}].] 
2026-03-09 14:28:20,870 level=[[34mINFO[0;39m] logger=[org.mongodb.driver.cluster] thread=[cluster-ClusterId{value='69aed9043a64b4a15b0fef24', description='null'}-localhost:27017] rid=[] user=[] message=[Monitor thread successfully connected to server with description ServerDescription{address=localhost:27017, type=REPLICA_SET_PRIMARY, cryptd=false, state=CONNECTED, ok=true, minWireVersion=0, maxWireVersion=21, maxDocumentSize=16777216, logicalSessionTimeoutMinutes=30, roundTripTimeNanos=1704708, minRoundTripTimeNanos=0, setName='rs0', canonicalAddress=7b24e14131ef:27017, hosts=[7b24e14131ef:27017], passives=[], arbiters=[], primary='7b24e14131ef:27017', tagSet=TagSet{[]}, electionId=7fffffff0000000000000004, setVersion=1, topologyVersion=TopologyVersion{processId=699430dbfbe980c01cd84116, counter=6}, lastWriteDate=Mon Mar 09 14:28:17 GMT 2026, lastUpdateTimeNanos=501675743108250}] 
2026-03-09 14:28:20,875 level=[[34mINFO[0;39m] logger=[uk.gov.hmrc.mongo.play.PlayMongoComponent] thread=[application-pekko.actor.default-dispatcher-6] rid=[] user=[] message=[Existing collections:
  ] 
2026-03-09 14:28:20,875 level=[[34mINFO[0;39m] logger=[uk.gov.hmrc.play.bootstrap.graphite.DisabledGraphiteReporting] thread=[pool-1-thread-1] rid=[] user=[] message=[Graphite metrics disabled] 
2026-03-09 14:28:20,876 level=[[31mWARN[0;39m] logger=[uk.gov.hmrc.play.bootstrap.audit.DisabledDatastreamMetricsProvider] thread=[pool-1-thread-1] rid=[] user=[] message=[DatastreamMetrics have been disabled since metrics are disabled: ENABLE IN ALL TESTING + PRODUCTION ENVIRONMENTS] 
2026-03-09 14:28:20,879 level=[[34mINFO[0;39m] logger=[play.api.http.EnabledFilters] thread=[pool-1-thread-1] rid=[] user=[] message=[Enabled Filters (see <https://www.playframework.com/documentation/latest/Filters>):

    uk.gov.hmrc.play.bootstrap.metrics.DisabledMetricsFilter
    uk.gov.hmrc.play.bootstrap.backend.filters.BackendMdcFilter
    uk.gov.hmrc.play.bootstrap.backend.filters.DefaultBackendAuditFilter
    uk.gov.hmrc.play.bootstrap.filters.DefaultLoggingFilter
    uk.gov.hmrc.play.bootstrap.filters.CacheControlFilter
    uk.gov.hmrc.play.bootstrap.backend.filters.session.DefaultBackendSessionLoggingFilter
] 
[info] FinancialDetailPaymentsControllerISpec:
2026-03-09 14:28:20,882 level=[[34mINFO[0;39m] logger=[org.eclipse.jetty.server.Server] thread=[pool-1-thread-1] rid=[] user=[] message=[jetty-11.0.20; built: 2024-01-29T21:04:22.394Z; git: 922f8dc188f7011e60d0361de585fd4ac4d63064; jvm 11.0.19+7] 
2026-03-09 14:28:20,882 level=[[34mINFO[0;39m] logger=[org.eclipse.jetty.server.handler.ContextHandler] thread=[pool-1-thread-1] rid=[] user=[] message=[Started o.e.j.s.ServletContextHandler@637a7a53{/__admin,null,AVAILABLE}] 
2026-03-09 14:28:20,883 level=[[34mINFO[0;39m] logger=[org.eclipse.jetty.server.handler.ContextHandler.ROOT] thread=[pool-1-thread-1] rid=[] user=[] message=[RequestHandlerClass from context returned com.github.tomakehurst.wiremock.http.StubRequestHandler. Normalized mapped under returned 'null'] 
2026-03-09 14:28:20,883 level=[[34mINFO[0;39m] logger=[org.eclipse.jetty.server.handler.ContextHandler] thread=[pool-1-thread-1] rid=[] user=[] message=[Started o.e.j.s.ServletContextHandler@5d71a57b{/,null,AVAILABLE}] 
2026-03-09 14:28:20,883 level=[[34mINFO[0;39m] logger=[org.eclipse.jetty.server.AbstractConnector] thread=[pool-1-thread-1] rid=[] user=[] message=[Started NetworkTrafficServerConnector@2259faa1{HTTP/1.1, (http/1.1, h2c)}{0.0.0.0:11111}] 
2026-03-09 14:28:20,883 level=[[34mINFO[0;39m] logger=[org.eclipse.jetty.server.Server] thread=[pool-1-thread-1] rid=[] user=[] message=[Started Server@f59d812{STARTING}[11.0.20,sto=1000] @3269ms] 
2026-03-09 14:28:20,893 level=[[34mINFO[0;39m] logger=[play.api.Play] thread=[pool-1-thread-1] rid=[] user=[] message=[Application started (Dev) (no global state)] 
[info] GET /income-tax-financial-details/BB123456A/financial-details/payments/from/from/to/to
[info]   should return 200
2026-03-09 14:28:20,897 level=[[34mINFO[0;39m] logger=[org.eclipse.jetty.server.handler.ContextHandler.__admin] thread=[qtp782532504-389] rid=[] user=[] message=[RequestHandlerClass from context returned com.github.tomakehurst.wiremock.http.AdminRequestHandler. Normalized mapped under returned 'null'] 
2026-03-09 14:28:20,903 level=[[31mWARN[0;39m] logger=[uk.gov.hmrc.play.audit.DefaultAuditConnector] thread=[application-pekko.actor.default-dispatcher-14] rid=[-] user=[] message=[auditing disabled for AuditConnector class uk.gov.hmrc.play.audit.DefaultAuditConnector] 
2026-03-09 14:28:20,904 level=[[39mDEBUG[0;39m] logger=[connector] thread=[application-pekko.actor.default-dispatcher-14] rid=[-] user=[] message=[:POST:501675774989833:501675.774s:-501675772646583:-501675772646583ns:2011:http://localhost:11111/auth/authorise:ok] 
2026-03-09 14:28:20,904 level=[[39mDEBUG[0;39m] logger=[connector] thread=[application-pekko.actor.default-dispatcher-14] rid=[-] user=[] message=[:POST:501675774989833:501675.774s:-501675772646583:-501675772646583ns:2011:http://localhost:11111/auth/authorise:ok] 
2026-03-09 14:28:20,905 level=[[34mINFO[0;39m] logger=[connectors.hip.FinancialDetailsHipConnector] thread=[application-pekko.actor.default-dispatcher-9] rid=[-] user=[] message=[FinancialDetailsHipConnector::URL: http://localhost:11111/etmp/RESTAdapter/itsa/taxpayer/financial-details?calculateAccruedInterest=true&customerPaymentInformation=true&dateFrom=from&dateTo=to&idNumber=BB123456A&idType=NINO&includeLocks=true&includeStatistical=false&onlyOpenItems=false&regimeType=ITSA&removePaymentonAccount=false 

Headers: List((Authorization,Basic dGVzdENsaWVudElkQ29uZmlnOnRlc3RTZWNyZXRDb25maWc=), (correlationId,c82dcf28-c6f3-4c0a-8f74-4be7bbbf0b9d), (X-Message-Type,ETMPGetFinancialDetails), (X-Originating-System,MDTP), (X-Receipt-Date,2026-03-09T14:28:20Z), (X-Transmitting-System,HIP))] 
2026-03-09 14:28:20,906 level=[[34mINFO[0;39m] logger=[connectors.hip.httpParsers.ChargeHipHttpParser] thread=[application-pekko.actor.default-dispatcher-13] rid=[-] user=[] message=[HipChargesResponse:::actual response {"success":{"taxpayerDetails":{"idType":"NINO","idNumber":"BB123456A","regimeType":"ITSA"},"balanceDetails":{"balanceDueWithin30days":100,"balanceNotDuein30Days":0,"overDueAmount":200,"totalBalance":300},"codingDetails":[{"totalLiabilityAmount":2300,"taxYearReturn":"2020"}],"documentDetails":[{"taxYear":"2018","documentID":"id","documentDescription":"documentDescription","documentText":"documentText","totalAmount":-1000,"documentOutstandingAmount":100,"documentDate":"2018-03-29","effectiveDateOfPayment":"2018-03-29"},{"taxYear":"2019","documentID":"id2","documentDescription":"documentDescription2","documentText":"documentText2","totalAmount":-1000,"documentOutstandingAmount":100,"documentDate":"2018-03-29","effectiveDateOfPayment":"2018-03-29"}],"financialDetailsItem":[{"taxYear":"2018","documentID":"id","documentDate":"2022-06-23","documentDescription":"type","originalAmount":-1000,"totalAmount":-1000,"outstandingAmount":0,"items":[{"subItem":"1","amount":-1000,"clearingDate":"2022-06-23","clearingReason":"clearingReason","outgoingPaymentMethod":"outgoingPaymentMethod","paymentReference":"paymentReference","paymentAmount":-1000,"dueDate":"2022-06-23","paymentMethod":"paymentMethod"}]},{"taxYear":"2019","documentID":"id2","documentDate":"2022-06-23","documentDescription":"type2","totalAmount":-1000,"originalAmount":-1000,"outstandingAmount":0,"items":[{"subItem":"2","amount":-1000,"clearingDate":"2022-06-23","clearingReason":"clearingReason2","outgoingPaymentMethod":"outgoingPaymentMethod2","paymentReference":"paymentReference2","paymentAmount":-1000,"dueDate":"2022-06-23","paymentMethod":"paymentMethod2"}]}]}}] 
2026-03-09 14:28:20,906 level=[[39mDEBUG[0;39m] logger=[connector] thread=[application-pekko.actor.default-dispatcher-9] rid=[-] user=[] message=[:GET:501675777490792:501675.777s:-501675775993959:-501675775993959ns:a104:http://localhost:11111/etmp/RESTAdapter/itsa/taxpayer/financial-details?calculateAccruedInterest=true&customerPaymentInformation=true&dateFrom=from&dateTo=to&idNumber=BB123456A&idType=NINO&includeLocks=true&includeStatistical=false&onlyOpenItems=false&regimeType=ITSA&removePaymentonAccount=false:ok] 
2026-03-09 14:28:20,906 level=[[39mDEBUG[0;39m] logger=[connector] thread=[application-pekko.actor.default-dispatcher-9] rid=[-] user=[] message=[:GET:501675777490792:501675.777s:-501675775993959:-501675775993959ns:a104:http://localhost:11111/etmp/RESTAdapter/itsa/taxpayer/financial-details?calculateAccruedInterest=true&customerPaymentInformation=true&dateFrom=from&dateTo=to&idNumber=BB123456A&idType=NINO&includeLocks=true&includeStatistical=false&onlyOpenItems=false&regimeType=ITSA&removePaymentonAccount=false:ok] 
2026-03-09 14:28:20,907 level=[[34mINFO[0;39m] logger=[controllers.FinancialDetailPaymentsController] thread=[application-pekko.actor.default-dispatcher-13] rid=[-] user=[] message=[FinancialDetailPaymentsController =>  [{"reference":"paymentReference","amount":-1000,"outstandingAmount":100,"documentDescription":"documentDescription","method":"paymentMethod","dueDate":"2018-03-29","documentDate":"2018-03-29","transactionId":"id"},{"reference":"paymentReference2","amount":-1000,"outstandingAmount":100,"documentDescription":"documentDescription2","method":"paymentMethod2","dueDate":"2018-03-29","documentDate":"2018-03-29","transactionId":"id2"}]] 
2026-03-09 14:28:20,907 level=[[34mINFO[0;39m] logger=[uk.gov.hmrc.play.bootstrap.filters.DefaultLoggingFilter] thread=[application-pekko.actor.default-dispatcher-14] rid=[-] user=[] message=[GET /income-tax-financial-details/BB123456A/financial-details/payments/from/from/to/to 200 5ms] 
[info]   - when payment details are successfully retrieved
[info]     + Given I wiremock stub an authorised user response 
[info]     + Then the response status should be '200' 
[info]   should return 404
2026-03-09 14:28:20,913 level=[[39mDEBUG[0;39m] logger=[connector] thread=[application-pekko.actor.default-dispatcher-9] rid=[-] user=[] message=[:POST:501675784445875:501675.784s:-501675783401333:-501675783401333ns:399a:http://localhost:11111/auth/authorise:ok] 
2026-03-09 14:28:20,913 level=[[39mDEBUG[0;39m] logger=[connector] thread=[application-pekko.actor.default-dispatcher-9] rid=[-] user=[] message=[:POST:501675784445875:501675.784s:-501675783401333:-501675783401333ns:399a:http://localhost:11111/auth/authorise:ok] 
2026-03-09 14:28:20,913 level=[[34mINFO[0;39m] logger=[connectors.hip.FinancialDetailsHipConnector] thread=[application-pekko.actor.default-dispatcher-13] rid=[-] user=[] message=[FinancialDetailsHipConnector::URL: http://localhost:11111/etmp/RESTAdapter/itsa/taxpayer/financial-details?calculateAccruedInterest=true&customerPaymentInformation=true&dateFrom=from&dateTo=to&idNumber=BB123456A&idType=NINO&includeLocks=true&includeStatistical=false&onlyOpenItems=false&regimeType=ITSA&removePaymentonAccount=false 

Headers: List((Authorization,Basic dGVzdENsaWVudElkQ29uZmlnOnRlc3RTZWNyZXRDb25maWc=), (correlationId,ad8ba0fd-ae7b-496e-bf7d-54713336b4af), (X-Message-Type,ETMPGetFinancialDetails), (X-Originating-System,MDTP), (X-Receipt-Date,2026-03-09T14:28:20Z), (X-Transmitting-System,HIP))] 
2026-03-09 14:28:20,914 level=[[1;31mERROR[0;39m] logger=[connectors.hip.httpParsers.ChargeHipHttpParser] thread=[application-pekko.actor.default-dispatcher-13] rid=[-] user=[] message=[404 returned from HiP with body: {"code":"NO_DATA_FOUND","reason":"The remote endpoint has indicated that no data can be found."}] 
2026-03-09 14:28:20,914 level=[[39mDEBUG[0;39m] logger=[connector] thread=[application-pekko.actor.default-dispatcher-11] rid=[-] user=[] message=[:GET:501675785605541:501675.785s:-501675784359166:-501675784359166ns:a2f:http://localhost:11111/etmp/RESTAdapter/itsa/taxpayer/financial-details?calculateAccruedInterest=true&customerPaymentInformation=true&dateFrom=from&dateTo=to&idNumber=BB123456A&idType=NINO&includeLocks=true&includeStatistical=false&onlyOpenItems=false&regimeType=ITSA&removePaymentonAccount=false:ok] 
2026-03-09 14:28:20,914 level=[[1;31mERROR[0;39m] logger=[connectors.hip.FinancialDetailsHipConnector] thread=[application-pekko.actor.default-dispatcher-13] rid=[-] user=[] message=[Response: UnexpectedChargeResponse(404,{"code":"NO_DATA_FOUND","reason":"The remote endpoint has indicated that no data can be found."})] 
2026-03-09 14:28:20,914 level=[[39mDEBUG[0;39m] logger=[connector] thread=[application-pekko.actor.default-dispatcher-11] rid=[-] user=[] message=[:GET:501675785605541:501675.785s:-501675784359166:-501675784359166ns:a2f:http://localhost:11111/etmp/RESTAdapter/itsa/taxpayer/financial-details?calculateAccruedInterest=true&customerPaymentInformation=true&dateFrom=from&dateTo=to&idNumber=BB123456A&idType=NINO&includeLocks=true&includeStatistical=false&onlyOpenItems=false&regimeType=ITSA&removePaymentonAccount=false:ok] 
2026-03-09 14:28:20,914 level=[[31mWARN[0;39m] logger=[services.FinancialDetailService] thread=[application-pekko.actor.default-dispatcher-13] rid=[-] user=[] message=[HiP getPayments failed, falling back to ViewAndChange. Error: UnexpectedChargeResponse(404,{"code":"NO_DATA_FOUND","reason":"The remote endpoint has indicated that no data can be found."})] 
2026-03-09 14:28:20,915 level=[[1;31mERROR[0;39m] logger=[connectors.httpParsers.ViewAndChangeHttpParser] thread=[application-pekko.actor.default-dispatcher-11] rid=[-] user=[] message=[ViewAndChange returned 404 with body: {"code":"NO_DATA_FOUND","reason":"The remote endpoint has indicated that no data can be found."}] 
2026-03-09 14:28:20,915 level=[[39mDEBUG[0;39m] logger=[connector] thread=[application-pekko.actor.default-dispatcher-13] rid=[-] user=[] message=[:GET:501675785605541:501675.785s:-501675783379874:-501675783379874ns:a2f:http://localhost:11111/income-tax-view-change/BB123456A/financial-details/payments/from/from/to/to:ok] 
2026-03-09 14:28:20,915 level=[[39mDEBUG[0;39m] logger=[connector] thread=[application-pekko.actor.default-dispatcher-13] rid=[-] user=[] message=[:GET:501675785605541:501675.785s:-501675783379874:-501675783379874ns:a2f:http://localhost:11111/income-tax-view-change/BB123456A/financial-details/payments/from/from/to/to:ok] 
2026-03-09 14:28:20,915 level=[[34mINFO[0;39m] logger=[uk.gov.hmrc.play.bootstrap.filters.DefaultLoggingFilter] thread=[application-pekko.actor.default-dispatcher-13] rid=[-] user=[] message=[GET /income-tax-financial-details/BB123456A/financial-details/payments/from/from/to/to 404 4ms] 
[info]   - when an unexpected status with NOT_FOUND was returned when retrieving payment details
[info]     + Given I wiremock stub an authorised user response 
[info]     + Then the response status should be '404' 
[info]   should return 500
2026-03-09 14:28:20,920 level=[[39mDEBUG[0;39m] logger=[connector] thread=[application-pekko.actor.default-dispatcher-10] rid=[-] user=[] message=[:POST:501675791948959:501675.791s:-501675790824126:-501675790824126ns:922e:http://localhost:11111/auth/authorise:ok] 
2026-03-09 14:28:20,920 level=[[39mDEBUG[0;39m] logger=[connector] thread=[application-pekko.actor.default-dispatcher-10] rid=[-] user=[] message=[:POST:501675791948959:501675.791s:-501675790824126:-501675790824126ns:922e:http://localhost:11111/auth/authorise:ok] 
2026-03-09 14:28:20,920 level=[[34mINFO[0;39m] logger=[connectors.hip.FinancialDetailsHipConnector] thread=[application-pekko.actor.default-dispatcher-6] rid=[-] user=[] message=[FinancialDetailsHipConnector::URL: http://localhost:11111/etmp/RESTAdapter/itsa/taxpayer/financial-details?calculateAccruedInterest=true&customerPaymentInformation=true&dateFrom=from&dateTo=to&idNumber=BB123456A&idType=NINO&includeLocks=true&includeStatistical=false&onlyOpenItems=false&regimeType=ITSA&removePaymentonAccount=false 

Headers: List((Authorization,Basic dGVzdENsaWVudElkQ29uZmlnOnRlc3RTZWNyZXRDb25maWc=), (correlationId,f9e5e629-ccd4-4dc1-a738-6ea0db10af71), (X-Message-Type,ETMPGetFinancialDetails), (X-Originating-System,MDTP), (X-Receipt-Date,2026-03-09T14:28:20Z), (X-Transmitting-System,HIP))] 
2026-03-09 14:28:20,922 level=[[34mINFO[0;39m] logger=[connectors.hip.httpParsers.ChargeHipHttpParser] thread=[application-pekko.actor.default-dispatcher-6] rid=[-] user=[] message=[Unexpected Response from Hip with status: 503] 
2026-03-09 14:28:20,922 level=[[39mDEBUG[0;39m] logger=[connector] thread=[application-pekko.actor.default-dispatcher-10] rid=[-] user=[] message=[:GET:501675793197458:501675.793s:-501675791908208:-501675791908208ns:f376:http://localhost:11111/etmp/RESTAdapter/itsa/taxpayer/financial-details?calculateAccruedInterest=true&customerPaymentInformation=true&dateFrom=from&dateTo=to&idNumber=BB123456A&idType=NINO&includeLocks=true&includeStatistical=false&onlyOpenItems=false&regimeType=ITSA&removePaymentonAccount=false:ok] 
2026-03-09 14:28:20,922 level=[[1;31mERROR[0;39m] logger=[connectors.hip.FinancialDetailsHipConnector] thread=[application-pekko.actor.default-dispatcher-6] rid=[-] user=[] message=[Response: UnexpectedChargeErrorResponse] 
2026-03-09 14:28:20,922 level=[[39mDEBUG[0;39m] logger=[connector] thread=[application-pekko.actor.default-dispatcher-10] rid=[-] user=[] message=[:GET:501675793197458:501675.793s:-501675791908208:-501675791908208ns:f376:http://localhost:11111/etmp/RESTAdapter/itsa/taxpayer/financial-details?calculateAccruedInterest=true&customerPaymentInformation=true&dateFrom=from&dateTo=to&idNumber=BB123456A&idType=NINO&includeLocks=true&includeStatistical=false&onlyOpenItems=false&regimeType=ITSA&removePaymentonAccount=false:ok] 
2026-03-09 14:28:20,922 level=[[31mWARN[0;39m] logger=[services.FinancialDetailService] thread=[application-pekko.actor.default-dispatcher-6] rid=[-] user=[] message=[HiP getPayments failed, falling back to ViewAndChange. Error: UnexpectedChargeErrorResponse] 
2026-03-09 14:28:20,922 level=[[1;31mERROR[0;39m] logger=[connectors.httpParsers.ViewAndChangeHttpParser] thread=[application-pekko.actor.default-dispatcher-6] rid=[-] user=[] message=[Unexpected response from ViewAndChange with status: 503 and body: ] 
2026-03-09 14:28:20,922 level=[[39mDEBUG[0;39m] logger=[connector] thread=[application-pekko.actor.default-dispatcher-10] rid=[-] user=[] message=[:GET:501675793197417:501675.793s:-501675791232167:-501675791232167ns:f376:http://localhost:11111/income-tax-view-change/BB123456A/financial-details/payments/from/from/to/to:ok] 
2026-03-09 14:28:20,922 level=[[39mDEBUG[0;39m] logger=[connector] thread=[application-pekko.actor.default-dispatcher-10] rid=[-] user=[] message=[:GET:501675793197417:501675.793s:-501675791232167:-501675791232167ns:f376:http://localhost:11111/income-tax-view-change/BB123456A/financial-details/payments/from/from/to/to:ok] 
2026-03-09 14:28:20,922 level=[[34mINFO[0;39m] logger=[uk.gov.hmrc.play.bootstrap.filters.DefaultLoggingFilter] thread=[application-pekko.actor.default-dispatcher-12] rid=[-] user=[] message=[GET /income-tax-financial-details/BB123456A/financial-details/payments/from/from/to/to 500 3ms] 
[info]   - when an unexpected status was returned when retrieving payment details
[info]     + Given I wiremock stub an authorised user response 
[info]     + Then the response status should be '500' 
2026-03-09 14:28:20,927 level=[[39mDEBUG[0;39m] logger=[connector] thread=[application-pekko.actor.default-dispatcher-12] rid=[-] user=[] message=[:POST:501675798948875:501675.798s:-501675798049583:-501675798049583ns:49d6:http://localhost:11111/auth/authorise:ok] 
2026-03-09 14:28:20,927 level=[[39mDEBUG[0;39m] logger=[connector] thread=[application-pekko.actor.default-dispatcher-12] rid=[-] user=[] message=[:POST:501675798948875:501675.798s:-501675798049583:-501675798049583ns:49d6:http://localhost:11111/auth/authorise:ok] 
2026-03-09 14:28:20,927 level=[[34mINFO[0;39m] logger=[connectors.hip.FinancialDetailsHipConnector] thread=[application-pekko.actor.default-dispatcher-12] rid=[-] user=[] message=[FinancialDetailsHipConnector::URL: http://localhost:11111/etmp/RESTAdapter/itsa/taxpayer/financial-details?calculateAccruedInterest=true&customerPaymentInformation=true&dateFrom=from&dateTo=to&idNumber=BB123456A&idType=NINO&includeLocks=true&includeStatistical=false&onlyOpenItems=false&regimeType=ITSA&removePaymentonAccount=false 

Headers: List((Authorization,Basic dGVzdENsaWVudElkQ29uZmlnOnRlc3RTZWNyZXRDb25maWc=), (correlationId,b060e207-bbae-4217-8f24-8e31ae5f0dcd), (X-Message-Type,ETMPGetFinancialDetails), (X-Originating-System,MDTP), (X-Receipt-Date,2026-03-09T14:28:20Z), (X-Transmitting-System,HIP))] 
2026-03-09 14:28:20,928 level=[[39mDEBUG[0;39m] logger=[connector] thread=[application-pekko.actor.default-dispatcher-13] rid=[-] user=[] message=[:GET:501675799963583:501675.799s:-501675798948833:-501675798948833ns:7bef:http://localhost:11111/etmp/RESTAdapter/itsa/taxpayer/financial-details?calculateAccruedInterest=true&customerPaymentInformation=true&dateFrom=from&dateTo=to&idNumber=BB123456A&idType=NINO&includeLocks=true&includeStatistical=false&onlyOpenItems=false&regimeType=ITSA&removePaymentonAccount=false:ok] 
2026-03-09 14:28:20,928 level=[[34mINFO[0;39m] logger=[connectors.hip.httpParsers.ChargeHipHttpParser] thread=[application-pekko.actor.default-dispatcher-12] rid=[-] user=[] message=[Unexpected Response from Hip with status: 503] 
2026-03-09 14:28:20,928 level=[[39mDEBUG[0;39m] logger=[connector] thread=[application-pekko.actor.default-dispatcher-13] rid=[-] user=[] message=[:GET:501675799963583:501675.799s:-501675798948833:-501675798948833ns:7bef:http://localhost:11111/etmp/RESTAdapter/itsa/taxpayer/financial-details?calculateAccruedInterest=true&customerPaymentInformation=true&dateFrom=from&dateTo=to&idNumber=BB123456A&idType=NINO&includeLocks=true&includeStatistical=false&onlyOpenItems=false&regimeType=ITSA&removePaymentonAccount=false:ok] 
2026-03-09 14:28:20,928 level=[[1;31mERROR[0;39m] logger=[connectors.hip.FinancialDetailsHipConnector] thread=[application-pekko.actor.default-dispatcher-12] rid=[-] user=[] message=[Response: UnexpectedChargeErrorResponse] 
2026-03-09 14:28:20,928 level=[[31mWARN[0;39m] logger=[services.FinancialDetailService] thread=[application-pekko.actor.default-dispatcher-12] rid=[-] user=[] message=[HiP getPayments failed, falling back to ViewAndChange. Error: UnexpectedChargeErrorResponse] 
2026-03-09 14:28:20,929 level=[[39mDEBUG[0;39m] logger=[connector] thread=[application-pekko.actor.default-dispatcher-13] rid=[-] user=[] message=[:GET:501675799963625:501675.799s:-501675798274875:-501675798274875ns:7bef:http://localhost:11111/income-tax-view-change/BB123456A/financial-details/payments/from/from/to/to:ok] 
2026-03-09 14:28:20,929 level=[[39mDEBUG[0;39m] logger=[connector] thread=[application-pekko.actor.default-dispatcher-13] rid=[-] user=[] message=[:GET:501675799963625:501675.799s:-501675798274875:-501675798274875ns:7bef:http://localhost:11111/income-tax-view-change/BB123456A/financial-details/payments/from/from/to/to:ok] 
2026-03-09 14:28:20,929 level=[[34mINFO[0;39m] logger=[controllers.FinancialDetailPaymentsController] thread=[application-pekko.actor.default-dispatcher-12] rid=[-] user=[] message=[FinancialDetailPaymentsController =>  [{"reference":"paymentReference","amount":-1000,"outstandingAmount":100,"documentDescription":"documentDescription","method":"paymentMethod","dueDate":"2018-03-29","documentDate":"2018-03-29","transactionId":"id"},{"reference":"paymentReference2","amount":-1000,"outstandingAmount":100,"documentDescription":"documentDescription2","method":"paymentMethod2","dueDate":"2018-03-29","documentDate":"2018-03-29","transactionId":"id2"}]] 
2026-03-09 14:28:20,929 level=[[34mINFO[0;39m] logger=[uk.gov.hmrc.play.bootstrap.filters.DefaultLoggingFilter] thread=[application-pekko.actor.default-dispatcher-9] rid=[-] user=[] message=[GET /income-tax-financial-details/BB123456A/financial-details/payments/from/from/to/to 200 3ms] 
[info] - should the call to HiP fails but ViewAndChange succeeds
[info]   + Given I wiremock stub an authorised user response 
2026-03-09 14:28:20,930 level=[[34mINFO[0;39m] logger=[play.api.internal.libs.concurrent.CoordinatedShutdownSupport] thread=[pool-1-thread-1] rid=[] user=[] message=[Starting synchronous coordinated shutdown with ServerStoppedReason reason and 2147513000 milliseconds timeout] 
[info]   + Then the response status should be '200' 
2026-03-09 14:28:20,930 level=[[34mINFO[0;39m] logger=[org.apache.pekko.actor.CoordinatedShutdown] thread=[application-pekko.actor.default-dispatcher-13] rid=[] user=[] message=[Running CoordinatedShutdown with reason [ServerStoppedReason]] 
2026-03-09 14:28:20,930 level=[[34mINFO[0;39m] logger=[play.core.server.PekkoHttpServer] thread=[application-pekko.actor.internal-dispatcher-4] rid=[] user=[] message=[Unbinding /0:0:0:0:0:0:0:0:64010] 
2026-03-09 14:28:20,930 level=[[34mINFO[0;39m] logger=[play.core.server.PekkoHttpServer] thread=[application-pekko.actor.internal-dispatcher-5] rid=[] user=[] message=[Terminating server binding for /0:0:0:0:0:0:0:0:64010] 
2026-03-09 14:28:20,932 level=[[34mINFO[0;39m] logger=[uk.gov.hmrc.mongo.play.PlayMongoComponent] thread=[application-pekko.actor.internal-dispatcher-5] rid=[] user=[] message=[MongoComponent stops, closing connections...] 
2026-03-09 14:28:20,935 level=[[34mINFO[0;39m] logger=[play.core.server.PekkoHttpServer] thread=[application-pekko.actor.internal-dispatcher-4] rid=[] user=[] message=[Running provided shutdown stop hooks] 
2026-03-09 14:28:20,942 level=[[34mINFO[0;39m] logger=[org.eclipse.jetty.server.Server] thread=[pool-1-thread-1] rid=[] user=[] message=[Stopped Server@f59d812{STOPPING}[11.0.20,sto=1000]] 
2026-03-09 14:28:20,942 level=[[34mINFO[0;39m] logger=[org.eclipse.jetty.server.Server] thread=[pool-1-thread-1] rid=[] user=[] message=[Shutdown Server@f59d812{STOPPING}[11.0.20,sto=1000]] 
2026-03-09 14:28:20,943 level=[[34mINFO[0;39m] logger=[org.eclipse.jetty.server.AbstractConnector] thread=[pool-1-thread-1] rid=[] user=[] message=[Stopped NetworkTrafficServerConnector@2259faa1{HTTP/1.1, (http/1.1, h2c)}{0.0.0.0:11111}] 
2026-03-09 14:28:20,943 level=[[34mINFO[0;39m] logger=[org.eclipse.jetty.server.handler.ContextHandler] thread=[pool-1-thread-1] rid=[] user=[] message=[Stopped o.e.j.s.ServletContextHandler@5d71a57b{/,null,STOPPED}] 
2026-03-09 14:28:20,943 level=[[34mINFO[0;39m] logger=[org.eclipse.jetty.server.handler.ContextHandler] thread=[pool-1-thread-1] rid=[] user=[] message=[Stopped o.e.j.s.ServletContextHandler@637a7a53{/__admin,null,STOPPED}] 
2026-03-09 14:28:20,943 level=[[34mINFO[0;39m] logger=[play.api.http.HttpErrorHandlerExceptions] thread=[pool-1-thread-1] rid=[] user=[] message=[Registering exception handler: guice-provision-exception-handler] 
2026-03-09 14:28:20,958 level=[[34mINFO[0;39m] logger=[org.apache.pekko.event.slf4j.Slf4jLogger] thread=[application-pekko.actor.default-dispatcher-7] rid=[] user=[] message=[Slf4jLogger started] 
2026-03-09 14:28:20,967 level=[[34mINFO[0;39m] logger=[uk.gov.hmrc.play.bootstrap.graphite.DisabledGraphiteReporting] thread=[pool-1-thread-1] rid=[] user=[] message=[Graphite metrics disabled] 
2026-03-09 14:28:20,967 level=[[34mINFO[0;39m] logger=[uk.gov.hmrc.mongo.play.PlayMongoComponent] thread=[pool-1-thread-1] rid=[] user=[] message=[MongoComponent starting...] 
2026-03-09 14:28:20,967 level=[[34mINFO[0;39m] logger=[uk.gov.hmrc.mongo.play.PlayMongoComponent] thread=[pool-1-thread-1] rid=[] user=[] message=[MongoComponent: MongoConnector configuration being used - hosts: [localhost:27017], database: income-tax-financial-details, query: ] 
2026-03-09 14:28:20,967 level=[[34mINFO[0;39m] logger=[org.mongodb.driver.client] thread=[pool-1-thread-1] rid=[] user=[] message=[MongoClient with metadata {"driver": {"name": "mongo-java-driver|scala|reactive-streams", "version": "5.6.1"}, "os": {"type": "Darwin", "name": "Mac OS X", "architecture": "aarch64", "version": "15.0"}, "platform": "Java/Eclipse Adoptium/11.0.19+7|Scala/version 2.13.16"} created with settings MongoClientSettings{readPreference=primary, writeConcern=WriteConcern{w=null, wTimeout=null ms, journal=null}, retryWrites=true, retryReads=true, readConcern=ReadConcern{level=null}, credential=null, transportSettings=null, commandListeners=[], codecRegistry=ProvidersCodecRegistry{codecProviders=[ProvidersCodecRegistry{codecProviders=[DocumentCodecProvider(), IterableCodecProvider(org.bson.codecs.BsonTypeClassMap@309f9fda,None)]}, ProvidersCodecRegistry{codecProviders=[ValueCodecProvider{}, BsonValueCodecProvider{}, DBRefCodecProvider{}, DBObjectCodecProvider{}, DocumentCodecProvider{}, CollectionCodecProvider{}, IterableCodecProvider{}, MapCodecProvider{}, GeoJsonCodecProvider{}, GridFSFileCodecProvider{}, Jsr310CodecProvider{}, JsonObjectCodecProvider{}, BsonCodecProvider{}, com.mongodb.client.model.mql.ExpressionCodecProvider@1c770e15, com.mongodb.Jep395RecordCodecProvider@1fb4eba2, com.mongodb.KotlinCodecProvider@436d44a2, EnumCodecProvider{}]}]}, loggerSettings=LoggerSettings{maxDocumentLength=1000}, clusterSettings={hosts=[localhost:27017], srvServiceName=mongodb, mode=SINGLE, requiredClusterType=UNKNOWN, requiredReplicaSetName='null', serverSelector='null', clusterListeners='[]', serverSelectionTimeout='30000 ms', localThreshold='15 ms'}, socketSettings=SocketSettings{connectTimeoutMS=10000, readTimeoutMS=0, receiveBufferSize=0, proxySettings=ProxySettings{host=null, port=null, username=null, password=null}}, heartbeatSocketSettings=SocketSettings{connectTimeoutMS=10000, readTimeoutMS=10000, receiveBufferSize=0, proxySettings=ProxySettings{host=null, port=null, username=null, password=null}}, connectionPoolSettings=ConnectionPoolSettings{maxSize=100, minSize=0, maxWaitTimeMS=120000, maxConnectionLifeTimeMS=0, maxConnectionIdleTimeMS=0, maintenanceInitialDelayMS=0, maintenanceFrequencyMS=60000, connectionPoolListeners=[], maxConnecting=2}, serverSettings=ServerSettings{heartbeatFrequencyMS=10000, minHeartbeatFrequencyMS=500, serverMonitoringMode=AUTO, serverListeners='[]', serverMonitorListeners='[]'}, sslSettings=SslSettings{enabled=false, invalidHostNameAllowed=false, context=null}, applicationName='null', compressorList=[], uuidRepresentation=UNSPECIFIED, serverApi=null, autoEncryptionSettings=null, dnsClient=null, inetAddressResolver=null, contextProvider=null, timeoutMS=null}] 
2026-03-09 14:28:20,968 level=[[34mINFO[0;39m] logger=[org.mongodb.driver.cluster] thread=[pool-1-thread-1] rid=[] user=[] message=[Waiting for server to become available for operation listCollections with ID 38. Remaining time: 29999 ms. Selector: ReadPreferenceServerSelector{readPreference=primary}, topology description: {type=UNKNOWN, servers=[{address=localhost:27017, type=UNKNOWN, state=CONNECTING}].] 
2026-03-09 14:28:20,971 level=[[34mINFO[0;39m] logger=[org.mongodb.driver.cluster] thread=[cluster-ClusterId{value='69aed9043a64b4a15b0fef25', description='null'}-localhost:27017] rid=[] user=[] message=[Monitor thread successfully connected to server with description ServerDescription{address=localhost:27017, type=REPLICA_SET_PRIMARY, cryptd=false, state=CONNECTED, ok=true, minWireVersion=0, maxWireVersion=21, maxDocumentSize=16777216, logicalSessionTimeoutMinutes=30, roundTripTimeNanos=3371292, minRoundTripTimeNanos=0, setName='rs0', canonicalAddress=7b24e14131ef:27017, hosts=[7b24e14131ef:27017], passives=[], arbiters=[], primary='7b24e14131ef:27017', tagSet=TagSet{[]}, electionId=7fffffff0000000000000004, setVersion=1, topologyVersion=TopologyVersion{processId=699430dbfbe980c01cd84116, counter=6}, lastWriteDate=Mon Mar 09 14:28:17 GMT 2026, lastUpdateTimeNanos=501675843912666}] 
2026-03-09 14:28:20,978 level=[[34mINFO[0;39m] logger=[uk.gov.hmrc.mongo.play.PlayMongoComponent] thread=[application-pekko.actor.default-dispatcher-7] rid=[] user=[] message=[Existing collections:
  ] 
2026-03-09 14:28:20,979 level=[[31mWARN[0;39m] logger=[uk.gov.hmrc.play.bootstrap.audit.DisabledDatastreamMetricsProvider] thread=[pool-1-thread-1] rid=[] user=[] message=[DatastreamMetrics have been disabled since metrics are disabled: ENABLE IN ALL TESTING + PRODUCTION ENVIRONMENTS] 
2026-03-09 14:28:20,982 level=[[34mINFO[0;39m] logger=[play.api.http.EnabledFilters] thread=[pool-1-thread-1] rid=[] user=[] message=[Enabled Filters (see <https://www.playframework.com/documentation/latest/Filters>):

    uk.gov.hmrc.play.bootstrap.metrics.DisabledMetricsFilter
    uk.gov.hmrc.play.bootstrap.backend.filters.BackendMdcFilter
    uk.gov.hmrc.play.bootstrap.backend.filters.DefaultBackendAuditFilter
    uk.gov.hmrc.play.bootstrap.filters.DefaultLoggingFilter
    uk.gov.hmrc.play.bootstrap.filters.CacheControlFilter
    uk.gov.hmrc.play.bootstrap.backend.filters.session.DefaultBackendSessionLoggingFilter
] 
[info] ChargeHistoryControllerISpec:
2026-03-09 14:28:20,987 level=[[34mINFO[0;39m] logger=[org.eclipse.jetty.server.Server] thread=[pool-1-thread-1] rid=[] user=[] message=[jetty-11.0.20; built: 2024-01-29T21:04:22.394Z; git: 922f8dc188f7011e60d0361de585fd4ac4d63064; jvm 11.0.19+7] 
2026-03-09 14:28:20,988 level=[[34mINFO[0;39m] logger=[org.eclipse.jetty.server.handler.ContextHandler] thread=[pool-1-thread-1] rid=[] user=[] message=[Started o.e.j.s.ServletContextHandler@38a78d65{/__admin,null,AVAILABLE}] 
2026-03-09 14:28:20,988 level=[[34mINFO[0;39m] logger=[org.eclipse.jetty.server.handler.ContextHandler.ROOT] thread=[pool-1-thread-1] rid=[] user=[] message=[RequestHandlerClass from context returned com.github.tomakehurst.wiremock.http.StubRequestHandler. Normalized mapped under returned 'null'] 
2026-03-09 14:28:20,988 level=[[34mINFO[0;39m] logger=[org.eclipse.jetty.server.handler.ContextHandler] thread=[pool-1-thread-1] rid=[] user=[] message=[Started o.e.j.s.ServletContextHandler@38a551ef{/,null,AVAILABLE}] 
2026-03-09 14:28:20,988 level=[[34mINFO[0;39m] logger=[org.eclipse.jetty.server.AbstractConnector] thread=[pool-1-thread-1] rid=[] user=[] message=[Started NetworkTrafficServerConnector@5ee8b7fb{HTTP/1.1, (http/1.1, h2c)}{0.0.0.0:11111}] 
2026-03-09 14:28:20,988 level=[[34mINFO[0;39m] logger=[org.eclipse.jetty.server.Server] thread=[pool-1-thread-1] rid=[] user=[] message=[Started Server@670910a6{STARTING}[11.0.20,sto=1000] @3375ms] 
2026-03-09 14:28:20,995 level=[[34mINFO[0;39m] logger=[play.api.Play] thread=[pool-1-thread-1] rid=[] user=[] message=[Application started (Dev) (no global state)] 
[info] GET /income-tax-financial-details/charge-history/AA123456A/chargeReference/XAIT000000000000
[info]   should return 200
2026-03-09 14:28:21,001 level=[[34mINFO[0;39m] logger=[org.eclipse.jetty.server.handler.ContextHandler.__admin] thread=[qtp1684114321-448] rid=[] user=[] message=[RequestHandlerClass from context returned com.github.tomakehurst.wiremock.http.AdminRequestHandler. Normalized mapped under returned 'null'] 
2026-03-09 14:28:21,010 level=[[31mWARN[0;39m] logger=[uk.gov.hmrc.play.audit.DefaultAuditConnector] thread=[application-pekko.actor.default-dispatcher-8] rid=[-] user=[] message=[auditing disabled for AuditConnector class uk.gov.hmrc.play.audit.DefaultAuditConnector] 
2026-03-09 14:28:21,011 level=[[39mDEBUG[0;39m] logger=[connector] thread=[application-pekko.actor.default-dispatcher-7] rid=[-] user=[] message=[:POST:501675880989416:501675.880s:-501675877934208:-501675877934208ns:2429:http://localhost:11111/auth/authorise:ok] 
2026-03-09 14:28:21,011 level=[[39mDEBUG[0;39m] logger=[connector] thread=[application-pekko.actor.default-dispatcher-7] rid=[-] user=[] message=[:POST:501675880989416:501675.880s:-501675877934208:-501675877934208ns:2429:http://localhost:11111/auth/authorise:ok] 
2026-03-09 14:28:21,013 level=[[39mDEBUG[0;39m] logger=[connector] thread=[application-pekko.actor.default-dispatcher-10] rid=[-] user=[] message=[:GET:501675884206958:501675.884s:-501675882824208:-501675882824208ns:8c1:http://localhost:11111/etmp/RESTAdapter/ITSA/TaxPayer/GetChargeHistory?idType=NINO&idValue=AA123456A&chargeReference=XAIT000000000000:ok] 
2026-03-09 14:28:21,013 level=[[39mDEBUG[0;39m] logger=[connector] thread=[application-pekko.actor.default-dispatcher-10] rid=[-] user=[] message=[:GET:501675884206958:501675.884s:-501675882824208:-501675882824208ns:8c1:http://localhost:11111/etmp/RESTAdapter/ITSA/TaxPayer/GetChargeHistory?idType=NINO&idValue=AA123456A&chargeReference=XAIT000000000000:ok] 
2026-03-09 14:28:21,015 level=[[34mINFO[0;39m] logger=[connectors.hip.GetChargeHistoryConnector] thread=[application-pekko.actor.default-dispatcher-7] rid=[-] user=[] message=[Successfully parsed response to ChargeHistorySuccess model] 
2026-03-09 14:28:21,015 level=[[34mINFO[0;39m] logger=[uk.gov.hmrc.play.bootstrap.filters.DefaultLoggingFilter] thread=[application-pekko.actor.default-dispatcher-7] rid=[-] user=[] message=[GET /income-tax-financial-details/charge-history/AA123456A/chargeReference/XAIT000000000000 200 7ms] 
[info]   - when charge details are successfully retrieved
[info]     + Given I wiremock stub an authorised user response 
[info]     + Then the response status should be '200' 
[info]   should return 404
2026-03-09 14:28:21,021 level=[[39mDEBUG[0;39m] logger=[connector] thread=[application-pekko.actor.default-dispatcher-17] rid=[-] user=[] message=[:POST:501675892665958:501675.892s:-501675891310500:-501675891310500ns:f592:http://localhost:11111/auth/authorise:ok] 
2026-03-09 14:28:21,021 level=[[39mDEBUG[0;39m] logger=[connector] thread=[application-pekko.actor.default-dispatcher-17] rid=[-] user=[] message=[:POST:501675892665958:501675.892s:-501675891310500:-501675891310500ns:f592:http://localhost:11111/auth/authorise:ok] 
2026-03-09 14:28:21,023 level=[[39mDEBUG[0;39m] logger=[connector] thread=[application-pekko.actor.default-dispatcher-7] rid=[-] user=[] message=[:GET:501675894255750:501675.894s:-501675892342125:-501675892342125ns:2cd7:http://localhost:11111/etmp/RESTAdapter/ITSA/TaxPayer/GetChargeHistory?idType=NINO&idValue=AA123456A&chargeReference=XAIT000000000000:ok] 
2026-03-09 14:28:21,023 level=[[39mDEBUG[0;39m] logger=[connector] thread=[application-pekko.actor.default-dispatcher-7] rid=[-] user=[] message=[:GET:501675894255750:501675.894s:-501675892342125:-501675892342125ns:2cd7:http://localhost:11111/etmp/RESTAdapter/ITSA/TaxPayer/GetChargeHistory?idType=NINO&idValue=AA123456A&chargeReference=XAIT000000000000:ok] 
2026-03-09 14:28:21,024 level=[[31mWARN[0;39m] logger=[connectors.hip.GetChargeHistoryConnector] thread=[application-pekko.actor.default-dispatcher-17] rid=[-] user=[] message=[ RESPONSE status: 404, body: {"status":404,"reason":"No charge history data was found"}] 
2026-03-09 14:28:21,025 level=[[39mDEBUG[0;39m] logger=[connector] thread=[application-pekko.actor.default-dispatcher-10] rid=[-] user=[] message=[:GET:501675894255750:501675.894s:-501675891034792:-501675891034792ns:2cd7:http://localhost:11111/etmp/RESTAdapter/ITSA/TaxPayer/GetChargeHistory?idType=NINO&idValue=AA123456A&chargeReference=XAIT000000000000:ok] 
2026-03-09 14:28:21,025 level=[[39mDEBUG[0;39m] logger=[connector] thread=[application-pekko.actor.default-dispatcher-10] rid=[-] user=[] message=[:GET:501675894255750:501675.894s:-501675891034792:-501675891034792ns:2cd7:http://localhost:11111/etmp/RESTAdapter/ITSA/TaxPayer/GetChargeHistory?idType=NINO&idValue=AA123456A&chargeReference=XAIT000000000000:ok] 
2026-03-09 14:28:21,025 level=[[31mWARN[0;39m] logger=[connectors.ViewAndChangeConnector] thread=[application-pekko.actor.default-dispatcher-8] rid=[-] user=[] message=[ RESPONSE status: 404, body: {"status":404,"reason":"No charge history data was found"}] 
2026-03-09 14:28:21,025 level=[[34mINFO[0;39m] logger=[uk.gov.hmrc.play.bootstrap.filters.DefaultLoggingFilter] thread=[application-pekko.actor.default-dispatcher-8] rid=[-] user=[] message=[GET /income-tax-financial-details/charge-history/AA123456A/chargeReference/XAIT000000000000 404 6ms] 
[info]   - when an unexpected status with NOT_FOUND was returned when retrieving charge details
[info]     + Given I wiremock stub an authorised user response 
[info]     + Then the response status should be '404' 
2026-03-09 14:28:21,030 level=[[39mDEBUG[0;39m] logger=[connector] thread=[application-pekko.actor.default-dispatcher-7] rid=[-] user=[] message=[:POST:501675902145750:501675.902s:-501675900967334:-501675900967334ns:861c:http://localhost:11111/auth/authorise:ok] 
2026-03-09 14:28:21,030 level=[[39mDEBUG[0;39m] logger=[connector] thread=[application-pekko.actor.default-dispatcher-7] rid=[-] user=[] message=[:POST:501675902145750:501675.902s:-501675900967334:-501675900967334ns:861c:http://localhost:11111/auth/authorise:ok] 
2026-03-09 14:28:21,031 level=[[39mDEBUG[0;39m] logger=[connector] thread=[application-pekko.actor.default-dispatcher-7] rid=[-] user=[] message=[:GET:501675903466791:501675.903s:-501675902654874:-501675902654874ns:b073:http://localhost:11111/etmp/RESTAdapter/ITSA/TaxPayer/GetChargeHistory?idType=NINO&idValue=AA123456A&chargeReference=XAIT000000000000:ok] 
2026-03-09 14:28:21,031 level=[[39mDEBUG[0;39m] logger=[connector] thread=[application-pekko.actor.default-dispatcher-7] rid=[-] user=[] message=[:GET:501675903466791:501675.903s:-501675902654874:-501675902654874ns:b073:http://localhost:11111/etmp/RESTAdapter/ITSA/TaxPayer/GetChargeHistory?idType=NINO&idValue=AA123456A&chargeReference=XAIT000000000000:ok] 
2026-03-09 14:28:21,032 level=[[34mINFO[0;39m] logger=[connectors.hip.GetChargeHistoryConnector] thread=[application-pekko.actor.default-dispatcher-16] rid=[-] user=[] message=[Resource not found code identified, code:005, converting to 404 response] 
2026-03-09 14:28:21,033 level=[[39mDEBUG[0;39m] logger=[connector] thread=[application-pekko.actor.default-dispatcher-10] rid=[-] user=[] message=[:GET:501675903466791:501675.903s:-501675901346458:-501675901346458ns:b073:http://localhost:11111/etmp/RESTAdapter/ITSA/TaxPayer/GetChargeHistory?idType=NINO&idValue=AA123456A&chargeReference=XAIT000000000000:ok] 
2026-03-09 14:28:21,033 level=[[39mDEBUG[0;39m] logger=[connector] thread=[application-pekko.actor.default-dispatcher-10] rid=[-] user=[] message=[:GET:501675903466791:501675.903s:-501675901346458:-501675901346458ns:b073:http://localhost:11111/etmp/RESTAdapter/ITSA/TaxPayer/GetChargeHistory?idType=NINO&idValue=AA123456A&chargeReference=XAIT000000000000:ok] 
2026-03-09 14:28:21,033 level=[[34mINFO[0;39m] logger=[connectors.ViewAndChangeConnector] thread=[application-pekko.actor.default-dispatcher-16] rid=[-] user=[] message=[Resource not found code identified, code:005, converting to 404 response] 
2026-03-09 14:28:21,033 level=[[34mINFO[0;39m] logger=[uk.gov.hmrc.play.bootstrap.filters.DefaultLoggingFilter] thread=[application-pekko.actor.default-dispatcher-16] rid=[-] user=[] message=[GET /income-tax-financial-details/charge-history/AA123456A/chargeReference/XAIT000000000000 404 4ms] 
[info]   - when a UnprocessableEntity - 422 response has been returned by the connector
[info]     + Given I wiremock stub an authorised user response 
[info]     + Then the response status should be '404' 
[info]   should return 500
2026-03-09 14:28:21,038 level=[[39mDEBUG[0;39m] logger=[connector] thread=[application-pekko.actor.default-dispatcher-13] rid=[-] user=[] message=[:POST:501675909410792:501675.909s:-501675908095917:-501675908095917ns:126b:http://localhost:11111/auth/authorise:ok] 
2026-03-09 14:28:21,038 level=[[39mDEBUG[0;39m] logger=[connector] thread=[application-pekko.actor.default-dispatcher-13] rid=[-] user=[] message=[:POST:501675909410792:501675.909s:-501675908095917:-501675908095917ns:126b:http://localhost:11111/auth/authorise:ok] 
2026-03-09 14:28:21,039 level=[[39mDEBUG[0;39m] logger=[connector] thread=[application-pekko.actor.default-dispatcher-13] rid=[-] user=[] message=[:GET:501675910925958:501675.910s:-501675909794292:-501675909794292ns:3710:http://localhost:11111/etmp/RESTAdapter/ITSA/TaxPayer/GetChargeHistory?idType=NINO&idValue=AA123456A&chargeReference=XAIT000000000000:ok] 
2026-03-09 14:28:21,039 level=[[39mDEBUG[0;39m] logger=[connector] thread=[application-pekko.actor.default-dispatcher-13] rid=[-] user=[] message=[:GET:501675910925958:501675.910s:-501675909794292:-501675909794292ns:3710:http://localhost:11111/etmp/RESTAdapter/ITSA/TaxPayer/GetChargeHistory?idType=NINO&idValue=AA123456A&chargeReference=XAIT000000000000:ok] 
2026-03-09 14:28:21,039 level=[[1;31mERROR[0;39m] logger=[connectors.hip.GetChargeHistoryConnector] thread=[application-pekko.actor.default-dispatcher-12] rid=[-] user=[] message=[RESPONSE status: 500, body: {"status":500,"reason":"An error occurred while trying to retrieve charge history data"}] 
2026-03-09 14:28:21,040 level=[[39mDEBUG[0;39m] logger=[connector] thread=[application-pekko.actor.default-dispatcher-14] rid=[-] user=[] message=[:GET:501675910926125:501675.910s:-501675908526667:-501675908526667ns:3710:http://localhost:11111/etmp/RESTAdapter/ITSA/TaxPayer/GetChargeHistory?idType=NINO&idValue=AA123456A&chargeReference=XAIT000000000000:ok] 
2026-03-09 14:28:21,040 level=[[39mDEBUG[0;39m] logger=[connector] thread=[application-pekko.actor.default-dispatcher-14] rid=[-] user=[] message=[:GET:501675910926125:501675.910s:-501675908526667:-501675908526667ns:3710:http://localhost:11111/etmp/RESTAdapter/ITSA/TaxPayer/GetChargeHistory?idType=NINO&idValue=AA123456A&chargeReference=XAIT000000000000:ok] 
2026-03-09 14:28:21,041 level=[[1;31mERROR[0;39m] logger=[connectors.ViewAndChangeConnector] thread=[application-pekko.actor.default-dispatcher-12] rid=[-] user=[] message=[RESPONSE status: 500, body: {"status":500,"reason":"An error occurred while trying to retrieve charge history data"}] 
2026-03-09 14:28:21,041 level=[[34mINFO[0;39m] logger=[uk.gov.hmrc.play.bootstrap.filters.DefaultLoggingFilter] thread=[application-pekko.actor.default-dispatcher-13] rid=[-] user=[] message=[GET /income-tax-financial-details/charge-history/AA123456A/chargeReference/XAIT000000000000 500 5ms] 
[info]   - when an unexpected status was returned when retrieving charge details
[info]     + Given I wiremock stub an authorised user response 
[info]     + Then the response status should be '500' 
2026-03-09 14:28:21,042 level=[[34mINFO[0;39m] logger=[play.api.internal.libs.concurrent.CoordinatedShutdownSupport] thread=[pool-1-thread-1] rid=[] user=[] message=[Starting synchronous coordinated shutdown with ServerStoppedReason reason and 2147513000 milliseconds timeout] 
2026-03-09 14:28:21,042 level=[[34mINFO[0;39m] logger=[org.apache.pekko.actor.CoordinatedShutdown] thread=[application-pekko.actor.default-dispatcher-17] rid=[] user=[] message=[Running CoordinatedShutdown with reason [ServerStoppedReason]] 
2026-03-09 14:28:21,042 level=[[34mINFO[0;39m] logger=[play.core.server.PekkoHttpServer] thread=[application-pekko.actor.internal-dispatcher-4] rid=[] user=[] message=[Unbinding /0:0:0:0:0:0:0:0:64017] 
2026-03-09 14:28:21,042 level=[[34mINFO[0;39m] logger=[play.core.server.PekkoHttpServer] thread=[application-pekko.actor.internal-dispatcher-6] rid=[] user=[] message=[Terminating server binding for /0:0:0:0:0:0:0:0:64017] 
2026-03-09 14:28:21,043 level=[[34mINFO[0;39m] logger=[uk.gov.hmrc.mongo.play.PlayMongoComponent] thread=[application-pekko.actor.internal-dispatcher-6] rid=[] user=[] message=[MongoComponent stops, closing connections...] 
2026-03-09 14:28:21,045 level=[[34mINFO[0;39m] logger=[play.core.server.PekkoHttpServer] thread=[application-pekko.actor.internal-dispatcher-6] rid=[] user=[] message=[Running provided shutdown stop hooks] 
2026-03-09 14:28:21,050 level=[[34mINFO[0;39m] logger=[org.eclipse.jetty.server.Server] thread=[pool-1-thread-1] rid=[] user=[] message=[Stopped Server@670910a6{STOPPING}[11.0.20,sto=1000]] 
2026-03-09 14:28:21,050 level=[[34mINFO[0;39m] logger=[org.eclipse.jetty.server.Server] thread=[pool-1-thread-1] rid=[] user=[] message=[Shutdown Server@670910a6{STOPPING}[11.0.20,sto=1000]] 
2026-03-09 14:28:21,050 level=[[34mINFO[0;39m] logger=[org.eclipse.jetty.server.AbstractConnector] thread=[pool-1-thread-1] rid=[] user=[] message=[Stopped NetworkTrafficServerConnector@5ee8b7fb{HTTP/1.1, (http/1.1, h2c)}{0.0.0.0:11111}] 
2026-03-09 14:28:21,050 level=[[34mINFO[0;39m] logger=[org.eclipse.jetty.server.handler.ContextHandler] thread=[pool-1-thread-1] rid=[] user=[] message=[Stopped o.e.j.s.ServletContextHandler@38a551ef{/,null,STOPPED}] 
2026-03-09 14:28:21,050 level=[[34mINFO[0;39m] logger=[org.eclipse.jetty.server.handler.ContextHandler] thread=[pool-1-thread-1] rid=[] user=[] message=[Stopped o.e.j.s.ServletContextHandler@38a78d65{/__admin,null,STOPPED}] 
2026-03-09 14:28:21,051 level=[[34mINFO[0;39m] logger=[play.api.http.HttpErrorHandlerExceptions] thread=[pool-1-thread-1] rid=[] user=[] message=[Registering exception handler: guice-provision-exception-handler] 
2026-03-09 14:28:21,066 level=[[34mINFO[0;39m] logger=[org.apache.pekko.event.slf4j.Slf4jLogger] thread=[application-pekko.actor.default-dispatcher-6] rid=[] user=[] message=[Slf4jLogger started] 
2026-03-09 14:28:21,075 level=[[34mINFO[0;39m] logger=[uk.gov.hmrc.mongo.play.PlayMongoComponent] thread=[pool-1-thread-1] rid=[] user=[] message=[MongoComponent starting...] 
2026-03-09 14:28:21,075 level=[[34mINFO[0;39m] logger=[uk.gov.hmrc.mongo.play.PlayMongoComponent] thread=[pool-1-thread-1] rid=[] user=[] message=[MongoComponent: MongoConnector configuration being used - hosts: [localhost:27017], database: income-tax-financial-details, query: ] 
2026-03-09 14:28:21,075 level=[[34mINFO[0;39m] logger=[org.mongodb.driver.client] thread=[pool-1-thread-1] rid=[] user=[] message=[MongoClient with metadata {"driver": {"name": "mongo-java-driver|scala|reactive-streams", "version": "5.6.1"}, "os": {"type": "Darwin", "name": "Mac OS X", "architecture": "aarch64", "version": "15.0"}, "platform": "Java/Eclipse Adoptium/11.0.19+7|Scala/version 2.13.16"} created with settings MongoClientSettings{readPreference=primary, writeConcern=WriteConcern{w=null, wTimeout=null ms, journal=null}, retryWrites=true, retryReads=true, readConcern=ReadConcern{level=null}, credential=null, transportSettings=null, commandListeners=[], codecRegistry=ProvidersCodecRegistry{codecProviders=[ProvidersCodecRegistry{codecProviders=[DocumentCodecProvider(), IterableCodecProvider(org.bson.codecs.BsonTypeClassMap@309f9fda,None)]}, ProvidersCodecRegistry{codecProviders=[ValueCodecProvider{}, BsonValueCodecProvider{}, DBRefCodecProvider{}, DBObjectCodecProvider{}, DocumentCodecProvider{}, CollectionCodecProvider{}, IterableCodecProvider{}, MapCodecProvider{}, GeoJsonCodecProvider{}, GridFSFileCodecProvider{}, Jsr310CodecProvider{}, JsonObjectCodecProvider{}, BsonCodecProvider{}, com.mongodb.client.model.mql.ExpressionCodecProvider@1c770e15, com.mongodb.Jep395RecordCodecProvider@1fb4eba2, com.mongodb.KotlinCodecProvider@436d44a2, EnumCodecProvider{}]}]}, loggerSettings=LoggerSettings{maxDocumentLength=1000}, clusterSettings={hosts=[localhost:27017], srvServiceName=mongodb, mode=SINGLE, requiredClusterType=UNKNOWN, requiredReplicaSetName='null', serverSelector='null', clusterListeners='[]', serverSelectionTimeout='30000 ms', localThreshold='15 ms'}, socketSettings=SocketSettings{connectTimeoutMS=10000, readTimeoutMS=0, receiveBufferSize=0, proxySettings=ProxySettings{host=null, port=null, username=null, password=null}}, heartbeatSocketSettings=SocketSettings{connectTimeoutMS=10000, readTimeoutMS=10000, receiveBufferSize=0, proxySettings=ProxySettings{host=null, port=null, username=null, password=null}}, connectionPoolSettings=ConnectionPoolSettings{maxSize=100, minSize=0, maxWaitTimeMS=120000, maxConnectionLifeTimeMS=0, maxConnectionIdleTimeMS=0, maintenanceInitialDelayMS=0, maintenanceFrequencyMS=60000, connectionPoolListeners=[], maxConnecting=2}, serverSettings=ServerSettings{heartbeatFrequencyMS=10000, minHeartbeatFrequencyMS=500, serverMonitoringMode=AUTO, serverListeners='[]', serverMonitorListeners='[]'}, sslSettings=SslSettings{enabled=false, invalidHostNameAllowed=false, context=null}, applicationName='null', compressorList=[], uuidRepresentation=UNSPECIFIED, serverApi=null, autoEncryptionSettings=null, dnsClient=null, inetAddressResolver=null, contextProvider=null, timeoutMS=null}] 
2026-03-09 14:28:21,076 level=[[34mINFO[0;39m] logger=[org.mongodb.driver.cluster] thread=[pool-1-thread-1] rid=[] user=[] message=[Waiting for server to become available for operation listCollections with ID 43. Remaining time: 29999 ms. Selector: ReadPreferenceServerSelector{readPreference=primary}, topology description: {type=UNKNOWN, servers=[{address=localhost:27017, type=UNKNOWN, state=CONNECTING}].] 
2026-03-09 14:28:21,078 level=[[34mINFO[0;39m] logger=[org.mongodb.driver.cluster] thread=[cluster-ClusterId{value='69aed9053a64b4a15b0fef26', description='null'}-localhost:27017] rid=[] user=[] message=[Monitor thread successfully connected to server with description ServerDescription{address=localhost:27017, type=REPLICA_SET_PRIMARY, cryptd=false, state=CONNECTED, ok=true, minWireVersion=0, maxWireVersion=21, maxDocumentSize=16777216, logicalSessionTimeoutMinutes=30, roundTripTimeNanos=2120542, minRoundTripTimeNanos=0, setName='rs0', canonicalAddress=7b24e14131ef:27017, hosts=[7b24e14131ef:27017], passives=[], arbiters=[], primary='7b24e14131ef:27017', tagSet=TagSet{[]}, electionId=7fffffff0000000000000004, setVersion=1, topologyVersion=TopologyVersion{processId=699430dbfbe980c01cd84116, counter=6}, lastWriteDate=Mon Mar 09 14:28:17 GMT 2026, lastUpdateTimeNanos=501675950556208}] 
2026-03-09 14:28:21,082 level=[[34mINFO[0;39m] logger=[uk.gov.hmrc.mongo.play.PlayMongoComponent] thread=[application-pekko.actor.default-dispatcher-6] rid=[] user=[] message=[Existing collections:
  ] 
2026-03-09 14:28:21,082 level=[[34mINFO[0;39m] logger=[uk.gov.hmrc.play.bootstrap.graphite.DisabledGraphiteReporting] thread=[pool-1-thread-1] rid=[] user=[] message=[Graphite metrics disabled] 
2026-03-09 14:28:21,082 level=[[31mWARN[0;39m] logger=[uk.gov.hmrc.play.bootstrap.audit.DisabledDatastreamMetricsProvider] thread=[pool-1-thread-1] rid=[] user=[] message=[DatastreamMetrics have been disabled since metrics are disabled: ENABLE IN ALL TESTING + PRODUCTION ENVIRONMENTS] 
2026-03-09 14:28:21,086 level=[[34mINFO[0;39m] logger=[play.api.http.EnabledFilters] thread=[pool-1-thread-1] rid=[] user=[] message=[Enabled Filters (see <https://www.playframework.com/documentation/latest/Filters>):

    uk.gov.hmrc.play.bootstrap.metrics.DisabledMetricsFilter
    uk.gov.hmrc.play.bootstrap.backend.filters.BackendMdcFilter
    uk.gov.hmrc.play.bootstrap.backend.filters.DefaultBackendAuditFilter
    uk.gov.hmrc.play.bootstrap.filters.DefaultLoggingFilter
    uk.gov.hmrc.play.bootstrap.filters.CacheControlFilter
    uk.gov.hmrc.play.bootstrap.backend.filters.session.DefaultBackendSessionLoggingFilter
] 
[info] FinancialDetailCreditsControllerISpec:
2026-03-09 14:28:21,090 level=[[34mINFO[0;39m] logger=[org.eclipse.jetty.server.Server] thread=[pool-1-thread-1] rid=[] user=[] message=[jetty-11.0.20; built: 2024-01-29T21:04:22.394Z; git: 922f8dc188f7011e60d0361de585fd4ac4d63064; jvm 11.0.19+7] 
2026-03-09 14:28:21,090 level=[[34mINFO[0;39m] logger=[org.eclipse.jetty.server.handler.ContextHandler] thread=[pool-1-thread-1] rid=[] user=[] message=[Started o.e.j.s.ServletContextHandler@4e9b21ea{/__admin,null,AVAILABLE}] 
2026-03-09 14:28:21,091 level=[[34mINFO[0;39m] logger=[org.eclipse.jetty.server.handler.ContextHandler.ROOT] thread=[pool-1-thread-1] rid=[] user=[] message=[RequestHandlerClass from context returned com.github.tomakehurst.wiremock.http.StubRequestHandler. Normalized mapped under returned 'null'] 
2026-03-09 14:28:21,091 level=[[34mINFO[0;39m] logger=[org.eclipse.jetty.server.handler.ContextHandler] thread=[pool-1-thread-1] rid=[] user=[] message=[Started o.e.j.s.ServletContextHandler@75dc24f3{/,null,AVAILABLE}] 
2026-03-09 14:28:21,091 level=[[34mINFO[0;39m] logger=[org.eclipse.jetty.server.AbstractConnector] thread=[pool-1-thread-1] rid=[] user=[] message=[Started NetworkTrafficServerConnector@30670242{HTTP/1.1, (http/1.1, h2c)}{0.0.0.0:11111}] 
2026-03-09 14:28:21,091 level=[[34mINFO[0;39m] logger=[org.eclipse.jetty.server.Server] thread=[pool-1-thread-1] rid=[] user=[] message=[Started Server@7c40393a{STARTING}[11.0.20,sto=1000] @3477ms] 
2026-03-09 14:28:21,097 level=[[34mINFO[0;39m] logger=[play.api.Play] thread=[pool-1-thread-1] rid=[] user=[] message=[Application started (Dev) (no global state)] 
[info] GET /income-tax-financial-details/BB123456A/financial-details/credits/from/from/to/to
[info]   should return 200
2026-03-09 14:28:21,101 level=[[34mINFO[0;39m] logger=[org.eclipse.jetty.server.handler.ContextHandler.__admin] thread=[qtp556053882-506] rid=[] user=[] message=[RequestHandlerClass from context returned com.github.tomakehurst.wiremock.http.AdminRequestHandler. Normalized mapped under returned 'null'] 
2026-03-09 14:28:21,109 level=[[31mWARN[0;39m] logger=[uk.gov.hmrc.play.audit.DefaultAuditConnector] thread=[application-pekko.actor.default-dispatcher-9] rid=[-] user=[] message=[auditing disabled for AuditConnector class uk.gov.hmrc.play.audit.DefaultAuditConnector] 
2026-03-09 14:28:21,110 level=[[39mDEBUG[0;39m] logger=[connector] thread=[application-pekko.actor.default-dispatcher-10] rid=[-] user=[] message=[:POST:501675980648291:501675.980s:-501675978122333:-501675978122333ns:1ae9:http://localhost:11111/auth/authorise:ok] 
2026-03-09 14:28:21,110 level=[[39mDEBUG[0;39m] logger=[connector] thread=[application-pekko.actor.default-dispatcher-10] rid=[-] user=[] message=[:POST:501675980648291:501675.980s:-501675978122333:-501675978122333ns:1ae9:http://localhost:11111/auth/authorise:ok] 
2026-03-09 14:28:21,111 level=[[34mINFO[0;39m] logger=[services.FinancialDetailService] thread=[application-pekko.actor.default-dispatcher-6] rid=[-] user=[] message=[Call::getCreditsModel] 
2026-03-09 14:28:21,111 level=[[34mINFO[0;39m] logger=[connectors.hip.FinancialDetailsHipConnector] thread=[application-pekko.actor.default-dispatcher-6] rid=[-] user=[] message=[FinancialDetailsHipConnector::URL: http://localhost:11111/etmp/RESTAdapter/itsa/taxpayer/financial-details?calculateAccruedInterest=true&customerPaymentInformation=true&dateFrom=from&dateTo=to&idNumber=BB123456A&idType=NINO&includeLocks=true&includeStatistical=false&onlyOpenItems=false&regimeType=ITSA&removePaymentonAccount=false 

Headers: List((Authorization,Basic dGVzdENsaWVudElkQ29uZmlnOnRlc3RTZWNyZXRDb25maWc=), (correlationId,c7718f7a-b642-4a3f-8ad6-0d1da2e208f8), (X-Message-Type,ETMPGetFinancialDetails), (X-Originating-System,MDTP), (X-Receipt-Date,2026-03-09T14:28:21Z), (X-Transmitting-System,HIP))] 
2026-03-09 14:28:21,112 level=[[34mINFO[0;39m] logger=[connectors.hip.httpParsers.ChargeHipHttpParser] thread=[application-pekko.actor.default-dispatcher-12] rid=[-] user=[] message=[HipChargesResponse:::actual response {"success":{"taxpayerDetails":{"idType":"NINO","idNumber":"BB123456A","regimeType":"ITSA"},"balanceDetails":{"balanceDueWithin30days":0,"balanceNotDuein30Days":0,"overDueAmount":0,"totalBalance":0,"totalCreditAvailableForRepayment":200,"allocatedCreditForChargesBecomingDueIn30Days":150,"totalCredit":175,"unallocatedCredit":125,"firstPendingAmountRequested":200,"secondPendingAmountRequested":100},"codingDetails":[{"totalLiabilityAmount":0,"taxYearReturn":"2024"}],"documentDetails":[{"taxYear":"2024","documentID":"CUTOVER01","totalAmount":-1000,"documentOutstandingAmount":-100,"documentDate":"2024-06-20","documentDueDate":"2024-06-20"},{"taxYear":"2024","documentID":"BALANCING01","totalAmount":-1000,"documentOutstandingAmount":-200,"documentDate":"2024-06-19","documentDueDate":"2024-06-19"},{"taxYear":"2024","documentID":"MFA01","totalAmount":-1000,"documentOutstandingAmount":-300,"documentDate":"2024-06-18","documentDueDate":"2024-06-18"},{"taxYear":"2024","documentID":"PAYMENT01","totalAmount":-1000,"documentOutstandingAmount":-400,"documentDate":"2024-06-17","documentDueDate":"2024-06-17","effectiveDateOfPayment":"2024-06-16"},{"taxYear":"2024","documentID":"INTEREST01","totalAmount":-1000,"documentOutstandingAmount":-500,"documentDate":"2024-06-16","documentDueDate":"2024-06-16"}],"financialDetailsItem":[{"taxYear":"2024","documentID":"CUTOVER01","documentDate":"2024-06-20","originalAmount":-1000,"documentOutstandingAmount":-100,"mainType":"ITSA Cutover Credits","mainTransaction":"6110"},{"taxYear":"2024","documentID":"BALANCING01","documentDate":"2024-06-19","originalAmount":-1000,"documentOutstandingAmount":-200,"mainType":"SA Balancing Charge Credit","mainTransaction":"4905"},{"taxYear":"2024","documentID":"MFA01","documentDate":"2024-06-18","originalAmount":-1000,"documentOutstandingAmount":-300,"mainType":"ITSA Overpayment Relief","mainTransaction":"4004"},{"taxYear":"2024","documentID":"PAYMENT01","documentDate":"2024-06-17","originalAmount":-1000,"documentOutstandingAmount":-400,"mainType":"Payment","mainTransaction":"0060"},{"taxYear":"2024","documentID":"INTEREST01","documentDate":"2024-06-16","originalAmount":-1000,"documentOutstandingAmount":-500,"mainType":"SA Repayment Supplement Credit","mainTransaction":"6020"}]}}] 
2026-03-09 14:28:21,112 level=[[39mDEBUG[0;39m] logger=[connector] thread=[application-pekko.actor.default-dispatcher-10] rid=[-] user=[] message=[:GET:501675983324791:501675.983s:-501675981779416:-501675981779416ns:13d6:http://localhost:11111/etmp/RESTAdapter/itsa/taxpayer/financial-details?calculateAccruedInterest=true&customerPaymentInformation=true&dateFrom=from&dateTo=to&idNumber=BB123456A&idType=NINO&includeLocks=true&includeStatistical=false&onlyOpenItems=false&regimeType=ITSA&removePaymentonAccount=false:ok] 
2026-03-09 14:28:21,112 level=[[39mDEBUG[0;39m] logger=[connector] thread=[application-pekko.actor.default-dispatcher-10] rid=[-] user=[] message=[:GET:501675983324791:501675.983s:-501675981779416:-501675981779416ns:13d6:http://localhost:11111/etmp/RESTAdapter/itsa/taxpayer/financial-details?calculateAccruedInterest=true&customerPaymentInformation=true&dateFrom=from&dateTo=to&idNumber=BB123456A&idType=NINO&includeLocks=true&includeStatistical=false&onlyOpenItems=false&regimeType=ITSA&removePaymentonAccount=false:ok] 
2026-03-09 14:28:21,113 level=[[34mINFO[0;39m] logger=[uk.gov.hmrc.play.bootstrap.filters.DefaultLoggingFilter] thread=[application-pekko.actor.default-dispatcher-10] rid=[-] user=[] message=[GET /income-tax-financial-details/BB123456A/financial-details/credits/from/from/to/to 200 6ms] 
[info]   - when charge details are successfully retrieved
[info]     + Given I wiremock stub an authorised user response 
[info]     + Then the response status should be '200' 
[info]   should return 404
2026-03-09 14:28:21,119 level=[[39mDEBUG[0;39m] logger=[connector] thread=[application-pekko.actor.default-dispatcher-13] rid=[-] user=[] message=[:POST:501675991213999:501675.991s:-501675990113124:-501675990113124ns:325c:http://localhost:11111/auth/authorise:ok] 
2026-03-09 14:28:21,119 level=[[39mDEBUG[0;39m] logger=[connector] thread=[application-pekko.actor.default-dispatcher-13] rid=[-] user=[] message=[:POST:501675991213999:501675.991s:-501675990113124:-501675990113124ns:325c:http://localhost:11111/auth/authorise:ok] 
2026-03-09 14:28:21,120 level=[[34mINFO[0;39m] logger=[services.FinancialDetailService] thread=[application-pekko.actor.default-dispatcher-14] rid=[-] user=[] message=[Call::getCreditsModel] 
2026-03-09 14:28:21,120 level=[[34mINFO[0;39m] logger=[connectors.hip.FinancialDetailsHipConnector] thread=[application-pekko.actor.default-dispatcher-14] rid=[-] user=[] message=[FinancialDetailsHipConnector::URL: http://localhost:11111/etmp/RESTAdapter/itsa/taxpayer/financial-details?calculateAccruedInterest=true&customerPaymentInformation=true&dateFrom=from&dateTo=to&idNumber=BB123456A&idType=NINO&includeLocks=true&includeStatistical=false&onlyOpenItems=false&regimeType=ITSA&removePaymentonAccount=false 

Headers: List((Authorization,Basic dGVzdENsaWVudElkQ29uZmlnOnRlc3RTZWNyZXRDb25maWc=), (correlationId,4f3dd063-bf81-48eb-895c-c56c2b46bebe), (X-Message-Type,ETMPGetFinancialDetails), (X-Originating-System,MDTP), (X-Receipt-Date,2026-03-09T14:28:21Z), (X-Transmitting-System,HIP))] 
2026-03-09 14:28:21,121 level=[[39mDEBUG[0;39m] logger=[connector] thread=[application-pekko.actor.default-dispatcher-14] rid=[-] user=[] message=[:GET:501675992451000:501675.992s:-501675991033291:-501675991033291ns:d56e:http://localhost:11111/etmp/RESTAdapter/itsa/taxpayer/financial-details?calculateAccruedInterest=true&customerPaymentInformation=true&dateFrom=from&dateTo=to&idNumber=BB123456A&idType=NINO&includeLocks=true&includeStatistical=false&onlyOpenItems=false&regimeType=ITSA&removePaymentonAccount=false:ok] 
2026-03-09 14:28:21,121 level=[[39mDEBUG[0;39m] logger=[connector] thread=[application-pekko.actor.default-dispatcher-14] rid=[-] user=[] message=[:GET:501675992451000:501675.992s:-501675991033291:-501675991033291ns:d56e:http://localhost:11111/etmp/RESTAdapter/itsa/taxpayer/financial-details?calculateAccruedInterest=true&customerPaymentInformation=true&dateFrom=from&dateTo=to&idNumber=BB123456A&idType=NINO&includeLocks=true&includeStatistical=false&onlyOpenItems=false&regimeType=ITSA&removePaymentonAccount=false:ok] 
2026-03-09 14:28:21,121 level=[[1;31mERROR[0;39m] logger=[connectors.hip.httpParsers.ChargeHipHttpParser] thread=[application-pekko.actor.default-dispatcher-9] rid=[-] user=[] message=[404 returned from HiP with body: {"code":"NO_DATA_FOUND","reason":"The remote endpoint has indicated that no data can be found."}] 
2026-03-09 14:28:21,121 level=[[1;31mERROR[0;39m] logger=[connectors.hip.FinancialDetailsHipConnector] thread=[application-pekko.actor.default-dispatcher-14] rid=[-] user=[] message=[Response: UnexpectedChargeResponse(404,{"code":"NO_DATA_FOUND","reason":"The remote endpoint has indicated that no data can be found."})] 
2026-03-09 14:28:21,121 level=[[31mWARN[0;39m] logger=[services.FinancialDetailService] thread=[application-pekko.actor.default-dispatcher-14] rid=[-] user=[] message=[HiP getCredits failed, falling back to ViewAndChange. Error: UnexpectedChargeResponse(404,{"code":"NO_DATA_FOUND","reason":"The remote endpoint has indicated that no data can be found."})] 
2026-03-09 14:28:21,123 level=[[1;31mERROR[0;39m] logger=[connectors.httpParsers.ViewAndChangeHttpParser] thread=[application-pekko.actor.default-dispatcher-14] rid=[-] user=[] message=[ViewAndChange returned 404 with body: {"code":"NO_DATA_FOUND","reason":"The remote endpoint has indicated that no data can be found."}] 
2026-03-09 14:28:21,123 level=[[39mDEBUG[0;39m] logger=[connector] thread=[application-pekko.actor.default-dispatcher-11] rid=[-] user=[] message=[:GET:501675992450999:501675.992s:-501675989338874:-501675989338874ns:d56e:http://localhost:11111/income-tax-view-change/BB123456A/financial-details/credits/from/from/to/to:ok] 
2026-03-09 14:28:21,123 level=[[39mDEBUG[0;39m] logger=[connector] thread=[application-pekko.actor.default-dispatcher-11] rid=[-] user=[] message=[:GET:501675992450999:501675.992s:-501675989338874:-501675989338874ns:d56e:http://localhost:11111/income-tax-view-change/BB123456A/financial-details/credits/from/from/to/to:ok] 
2026-03-09 14:28:21,123 level=[[34mINFO[0;39m] logger=[controllers.FinancialDetailCreditsController] thread=[application-pekko.actor.default-dispatcher-13] rid=[-] user=[] message=[404: UnexpectedChargeResponse(404,{"code":"NO_DATA_FOUND","reason":"The remote endpoint has indicated that no data can be found."})] 
2026-03-09 14:28:21,123 level=[[34mINFO[0;39m] logger=[uk.gov.hmrc.play.bootstrap.filters.DefaultLoggingFilter] thread=[application-pekko.actor.default-dispatcher-9] rid=[-] user=[] message=[GET /income-tax-financial-details/BB123456A/financial-details/credits/from/from/to/to 404 5ms] 
[info]   - when an unexpected status with NOT_FOUND was returned when retrieving charge details
[info]     + Given I wiremock stub an authorised user response 
[info]     + Then the response status should be '404' 
[info]   should return 500
2026-03-09 14:28:21,128 level=[[39mDEBUG[0;39m] logger=[connector] thread=[application-pekko.actor.default-dispatcher-16] rid=[-] user=[] message=[:POST:501675999845666:501675.999s:-501675998856666:-501675998856666ns:c50b:http://localhost:11111/auth/authorise:ok] 
2026-03-09 14:28:21,128 level=[[39mDEBUG[0;39m] logger=[connector] thread=[application-pekko.actor.default-dispatcher-16] rid=[-] user=[] message=[:POST:501675999845666:501675.999s:-501675998856666:-501675998856666ns:c50b:http://localhost:11111/auth/authorise:ok] 
2026-03-09 14:28:21,128 level=[[34mINFO[0;39m] logger=[services.FinancialDetailService] thread=[application-pekko.actor.default-dispatcher-14] rid=[-] user=[] message=[Call::getCreditsModel] 
2026-03-09 14:28:21,128 level=[[34mINFO[0;39m] logger=[connectors.hip.FinancialDetailsHipConnector] thread=[application-pekko.actor.default-dispatcher-14] rid=[-] user=[] message=[FinancialDetailsHipConnector::URL: http://localhost:11111/etmp/RESTAdapter/itsa/taxpayer/financial-details?calculateAccruedInterest=true&customerPaymentInformation=true&dateFrom=from&dateTo=to&idNumber=BB123456A&idType=NINO&includeLocks=true&includeStatistical=false&onlyOpenItems=false&regimeType=ITSA&removePaymentonAccount=false 

Headers: List((Authorization,Basic dGVzdENsaWVudElkQ29uZmlnOnRlc3RTZWNyZXRDb25maWc=), (correlationId,fc538031-411f-4e5b-8998-101f42b50578), (X-Message-Type,ETMPGetFinancialDetails), (X-Originating-System,MDTP), (X-Receipt-Date,2026-03-09T14:28:21Z), (X-Transmitting-System,HIP))] 
2026-03-09 14:28:21,129 level=[[39mDEBUG[0;39m] logger=[connector] thread=[application-pekko.actor.default-dispatcher-11] rid=[-] user=[] message=[:GET:501676000963125:501676.000s:-501675999612500:-501675999612500ns:cc71:http://localhost:11111/etmp/RESTAdapter/itsa/taxpayer/financial-details?calculateAccruedInterest=true&customerPaymentInformation=true&dateFrom=from&dateTo=to&idNumber=BB123456A&idType=NINO&includeLocks=true&includeStatistical=false&onlyOpenItems=false&regimeType=ITSA&removePaymentonAccount=false:ok] 
2026-03-09 14:28:21,129 level=[[39mDEBUG[0;39m] logger=[connector] thread=[application-pekko.actor.default-dispatcher-11] rid=[-] user=[] message=[:GET:501676000963125:501676.000s:-501675999612500:-501675999612500ns:cc71:http://localhost:11111/etmp/RESTAdapter/itsa/taxpayer/financial-details?calculateAccruedInterest=true&customerPaymentInformation=true&dateFrom=from&dateTo=to&idNumber=BB123456A&idType=NINO&includeLocks=true&includeStatistical=false&onlyOpenItems=false&regimeType=ITSA&removePaymentonAccount=false:ok] 
2026-03-09 14:28:21,129 level=[[34mINFO[0;39m] logger=[connectors.hip.httpParsers.ChargeHipHttpParser] thread=[application-pekko.actor.default-dispatcher-15] rid=[-] user=[] message=[HipChargesResponse:::actual response ] 
2026-03-09 14:28:21,130 level=[[34mINFO[0;39m] logger=[uk.gov.hmrc.play.bootstrap.filters.DefaultLoggingFilter] thread=[application-pekko.actor.default-dispatcher-7] rid=[-] user=[] message=[GET /income-tax-financial-details/BB123456A/financial-details/credits/from/from/to/to com.fasterxml.jackson.databind.exc.MismatchedInputException: No content to map due to end-of-input
 at [Source: REDACTED (`StreamReadFeature.INCLUDE_SOURCE_IN_LOCATION` disabled); line: 1] 3ms] 
2026-03-09 14:28:21,130 level=[[1;31mERROR[0;39m] logger=[uk.gov.hmrc.play.bootstrap.backend.http.JsonErrorHandler] thread=[application-pekko.actor.default-dispatcher-15] rid=[-] user=[] message=[! Internal server error, for (GET) [/income-tax-financial-details/BB123456A/financial-details/credits/from/from/to/to] -> ] exception=[com.fasterxml.jackson.databind.exc.MismatchedInputException: No content to map due to end-of-input
 at [Source: REDACTED (`StreamReadFeature.INCLUDE_SOURCE_IN_LOCATION` disabled); line: 1]
	at com.fasterxml.jackson.databind.exc.MismatchedInputException.from(MismatchedInputException.java:59)
	at com.fasterxml.jackson.databind.ObjectMapper._initForReading(ObjectMapper.java:4996)
	at com.fasterxml.jackson.databind.ObjectMapper._readValue(ObjectMapper.java:4873)
	at com.fasterxml.jackson.databind.ObjectMapper.readValue(ObjectMapper.java:3035)
	at play.api.libs.json.jackson.JacksonJson.parseJsValue(JacksonJson.scala:322)
	at play.api.libs.json.StaticBinding$.parseJsValue(StaticBinding.scala:17)
	at play.api.libs.json.Json$.parse(Json.scala:175)
	at uk.gov.hmrc.http.HttpResponse.json(HttpResponse.scala:42)
	at uk.gov.hmrc.http.HttpResponse.json$(HttpResponse.scala:29)
	at uk.gov.hmrc.http.HttpResponse$$anon$2.json(HttpResponse.scala:64)
	at connectors.hip.httpParsers.ChargeHipHttpParser$ChargeHipReads$.read(ChargeHipHttpParser.scala:38)
	at connectors.hip.httpParsers.ChargeHipHttpParser$ChargeHipReads$.read(ChargeHipHttpParser.scala:34)
	at uk.gov.hmrc.http.client.ExecutorImpl.execute$$anonfun$3(HttpClientV2Impl.scala:218)
	at scala.concurrent.impl.Promise$Transformation.run(Promise.scala:467)
	at uk.gov.hmrc.play.bootstrap.dispatchers.MdcPropagatorExecutionContext$$anon$2.execute$$anonfun$1(MdcPropagatorExecutionContext.scala:78)
	at org.apache.pekko.dispatch.TaskInvocation.run(AbstractDispatcher.scala:59)
	at org.apache.pekko.dispatch.ForkJoinExecutorConfigurator$PekkoForkJoinTask.exec(ForkJoinExecutorConfigurator.scala:57)
	at java.base/java.util.concurrent.ForkJoinTask.doExec(ForkJoinTask.java:290)
	at java.base/java.util.concurrent.ForkJoinPool$WorkQueue.topLevelExec(ForkJoinPool.java:1020)
	at java.base/java.util.concurrent.ForkJoinPool.scan(ForkJoinPool.java:1656)
	at java.base/java.util.concurrent.ForkJoinPool.runWorker(ForkJoinPool.java:1594)
	at java.base/java.util.concurrent.ForkJoinWorkerThread.run(ForkJoinWorkerThread.java:183)
]
[info]   - when API responds with status OK but a non-json body
[info]     + Given I wiremock stub an authorised user response 
[info]     + Then the response status should be '500' 
2026-03-09 14:28:21,136 level=[[39mDEBUG[0;39m] logger=[connector] thread=[application-pekko.actor.default-dispatcher-15] rid=[-] user=[] message=[:POST:501676007646207:501676.007s:-501676006585790:-501676006585790ns:284e:http://localhost:11111/auth/authorise:ok] 
2026-03-09 14:28:21,136 level=[[39mDEBUG[0;39m] logger=[connector] thread=[application-pekko.actor.default-dispatcher-15] rid=[-] user=[] message=[:POST:501676007646207:501676.007s:-501676006585790:-501676006585790ns:284e:http://localhost:11111/auth/authorise:ok] 
2026-03-09 14:28:21,136 level=[[34mINFO[0;39m] logger=[services.FinancialDetailService] thread=[application-pekko.actor.default-dispatcher-11] rid=[-] user=[] message=[Call::getCreditsModel] 
2026-03-09 14:28:21,136 level=[[34mINFO[0;39m] logger=[connectors.hip.FinancialDetailsHipConnector] thread=[application-pekko.actor.default-dispatcher-11] rid=[-] user=[] message=[FinancialDetailsHipConnector::URL: http://localhost:11111/etmp/RESTAdapter/itsa/taxpayer/financial-details?calculateAccruedInterest=true&customerPaymentInformation=true&dateFrom=from&dateTo=to&idNumber=BB123456A&idType=NINO&includeLocks=true&includeStatistical=false&onlyOpenItems=false&regimeType=ITSA&removePaymentonAccount=false 

Headers: List((Authorization,Basic dGVzdENsaWVudElkQ29uZmlnOnRlc3RTZWNyZXRDb25maWc=), (correlationId,927d3e87-e614-4514-b039-d7a9a4d273ce), (X-Message-Type,ETMPGetFinancialDetails), (X-Originating-System,MDTP), (X-Receipt-Date,2026-03-09T14:28:21Z), (X-Transmitting-System,HIP))] 
2026-03-09 14:28:21,139 level=[[39mDEBUG[0;39m] logger=[connector] thread=[application-pekko.actor.default-dispatcher-15] rid=[-] user=[] message=[:GET:501676008925667:501676.008s:-501676006073209:-501676006073209ns:cb0d:http://localhost:11111/etmp/RESTAdapter/itsa/taxpayer/financial-details?calculateAccruedInterest=true&customerPaymentInformation=true&dateFrom=from&dateTo=to&idNumber=BB123456A&idType=NINO&includeLocks=true&includeStatistical=false&onlyOpenItems=false&regimeType=ITSA&removePaymentonAccount=false:ok] 
2026-03-09 14:28:21,139 level=[[39mDEBUG[0;39m] logger=[connector] thread=[application-pekko.actor.default-dispatcher-15] rid=[-] user=[] message=[:GET:501676008925667:501676.008s:-501676006073209:-501676006073209ns:cb0d:http://localhost:11111/etmp/RESTAdapter/itsa/taxpayer/financial-details?calculateAccruedInterest=true&customerPaymentInformation=true&dateFrom=from&dateTo=to&idNumber=BB123456A&idType=NINO&includeLocks=true&includeStatistical=false&onlyOpenItems=false&regimeType=ITSA&removePaymentonAccount=false:ok] 
2026-03-09 14:28:21,139 level=[[34mINFO[0;39m] logger=[connectors.hip.httpParsers.ChargeHipHttpParser] thread=[application-pekko.actor.default-dispatcher-11] rid=[-] user=[] message=[Unexpected Response from Hip with status: 503] 
2026-03-09 14:28:21,139 level=[[1;31mERROR[0;39m] logger=[connectors.hip.FinancialDetailsHipConnector] thread=[application-pekko.actor.default-dispatcher-11] rid=[-] user=[] message=[Response: UnexpectedChargeErrorResponse] 
2026-03-09 14:28:21,139 level=[[31mWARN[0;39m] logger=[services.FinancialDetailService] thread=[application-pekko.actor.default-dispatcher-11] rid=[-] user=[] message=[HiP getCredits failed, falling back to ViewAndChange. Error: UnexpectedChargeErrorResponse] 
2026-03-09 14:28:21,140 level=[[39mDEBUG[0;39m] logger=[connector] thread=[application-pekko.actor.default-dispatcher-11] rid=[-] user=[] message=[:GET:501676008925666:501676.008s:-501676005211291:-501676005211291ns:cb0d:http://localhost:11111/income-tax-view-change/BB123456A/financial-details/credits/from/from/to/to:ok] 
2026-03-09 14:28:21,140 level=[[1;31mERROR[0;39m] logger=[connectors.httpParsers.ViewAndChangeHttpParser] thread=[application-pekko.actor.default-dispatcher-10] rid=[-] user=[] message=[Unexpected response from ViewAndChange with status: 503 and body: ] 
2026-03-09 14:28:21,140 level=[[39mDEBUG[0;39m] logger=[connector] thread=[application-pekko.actor.default-dispatcher-11] rid=[-] user=[] message=[:GET:501676008925666:501676.008s:-501676005211291:-501676005211291ns:cb0d:http://localhost:11111/income-tax-view-change/BB123456A/financial-details/credits/from/from/to/to:ok] 
2026-03-09 14:28:21,140 level=[[1;31mERROR[0;39m] logger=[controllers.FinancialDetailCreditsController] thread=[application-pekko.actor.default-dispatcher-15] rid=[-] user=[] message=[other error: UnexpectedChargeErrorResponse] 
2026-03-09 14:28:21,140 level=[[34mINFO[0;39m] logger=[uk.gov.hmrc.play.bootstrap.filters.DefaultLoggingFilter] thread=[application-pekko.actor.default-dispatcher-11] rid=[-] user=[] message=[GET /income-tax-financial-details/BB123456A/financial-details/credits/from/from/to/to 500 6ms] 
[info]   - when an unexpected status was returned when retrieving credit details
[info]     + Given I wiremock stub an authorised user response 
[info]     + Then the response status should be '500' 
[info]   should return 200
2026-03-09 14:28:21,149 level=[[39mDEBUG[0;39m] logger=[connector] thread=[application-pekko.actor.default-dispatcher-15] rid=[-] user=[] message=[:POST:501676019797291:501676.019s:-501676017833624:-501676017833624ns:44db:http://localhost:11111/auth/authorise:ok] 
2026-03-09 14:28:21,149 level=[[39mDEBUG[0;39m] logger=[connector] thread=[application-pekko.actor.default-dispatcher-15] rid=[-] user=[] message=[:POST:501676019797291:501676.019s:-501676017833624:-501676017833624ns:44db:http://localhost:11111/auth/authorise:ok] 
2026-03-09 14:28:21,149 level=[[34mINFO[0;39m] logger=[services.FinancialDetailService] thread=[application-pekko.actor.default-dispatcher-7] rid=[-] user=[] message=[Call::getCreditsModel] 
2026-03-09 14:28:21,149 level=[[34mINFO[0;39m] logger=[connectors.hip.FinancialDetailsHipConnector] thread=[application-pekko.actor.default-dispatcher-7] rid=[-] user=[] message=[FinancialDetailsHipConnector::URL: http://localhost:11111/etmp/RESTAdapter/itsa/taxpayer/financial-details?calculateAccruedInterest=true&customerPaymentInformation=true&dateFrom=from&dateTo=to&idNumber=BB123456A&idType=NINO&includeLocks=true&includeStatistical=false&onlyOpenItems=false&regimeType=ITSA&removePaymentonAccount=false 

Headers: List((Authorization,Basic dGVzdENsaWVudElkQ29uZmlnOnRlc3RTZWNyZXRDb25maWc=), (correlationId,17870d88-e955-4051-a2f6-b35c2fdd2dbe), (X-Message-Type,ETMPGetFinancialDetails), (X-Originating-System,MDTP), (X-Receipt-Date,2026-03-09T14:28:21Z), (X-Transmitting-System,HIP))] 
2026-03-09 14:28:21,151 level=[[39mDEBUG[0;39m] logger=[connector] thread=[application-pekko.actor.default-dispatcher-7] rid=[-] user=[] message=[:GET:501676021975499:501676.021s:-501676020360707:-501676020360707ns:79df:http://localhost:11111/etmp/RESTAdapter/itsa/taxpayer/financial-details?calculateAccruedInterest=true&customerPaymentInformation=true&dateFrom=from&dateTo=to&idNumber=BB123456A&idType=NINO&includeLocks=true&includeStatistical=false&onlyOpenItems=false&regimeType=ITSA&removePaymentonAccount=false:ok] 
2026-03-09 14:28:21,151 level=[[39mDEBUG[0;39m] logger=[connector] thread=[application-pekko.actor.default-dispatcher-7] rid=[-] user=[] message=[:GET:501676021975499:501676.021s:-501676020360707:-501676020360707ns:79df:http://localhost:11111/etmp/RESTAdapter/itsa/taxpayer/financial-details?calculateAccruedInterest=true&customerPaymentInformation=true&dateFrom=from&dateTo=to&idNumber=BB123456A&idType=NINO&includeLocks=true&includeStatistical=false&onlyOpenItems=false&regimeType=ITSA&removePaymentonAccount=false:ok] 
2026-03-09 14:28:21,151 level=[[34mINFO[0;39m] logger=[connectors.hip.httpParsers.ChargeHipHttpParser] thread=[application-pekko.actor.default-dispatcher-15] rid=[-] user=[] message=[Unexpected Response from Hip with status: 503] 
2026-03-09 14:28:21,151 level=[[1;31mERROR[0;39m] logger=[connectors.hip.FinancialDetailsHipConnector] thread=[application-pekko.actor.default-dispatcher-15] rid=[-] user=[] message=[Response: UnexpectedChargeErrorResponse] 
2026-03-09 14:28:21,151 level=[[31mWARN[0;39m] logger=[services.FinancialDetailService] thread=[application-pekko.actor.default-dispatcher-15] rid=[-] user=[] message=[HiP getCredits failed, falling back to ViewAndChange. Error: UnexpectedChargeErrorResponse] 
2026-03-09 14:28:21,152 level=[[39mDEBUG[0;39m] logger=[connector] thread=[application-pekko.actor.default-dispatcher-7] rid=[-] user=[] message=[:GET:501676021975499:501676.021s:-501676019239249:-501676019239249ns:79df:http://localhost:11111/income-tax-view-change/BB123456A/financial-details/credits/from/from/to/to:ok] 
2026-03-09 14:28:21,152 level=[[39mDEBUG[0;39m] logger=[connector] thread=[application-pekko.actor.default-dispatcher-7] rid=[-] user=[] message=[:GET:501676021975499:501676.021s:-501676019239249:-501676019239249ns:79df:http://localhost:11111/income-tax-view-change/BB123456A/financial-details/credits/from/from/to/to:ok] 
2026-03-09 14:28:21,152 level=[[34mINFO[0;39m] logger=[uk.gov.hmrc.play.bootstrap.filters.DefaultLoggingFilter] thread=[application-pekko.actor.default-dispatcher-15] rid=[-] user=[] message=[GET /income-tax-financial-details/BB123456A/financial-details/credits/from/from/to/to 200 6ms] 
[info]   - when the call to HiP fails but ViewAndChange succeeds
2026-03-09 14:28:21,154 level=[[34mINFO[0;39m] logger=[play.api.internal.libs.concurrent.CoordinatedShutdownSupport] thread=[pool-1-thread-1] rid=[] user=[] message=[Starting synchronous coordinated shutdown with ServerStoppedReason reason and 2147513000 milliseconds timeout] 
[info]     + Given I wiremock stub an authorised user response 
[info]     + Then the response status should be '200' 
2026-03-09 14:28:21,154 level=[[34mINFO[0;39m] logger=[org.apache.pekko.actor.CoordinatedShutdown] thread=[application-pekko.actor.default-dispatcher-16] rid=[] user=[] message=[Running CoordinatedShutdown with reason [ServerStoppedReason]] 
2026-03-09 14:28:21,154 level=[[34mINFO[0;39m] logger=[play.core.server.PekkoHttpServer] thread=[application-pekko.actor.internal-dispatcher-4] rid=[] user=[] message=[Unbinding /0:0:0:0:0:0:0:0:64024] 
2026-03-09 14:28:21,155 level=[[34mINFO[0;39m] logger=[play.core.server.PekkoHttpServer] thread=[application-pekko.actor.internal-dispatcher-3] rid=[] user=[] message=[Terminating server binding for /0:0:0:0:0:0:0:0:64024] 
2026-03-09 14:28:21,158 level=[[34mINFO[0;39m] logger=[uk.gov.hmrc.mongo.play.PlayMongoComponent] thread=[application-pekko.actor.internal-dispatcher-3] rid=[] user=[] message=[MongoComponent stops, closing connections...] 
2026-03-09 14:28:21,160 level=[[34mINFO[0;39m] logger=[play.core.server.PekkoHttpServer] thread=[application-pekko.actor.internal-dispatcher-4] rid=[] user=[] message=[Running provided shutdown stop hooks] 
2026-03-09 14:28:21,169 level=[[34mINFO[0;39m] logger=[org.eclipse.jetty.server.Server] thread=[pool-1-thread-1] rid=[] user=[] message=[Stopped Server@7c40393a{STOPPING}[11.0.20,sto=1000]] 
2026-03-09 14:28:21,169 level=[[34mINFO[0;39m] logger=[org.eclipse.jetty.server.Server] thread=[pool-1-thread-1] rid=[] user=[] message=[Shutdown Server@7c40393a{STOPPING}[11.0.20,sto=1000]] 
2026-03-09 14:28:21,169 level=[[34mINFO[0;39m] logger=[org.eclipse.jetty.server.AbstractConnector] thread=[pool-1-thread-1] rid=[] user=[] message=[Stopped NetworkTrafficServerConnector@30670242{HTTP/1.1, (http/1.1, h2c)}{0.0.0.0:11111}] 
2026-03-09 14:28:21,169 level=[[34mINFO[0;39m] logger=[org.eclipse.jetty.server.handler.ContextHandler] thread=[pool-1-thread-1] rid=[] user=[] message=[Stopped o.e.j.s.ServletContextHandler@75dc24f3{/,null,STOPPED}] 
2026-03-09 14:28:21,169 level=[[34mINFO[0;39m] logger=[org.eclipse.jetty.server.handler.ContextHandler] thread=[pool-1-thread-1] rid=[] user=[] message=[Stopped o.e.j.s.ServletContextHandler@4e9b21ea{/__admin,null,STOPPED}] 
2026-03-09 14:28:21,170 level=[[34mINFO[0;39m] logger=[play.api.http.HttpErrorHandlerExceptions] thread=[pool-1-thread-1] rid=[] user=[] message=[Registering exception handler: guice-provision-exception-handler] 
2026-03-09 14:28:21,190 level=[[34mINFO[0;39m] logger=[org.apache.pekko.event.slf4j.Slf4jLogger] thread=[application-pekko.actor.default-dispatcher-6] rid=[] user=[] message=[Slf4jLogger started] 
2026-03-09 14:28:21,199 level=[[34mINFO[0;39m] logger=[uk.gov.hmrc.play.bootstrap.graphite.DisabledGraphiteReporting] thread=[pool-1-thread-1] rid=[] user=[] message=[Graphite metrics disabled] 
2026-03-09 14:28:21,199 level=[[34mINFO[0;39m] logger=[uk.gov.hmrc.mongo.play.PlayMongoComponent] thread=[pool-1-thread-1] rid=[] user=[] message=[MongoComponent starting...] 
2026-03-09 14:28:21,199 level=[[34mINFO[0;39m] logger=[uk.gov.hmrc.mongo.play.PlayMongoComponent] thread=[pool-1-thread-1] rid=[] user=[] message=[MongoComponent: MongoConnector configuration being used - hosts: [localhost:27017], database: income-tax-financial-details, query: ] 
2026-03-09 14:28:21,200 level=[[34mINFO[0;39m] logger=[org.mongodb.driver.client] thread=[pool-1-thread-1] rid=[] user=[] message=[MongoClient with metadata {"driver": {"name": "mongo-java-driver|scala|reactive-streams", "version": "5.6.1"}, "os": {"type": "Darwin", "name": "Mac OS X", "architecture": "aarch64", "version": "15.0"}, "platform": "Java/Eclipse Adoptium/11.0.19+7|Scala/version 2.13.16"} created with settings MongoClientSettings{readPreference=primary, writeConcern=WriteConcern{w=null, wTimeout=null ms, journal=null}, retryWrites=true, retryReads=true, readConcern=ReadConcern{level=null}, credential=null, transportSettings=null, commandListeners=[], codecRegistry=ProvidersCodecRegistry{codecProviders=[ProvidersCodecRegistry{codecProviders=[DocumentCodecProvider(), IterableCodecProvider(org.bson.codecs.BsonTypeClassMap@309f9fda,None)]}, ProvidersCodecRegistry{codecProviders=[ValueCodecProvider{}, BsonValueCodecProvider{}, DBRefCodecProvider{}, DBObjectCodecProvider{}, DocumentCodecProvider{}, CollectionCodecProvider{}, IterableCodecProvider{}, MapCodecProvider{}, GeoJsonCodecProvider{}, GridFSFileCodecProvider{}, Jsr310CodecProvider{}, JsonObjectCodecProvider{}, BsonCodecProvider{}, com.mongodb.client.model.mql.ExpressionCodecProvider@1c770e15, com.mongodb.Jep395RecordCodecProvider@1fb4eba2, com.mongodb.KotlinCodecProvider@436d44a2, EnumCodecProvider{}]}]}, loggerSettings=LoggerSettings{maxDocumentLength=1000}, clusterSettings={hosts=[localhost:27017], srvServiceName=mongodb, mode=SINGLE, requiredClusterType=UNKNOWN, requiredReplicaSetName='null', serverSelector='null', clusterListeners='[]', serverSelectionTimeout='30000 ms', localThreshold='15 ms'}, socketSettings=SocketSettings{connectTimeoutMS=10000, readTimeoutMS=0, receiveBufferSize=0, proxySettings=ProxySettings{host=null, port=null, username=null, password=null}}, heartbeatSocketSettings=SocketSettings{connectTimeoutMS=10000, readTimeoutMS=10000, receiveBufferSize=0, proxySettings=ProxySettings{host=null, port=null, username=null, password=null}}, connectionPoolSettings=ConnectionPoolSettings{maxSize=100, minSize=0, maxWaitTimeMS=120000, maxConnectionLifeTimeMS=0, maxConnectionIdleTimeMS=0, maintenanceInitialDelayMS=0, maintenanceFrequencyMS=60000, connectionPoolListeners=[], maxConnecting=2}, serverSettings=ServerSettings{heartbeatFrequencyMS=10000, minHeartbeatFrequencyMS=500, serverMonitoringMode=AUTO, serverListeners='[]', serverMonitorListeners='[]'}, sslSettings=SslSettings{enabled=false, invalidHostNameAllowed=false, context=null}, applicationName='null', compressorList=[], uuidRepresentation=UNSPECIFIED, serverApi=null, autoEncryptionSettings=null, dnsClient=null, inetAddressResolver=null, contextProvider=null, timeoutMS=null}] 
2026-03-09 14:28:21,200 level=[[34mINFO[0;39m] logger=[org.mongodb.driver.cluster] thread=[pool-1-thread-1] rid=[] user=[] message=[Waiting for server to become available for operation listCollections with ID 48. Remaining time: 29999 ms. Selector: ReadPreferenceServerSelector{readPreference=primary}, topology description: {type=UNKNOWN, servers=[{address=localhost:27017, type=UNKNOWN, state=CONNECTING}].] 
2026-03-09 14:28:21,203 level=[[34mINFO[0;39m] logger=[org.mongodb.driver.cluster] thread=[cluster-ClusterId{value='69aed9053a64b4a15b0fef27', description='null'}-localhost:27017] rid=[] user=[] message=[Monitor thread successfully connected to server with description ServerDescription{address=localhost:27017, type=REPLICA_SET_PRIMARY, cryptd=false, state=CONNECTED, ok=true, minWireVersion=0, maxWireVersion=21, maxDocumentSize=16777216, logicalSessionTimeoutMinutes=30, roundTripTimeNanos=2456375, minRoundTripTimeNanos=0, setName='rs0', canonicalAddress=7b24e14131ef:27017, hosts=[7b24e14131ef:27017], passives=[], arbiters=[], primary='7b24e14131ef:27017', tagSet=TagSet{[]}, electionId=7fffffff0000000000000004, setVersion=1, topologyVersion=TopologyVersion{processId=699430dbfbe980c01cd84116, counter=6}, lastWriteDate=Mon Mar 09 14:28:17 GMT 2026, lastUpdateTimeNanos=501676075385500}] 
2026-03-09 14:28:21,206 level=[[34mINFO[0;39m] logger=[uk.gov.hmrc.mongo.play.PlayMongoComponent] thread=[application-pekko.actor.default-dispatcher-6] rid=[] user=[] message=[Existing collections:
  ] 
2026-03-09 14:28:21,206 level=[[31mWARN[0;39m] logger=[uk.gov.hmrc.play.bootstrap.audit.DisabledDatastreamMetricsProvider] thread=[pool-1-thread-1] rid=[] user=[] message=[DatastreamMetrics have been disabled since metrics are disabled: ENABLE IN ALL TESTING + PRODUCTION ENVIRONMENTS] 
2026-03-09 14:28:21,209 level=[[34mINFO[0;39m] logger=[play.api.http.EnabledFilters] thread=[pool-1-thread-1] rid=[] user=[] message=[Enabled Filters (see <https://www.playframework.com/documentation/latest/Filters>):

    uk.gov.hmrc.play.bootstrap.metrics.DisabledMetricsFilter
    uk.gov.hmrc.play.bootstrap.backend.filters.BackendMdcFilter
    uk.gov.hmrc.play.bootstrap.backend.filters.DefaultBackendAuditFilter
    uk.gov.hmrc.play.bootstrap.filters.DefaultLoggingFilter
    uk.gov.hmrc.play.bootstrap.filters.CacheControlFilter
    uk.gov.hmrc.play.bootstrap.backend.filters.session.DefaultBackendSessionLoggingFilter
] 
{
  "success" : {
    "processingDate" : "2001-12-17T09:30:17Z",
    "chargeHistoryDetails" : {
      "idType" : "MTDBSA",
      "idValue" : "XQIT00000000001",
      "regimeType" : "ITSA",
      "chargeHistoryDetails" : [ {
        "taxYear" : "2023",
        "documentId" : "2740002892",
        "documentDate" : "2023-03-13",
        "documentDescription" : "Balancing Charge",
        "totalAmount" : 25678.99,
        "reversalDate" : "2022-03-14T09:30:45Z",
        "reversalReason" : "Manual amendment",
        "poaAdjustmentReason" : "005"
      } ]
    }
  }
}
[info] GetChargeHistoryConnectorISpec:
2026-03-09 14:28:21,214 level=[[34mINFO[0;39m] logger=[org.eclipse.jetty.server.Server] thread=[pool-1-thread-1] rid=[] user=[] message=[jetty-11.0.20; built: 2024-01-29T21:04:22.394Z; git: 922f8dc188f7011e60d0361de585fd4ac4d63064; jvm 11.0.19+7] 
2026-03-09 14:28:21,214 level=[[34mINFO[0;39m] logger=[org.eclipse.jetty.server.handler.ContextHandler] thread=[pool-1-thread-1] rid=[] user=[] message=[Started o.e.j.s.ServletContextHandler@157ff03b{/__admin,null,AVAILABLE}] 
2026-03-09 14:28:21,215 level=[[34mINFO[0;39m] logger=[org.eclipse.jetty.server.handler.ContextHandler.ROOT] thread=[pool-1-thread-1] rid=[] user=[] message=[RequestHandlerClass from context returned com.github.tomakehurst.wiremock.http.StubRequestHandler. Normalized mapped under returned 'null'] 
2026-03-09 14:28:21,215 level=[[34mINFO[0;39m] logger=[org.eclipse.jetty.server.handler.ContextHandler] thread=[pool-1-thread-1] rid=[] user=[] message=[Started o.e.j.s.ServletContextHandler@7a568e8a{/,null,AVAILABLE}] 
2026-03-09 14:28:21,215 level=[[34mINFO[0;39m] logger=[org.eclipse.jetty.server.AbstractConnector] thread=[pool-1-thread-1] rid=[] user=[] message=[Started NetworkTrafficServerConnector@1b442060{HTTP/1.1, (http/1.1, h2c)}{0.0.0.0:11111}] 
2026-03-09 14:28:21,215 level=[[34mINFO[0;39m] logger=[org.eclipse.jetty.server.Server] thread=[pool-1-thread-1] rid=[] user=[] message=[Started Server@602c50e8{STARTING}[11.0.20,sto=1000] @3601ms] 
2026-03-09 14:28:21,228 level=[[34mINFO[0;39m] logger=[play.api.Play] thread=[pool-1-thread-1] rid=[] user=[] message=[Application started (Dev) (no global state)] 
[info] GetChargeHistoryConnector
[info]   when getChargeHistory() is called
[info]     when the response status is a 200 - Ok
2026-03-09 14:28:21,232 level=[[34mINFO[0;39m] logger=[org.eclipse.jetty.server.handler.ContextHandler.__admin] thread=[qtp794952761-566] rid=[] user=[] message=[RequestHandlerClass from context returned com.github.tomakehurst.wiremock.http.AdminRequestHandler. Normalized mapped under returned 'null'] 
2026-03-09 14:28:21,234 level=[[31mWARN[0;39m] logger=[uk.gov.hmrc.play.audit.DefaultAuditConnector] thread=[application-pekko.actor.default-dispatcher-6] rid=[] user=[] message=[auditing disabled for AuditConnector class uk.gov.hmrc.play.audit.DefaultAuditConnector] 
2026-03-09 14:28:21,236 level=[[39mDEBUG[0;39m] logger=[connector] thread=[application-pekko.actor.default-dispatcher-7] rid=[] user=[] message=[:GET:501676042546167:501676.042s:-501675976052709:-501675976052709ns:2a98:http://localhost:11111/etmp/RESTAdapter/ITSA/TaxPayer/GetChargeHistory?idType=NINO&idValue=AA123456A&chargeReference=XD000024425799:ok] 
2026-03-09 14:28:21,236 level=[[39mDEBUG[0;39m] logger=[connector] thread=[application-pekko.actor.default-dispatcher-7] rid=[] user=[] message=[:GET:501676042546167:501676.042s:-501675976052709:-501675976052709ns:2a98:http://localhost:11111/etmp/RESTAdapter/ITSA/TaxPayer/GetChargeHistory?idType=NINO&idValue=AA123456A&chargeReference=XD000024425799:ok] 
2026-03-09 14:28:21,236 level=[[34mINFO[0;39m] logger=[connectors.hip.GetChargeHistoryConnector] thread=[application-pekko.actor.default-dispatcher-6] rid=[] user=[] message=[Successfully parsed response to ChargeHistorySuccess model] 
[info]     - should return a valid GetChargeHistorySuccess response model, when parsed successfully
2026-03-09 14:28:21,240 level=[[39mDEBUG[0;39m] logger=[connector] thread=[application-pekko.actor.default-dispatcher-10] rid=[] user=[] message=[:GET:501676042546208:501676.042s:-501675972397167:-501675972397167ns:2a98:http://localhost:11111/etmp/RESTAdapter/ITSA/TaxPayer/GetChargeHistory?idType=NINO&idValue=AA123456A&chargeReference=XD000024425799:ok] 
2026-03-09 14:28:21,240 level=[[39mDEBUG[0;39m] logger=[connector] thread=[application-pekko.actor.default-dispatcher-10] rid=[] user=[] message=[:GET:501676042546208:501676.042s:-501675972397167:-501675972397167ns:2a98:http://localhost:11111/etmp/RESTAdapter/ITSA/TaxPayer/GetChargeHistory?idType=NINO&idValue=AA123456A&chargeReference=XD000024425799:ok] 
2026-03-09 14:28:21,241 level=[[1;31mERROR[0;39m] logger=[connectors.hip.GetChargeHistoryConnector] thread=[application-pekko.actor.default-dispatcher-9] rid=[] user=[] message=[Validation Errors: List((/success,List(JsonValidationError(List(error.path.missing),ArraySeq()))))] 
[info]     - should return a ChargeHistoryError response when the API has returned data, but it hasn't been parsed successfully
[info]     when the response is a 404 - NotFound
2026-03-09 14:28:21,245 level=[[39mDEBUG[0;39m] logger=[connector] thread=[application-pekko.actor.default-dispatcher-10] rid=[] user=[] message=[:GET:501676042546209:501676.042s:-501675966884709:-501675966884709ns:2a98:http://localhost:11111/etmp/RESTAdapter/ITSA/TaxPayer/GetChargeHistory?idType=NINO&idValue=AA123456A&chargeReference=XD000024425799:ok] 
2026-03-09 14:28:21,245 level=[[39mDEBUG[0;39m] logger=[connector] thread=[application-pekko.actor.default-dispatcher-10] rid=[] user=[] message=[:GET:501676042546209:501676.042s:-501675966884709:-501675966884709ns:2a98:http://localhost:11111/etmp/RESTAdapter/ITSA/TaxPayer/GetChargeHistory?idType=NINO&idValue=AA123456A&chargeReference=XD000024425799:ok] 
2026-03-09 14:28:21,245 level=[[31mWARN[0;39m] logger=[connectors.hip.GetChargeHistoryConnector] thread=[application-pekko.actor.default-dispatcher-9] rid=[] user=[] message=[ RESPONSE status: 404, body: {"code":404,"reason":"The remote endpoint has indicated that no match found for the reference provided."}] 
[info]     - should return a ChargeHistoryNotFound response when the API returned no data
[info]     when the response is a 500 - InternalServerError
2026-03-09 14:28:21,248 level=[[1;31mERROR[0;39m] logger=[connectors.hip.GetChargeHistoryConnector] thread=[application-pekko.actor.default-dispatcher-9] rid=[] user=[] message=[RESPONSE status: 500, body: {"code":500,"reason":"An unexpected error has occurred"}] 
2026-03-09 14:28:21,248 level=[[39mDEBUG[0;39m] logger=[connector] thread=[application-pekko.actor.default-dispatcher-10] rid=[] user=[] message=[:GET:501676042546250:501676.042s:-501675964378959:-501675964378959ns:2a98:http://localhost:11111/etmp/RESTAdapter/ITSA/TaxPayer/GetChargeHistory?idType=NINO&idValue=AA123456A&chargeReference=XD000024425799:ok] 
2026-03-09 14:28:21,248 level=[[39mDEBUG[0;39m] logger=[connector] thread=[application-pekko.actor.default-dispatcher-10] rid=[] user=[] message=[:GET:501676042546250:501676.042s:-501675964378959:-501675964378959ns:2a98:http://localhost:11111/etmp/RESTAdapter/ITSA/TaxPayer/GetChargeHistory?idType=NINO&idValue=AA123456A&chargeReference=XD000024425799:ok] 
[info]     - should return a ChargeHistoryError response when an error has occurred unexpectedly
[info]     when the response is a 422 - UnprocessableEntity
2026-03-09 14:28:21,250 level=[[39mDEBUG[0;39m] logger=[connector] thread=[application-pekko.actor.default-dispatcher-10] rid=[] user=[] message=[:GET:501676042546208:501676.042s:-501675962639208:-501675962639208ns:2a98:http://localhost:11111/etmp/RESTAdapter/ITSA/TaxPayer/GetChargeHistory?idType=NINO&idValue=AA123456A&chargeReference=XD000024425799:ok] 
2026-03-09 14:28:21,250 level=[[39mDEBUG[0;39m] logger=[connector] thread=[application-pekko.actor.default-dispatcher-10] rid=[] user=[] message=[:GET:501676042546208:501676.042s:-501675962639208:-501675962639208ns:2a98:http://localhost:11111/etmp/RESTAdapter/ITSA/TaxPayer/GetChargeHistory?idType=NINO&idValue=AA123456A&chargeReference=XD000024425799:ok] 
2026-03-09 14:28:21,250 level=[[34mINFO[0;39m] logger=[connectors.hip.GetChargeHistoryConnector] thread=[application-pekko.actor.default-dispatcher-9] rid=[] user=[] message=[Resource not found code identified, code:005, converting to 404 response] 
[info]     - should return a response which is converted to a 404 - NotFound as no data was able to be retrieved by the API
2026-03-09 14:28:21,250 level=[[34mINFO[0;39m] logger=[play.api.internal.libs.concurrent.CoordinatedShutdownSupport] thread=[pool-1-thread-1] rid=[] user=[] message=[Starting synchronous coordinated shutdown with ServerStoppedReason reason and 2147513000 milliseconds timeout] 
2026-03-09 14:28:21,250 level=[[34mINFO[0;39m] logger=[org.apache.pekko.actor.CoordinatedShutdown] thread=[application-pekko.actor.default-dispatcher-10] rid=[] user=[] message=[Running CoordinatedShutdown with reason [ServerStoppedReason]] 
2026-03-09 14:28:21,250 level=[[34mINFO[0;39m] logger=[play.core.server.PekkoHttpServer] thread=[application-pekko.actor.internal-dispatcher-2] rid=[] user=[] message=[Unbinding /0:0:0:0:0:0:0:0:64031] 
2026-03-09 14:28:21,250 level=[[34mINFO[0;39m] logger=[play.core.server.PekkoHttpServer] thread=[application-pekko.actor.internal-dispatcher-4] rid=[] user=[] message=[Terminating server binding for /0:0:0:0:0:0:0:0:64031] 
2026-03-09 14:28:21,252 level=[[34mINFO[0;39m] logger=[uk.gov.hmrc.mongo.play.PlayMongoComponent] thread=[application-pekko.actor.internal-dispatcher-2] rid=[] user=[] message=[MongoComponent stops, closing connections...] 
2026-03-09 14:28:21,255 level=[[34mINFO[0;39m] logger=[play.core.server.PekkoHttpServer] thread=[application-pekko.actor.internal-dispatcher-5] rid=[] user=[] message=[Running provided shutdown stop hooks] 
2026-03-09 14:28:21,260 level=[[34mINFO[0;39m] logger=[org.eclipse.jetty.server.Server] thread=[pool-1-thread-1] rid=[] user=[] message=[Stopped Server@602c50e8{STOPPING}[11.0.20,sto=1000]] 
2026-03-09 14:28:21,260 level=[[34mINFO[0;39m] logger=[org.eclipse.jetty.server.Server] thread=[pool-1-thread-1] rid=[] user=[] message=[Shutdown Server@602c50e8{STOPPING}[11.0.20,sto=1000]] 
2026-03-09 14:28:21,261 level=[[34mINFO[0;39m] logger=[org.eclipse.jetty.server.AbstractConnector] thread=[pool-1-thread-1] rid=[] user=[] message=[Stopped NetworkTrafficServerConnector@1b442060{HTTP/1.1, (http/1.1, h2c)}{0.0.0.0:11111}] 
2026-03-09 14:28:21,261 level=[[34mINFO[0;39m] logger=[org.eclipse.jetty.server.handler.ContextHandler] thread=[pool-1-thread-1] rid=[] user=[] message=[Stopped o.e.j.s.ServletContextHandler@7a568e8a{/,null,STOPPED}] 
2026-03-09 14:28:21,261 level=[[34mINFO[0;39m] logger=[org.eclipse.jetty.server.handler.ContextHandler] thread=[pool-1-thread-1] rid=[] user=[] message=[Stopped o.e.j.s.ServletContextHandler@157ff03b{/__admin,null,STOPPED}] 
2026-03-09 14:28:21,262 level=[[34mINFO[0;39m] logger=[play.api.http.HttpErrorHandlerExceptions] thread=[pool-1-thread-1] rid=[] user=[] message=[Registering exception handler: guice-provision-exception-handler] 
2026-03-09 14:28:21,276 level=[[34mINFO[0;39m] logger=[org.apache.pekko.event.slf4j.Slf4jLogger] thread=[application-pekko.actor.default-dispatcher-5] rid=[] user=[] message=[Slf4jLogger started] 
2026-03-09 14:28:21,282 level=[[34mINFO[0;39m] logger=[uk.gov.hmrc.play.bootstrap.graphite.DisabledGraphiteReporting] thread=[pool-1-thread-1] rid=[] user=[] message=[Graphite metrics disabled] 
2026-03-09 14:28:21,282 level=[[34mINFO[0;39m] logger=[uk.gov.hmrc.mongo.play.PlayMongoComponent] thread=[pool-1-thread-1] rid=[] user=[] message=[MongoComponent starting...] 
2026-03-09 14:28:21,283 level=[[34mINFO[0;39m] logger=[uk.gov.hmrc.mongo.play.PlayMongoComponent] thread=[pool-1-thread-1] rid=[] user=[] message=[MongoComponent: MongoConnector configuration being used - hosts: [localhost:27017], database: income-tax-financial-details, query: ] 
2026-03-09 14:28:21,283 level=[[34mINFO[0;39m] logger=[org.mongodb.driver.client] thread=[pool-1-thread-1] rid=[] user=[] message=[MongoClient with metadata {"driver": {"name": "mongo-java-driver|scala|reactive-streams", "version": "5.6.1"}, "os": {"type": "Darwin", "name": "Mac OS X", "architecture": "aarch64", "version": "15.0"}, "platform": "Java/Eclipse Adoptium/11.0.19+7|Scala/version 2.13.16"} created with settings MongoClientSettings{readPreference=primary, writeConcern=WriteConcern{w=null, wTimeout=null ms, journal=null}, retryWrites=true, retryReads=true, readConcern=ReadConcern{level=null}, credential=null, transportSettings=null, commandListeners=[], codecRegistry=ProvidersCodecRegistry{codecProviders=[ProvidersCodecRegistry{codecProviders=[DocumentCodecProvider(), IterableCodecProvider(org.bson.codecs.BsonTypeClassMap@309f9fda,None)]}, ProvidersCodecRegistry{codecProviders=[ValueCodecProvider{}, BsonValueCodecProvider{}, DBRefCodecProvider{}, DBObjectCodecProvider{}, DocumentCodecProvider{}, CollectionCodecProvider{}, IterableCodecProvider{}, MapCodecProvider{}, GeoJsonCodecProvider{}, GridFSFileCodecProvider{}, Jsr310CodecProvider{}, JsonObjectCodecProvider{}, BsonCodecProvider{}, com.mongodb.client.model.mql.ExpressionCodecProvider@1c770e15, com.mongodb.Jep395RecordCodecProvider@1fb4eba2, com.mongodb.KotlinCodecProvider@436d44a2, EnumCodecProvider{}]}]}, loggerSettings=LoggerSettings{maxDocumentLength=1000}, clusterSettings={hosts=[localhost:27017], srvServiceName=mongodb, mode=SINGLE, requiredClusterType=UNKNOWN, requiredReplicaSetName='null', serverSelector='null', clusterListeners='[]', serverSelectionTimeout='30000 ms', localThreshold='15 ms'}, socketSettings=SocketSettings{connectTimeoutMS=10000, readTimeoutMS=0, receiveBufferSize=0, proxySettings=ProxySettings{host=null, port=null, username=null, password=null}}, heartbeatSocketSettings=SocketSettings{connectTimeoutMS=10000, readTimeoutMS=10000, receiveBufferSize=0, proxySettings=ProxySettings{host=null, port=null, username=null, password=null}}, connectionPoolSettings=ConnectionPoolSettings{maxSize=100, minSize=0, maxWaitTimeMS=120000, maxConnectionLifeTimeMS=0, maxConnectionIdleTimeMS=0, maintenanceInitialDelayMS=0, maintenanceFrequencyMS=60000, connectionPoolListeners=[], maxConnecting=2}, serverSettings=ServerSettings{heartbeatFrequencyMS=10000, minHeartbeatFrequencyMS=500, serverMonitoringMode=AUTO, serverListeners='[]', serverMonitorListeners='[]'}, sslSettings=SslSettings{enabled=false, invalidHostNameAllowed=false, context=null}, applicationName='null', compressorList=[], uuidRepresentation=UNSPECIFIED, serverApi=null, autoEncryptionSettings=null, dnsClient=null, inetAddressResolver=null, contextProvider=null, timeoutMS=null}] 
2026-03-09 14:28:21,283 level=[[34mINFO[0;39m] logger=[org.mongodb.driver.cluster] thread=[pool-1-thread-1] rid=[] user=[] message=[Waiting for server to become available for operation listCollections with ID 53. Remaining time: 29999 ms. Selector: ReadPreferenceServerSelector{readPreference=primary}, topology description: {type=UNKNOWN, servers=[{address=localhost:27017, type=UNKNOWN, state=CONNECTING}].] 
2026-03-09 14:28:21,285 level=[[34mINFO[0;39m] logger=[org.mongodb.driver.cluster] thread=[cluster-ClusterId{value='69aed9053a64b4a15b0fef28', description='null'}-localhost:27017] rid=[] user=[] message=[Monitor thread successfully connected to server with description ServerDescription{address=localhost:27017, type=REPLICA_SET_PRIMARY, cryptd=false, state=CONNECTED, ok=true, minWireVersion=0, maxWireVersion=21, maxDocumentSize=16777216, logicalSessionTimeoutMinutes=30, roundTripTimeNanos=1969000, minRoundTripTimeNanos=0, setName='rs0', canonicalAddress=7b24e14131ef:27017, hosts=[7b24e14131ef:27017], passives=[], arbiters=[], primary='7b24e14131ef:27017', tagSet=TagSet{[]}, electionId=7fffffff0000000000000004, setVersion=1, topologyVersion=TopologyVersion{processId=699430dbfbe980c01cd84116, counter=6}, lastWriteDate=Mon Mar 09 14:28:17 GMT 2026, lastUpdateTimeNanos=501676158144708}] 
2026-03-09 14:28:21,289 level=[[34mINFO[0;39m] logger=[uk.gov.hmrc.mongo.play.PlayMongoComponent] thread=[application-pekko.actor.default-dispatcher-5] rid=[] user=[] message=[Existing collections:
  ] 
2026-03-09 14:28:21,289 level=[[31mWARN[0;39m] logger=[uk.gov.hmrc.play.bootstrap.audit.DisabledDatastreamMetricsProvider] thread=[pool-1-thread-1] rid=[] user=[] message=[DatastreamMetrics have been disabled since metrics are disabled: ENABLE IN ALL TESTING + PRODUCTION ENVIRONMENTS] 
2026-03-09 14:28:21,292 level=[[34mINFO[0;39m] logger=[play.api.http.EnabledFilters] thread=[pool-1-thread-1] rid=[] user=[] message=[Enabled Filters (see <https://www.playframework.com/documentation/latest/Filters>):

    uk.gov.hmrc.play.bootstrap.metrics.DisabledMetricsFilter
    uk.gov.hmrc.play.bootstrap.backend.filters.BackendMdcFilter
    uk.gov.hmrc.play.bootstrap.backend.filters.DefaultBackendAuditFilter
    uk.gov.hmrc.play.bootstrap.filters.DefaultLoggingFilter
    uk.gov.hmrc.play.bootstrap.filters.CacheControlFilter
    uk.gov.hmrc.play.bootstrap.backend.filters.session.DefaultBackendSessionLoggingFilter
] 
[info] ClaimToAdjustPoaControllerISpec:
2026-03-09 14:28:21,295 level=[[34mINFO[0;39m] logger=[org.eclipse.jetty.server.Server] thread=[pool-1-thread-1] rid=[] user=[] message=[jetty-11.0.20; built: 2024-01-29T21:04:22.394Z; git: 922f8dc188f7011e60d0361de585fd4ac4d63064; jvm 11.0.19+7] 
2026-03-09 14:28:21,295 level=[[34mINFO[0;39m] logger=[org.eclipse.jetty.server.handler.ContextHandler] thread=[pool-1-thread-1] rid=[] user=[] message=[Started o.e.j.s.ServletContextHandler@34d80be6{/__admin,null,AVAILABLE}] 
2026-03-09 14:28:21,295 level=[[34mINFO[0;39m] logger=[org.eclipse.jetty.server.handler.ContextHandler.ROOT] thread=[pool-1-thread-1] rid=[] user=[] message=[RequestHandlerClass from context returned com.github.tomakehurst.wiremock.http.StubRequestHandler. Normalized mapped under returned 'null'] 
2026-03-09 14:28:21,295 level=[[34mINFO[0;39m] logger=[org.eclipse.jetty.server.handler.ContextHandler] thread=[pool-1-thread-1] rid=[] user=[] message=[Started o.e.j.s.ServletContextHandler@7991e128{/,null,AVAILABLE}] 
2026-03-09 14:28:21,295 level=[[34mINFO[0;39m] logger=[org.eclipse.jetty.server.AbstractConnector] thread=[pool-1-thread-1] rid=[] user=[] message=[Started NetworkTrafficServerConnector@1d39f25e{HTTP/1.1, (http/1.1, h2c)}{0.0.0.0:11111}] 
2026-03-09 14:28:21,295 level=[[34mINFO[0;39m] logger=[org.eclipse.jetty.server.Server] thread=[pool-1-thread-1] rid=[] user=[] message=[Started Server@1f1d60b3{STARTING}[11.0.20,sto=1000] @3682ms] 
2026-03-09 14:28:21,301 level=[[34mINFO[0;39m] logger=[play.api.Play] thread=[pool-1-thread-1] rid=[] user=[] message=[Application started (Dev) (no global state)] 
[info] Calling /submit-claim-to-adjust-poa
[info]   when unauthorised
2026-03-09 14:28:21,305 level=[[34mINFO[0;39m] logger=[org.eclipse.jetty.server.handler.ContextHandler.__admin] thread=[qtp231218091-622] rid=[] user=[] message=[RequestHandlerClass from context returned com.github.tomakehurst.wiremock.http.AdminRequestHandler. Normalized mapped under returned 'null'] 
2026-03-09 14:28:21,329 level=[[31mWARN[0;39m] logger=[uk.gov.hmrc.play.audit.DefaultAuditConnector] thread=[application-pekko.actor.default-dispatcher-10] rid=[-] user=[] message=[auditing disabled for AuditConnector class uk.gov.hmrc.play.audit.DefaultAuditConnector] 
2026-03-09 14:28:21,330 level=[[39mDEBUG[0;39m] logger=[connector] thread=[application-pekko.actor.default-dispatcher-10] rid=[-] user=[] message=[:POST:501676200576541:501676.200s:-501676198241791:-501676198241791ns:d349:http://localhost:11111/auth/authorise:ok] 
2026-03-09 14:28:21,330 level=[[39mDEBUG[0;39m] logger=[connector] thread=[application-pekko.actor.default-dispatcher-10] rid=[-] user=[] message=[:POST:501676200576541:501676.200s:-501676198241791:-501676198241791ns:d349:http://localhost:11111/auth/authorise:ok] 
2026-03-09 14:28:21,332 level=[[1;31mERROR[0;39m] logger=[controllers.predicates.AuthenticationPredicate] thread=[application-pekko.actor.default-dispatcher-10] rid=[-] user=[] message=[Unauthorised Request to Backend. Propagating Unauthorised Response, MissingResponseHeader] 
2026-03-09 14:28:21,333 level=[[34mINFO[0;39m] logger=[uk.gov.hmrc.play.bootstrap.filters.DefaultLoggingFilter] thread=[application-pekko.actor.default-dispatcher-10] rid=[-] user=[] message=[POST /income-tax-financial-details/submit-claim-to-adjust-poa 401 24ms] 
[info]   - should return a 401 response
[info]     + Given I wiremock stub an unauthorised user response 
[info]     + When I call POST /submit-claim-to-adjust-poa 
[info]     + Then the response status should be '401' 
[info]   when authorised with a valid request
[info]     when A successful response is received from the API

StubPost returning: {
  "id" : "2c452077-0496-4a22-9327-107a91d66da7",
  "request" : {
    "urlPattern" : "/income-tax/calculations/POA/ClaimToAdjust",
    "method" : "POST",
    "bodyPatterns" : [ {
      "equalToJson" : "{\"nino\":\"AA000000A\",\"taxYear\":\"2024\",\"amount\":1000,\"poaAdjustmentReason\":\"001\"}"
    } ]
  },
  "response" : {
    "status" : 201,
    "body" : "{\"successResponse\":{\"processingDate\":\"2024-01-31T09:27:17Z\"}}"
  },
  "uuid" : "2c452077-0496-4a22-9327-107a91d66da7"
}

2026-03-09 14:28:21,341 level=[[39mDEBUG[0;39m] logger=[connector] thread=[application-pekko.actor.default-dispatcher-9] rid=[-] user=[] message=[:POST:501676212794249:501676.212s:-501676211773290:-501676211773290ns:52da:http://localhost:11111/auth/authorise:ok] 
2026-03-09 14:28:21,341 level=[[39mDEBUG[0;39m] logger=[connector] thread=[application-pekko.actor.default-dispatcher-9] rid=[-] user=[] message=[:POST:501676212794249:501676.212s:-501676211773290:-501676211773290ns:52da:http://localhost:11111/auth/authorise:ok] 
2026-03-09 14:28:21,363 level=[[39mDEBUG[0;39m] logger=[connector] thread=[application-pekko.actor.default-dispatcher-9] rid=[-] user=[] message=[:POST:501676214809875:501676.214s:-501676193633750:-501676193633750ns:e388:http://localhost:11111/income-tax/calculations/POA/ClaimToAdjust:ok] 
2026-03-09 14:28:21,363 level=[[39mDEBUG[0;39m] logger=[connector] thread=[application-pekko.actor.default-dispatcher-9] rid=[-] user=[] message=[:POST:501676214809875:501676.214s:-501676193633750:-501676193633750ns:e388:http://localhost:11111/income-tax/calculations/POA/ClaimToAdjust:ok] 
2026-03-09 14:28:21,364 level=[[34mINFO[0;39m] logger=[uk.gov.hmrc.play.bootstrap.filters.DefaultLoggingFilter] thread=[application-pekko.actor.default-dispatcher-6] rid=[-] user=[] message=[POST /income-tax-financial-details/submit-claim-to-adjust-poa 201 25ms] 
[info]     - should return a successful 201 response
[info]       + Given I wiremock stub an authorised user response 
[info]       + When I call POST /submit-claim-to-adjust-poa 
[info]       + Then the response status should be '201' 
[info]     when A failure response is received from the API

StubPost returning: {
  "id" : "08cc4569-c266-454b-a5d4-ada04b992762",
  "request" : {
    "urlPattern" : "/income-tax/calculations/POA/ClaimToAdjust",
    "method" : "POST",
    "bodyPatterns" : [ {
      "equalToJson" : "{\"nino\":\"AA000000A\",\"taxYear\":\"2024\",\"amount\":1000,\"poaAdjustmentReason\":\"001\"}"
    } ]
  },
  "response" : {
    "status" : 400,
    "body" : "{\"failures\":[{\"code\":\"INVALID_PAYLOAD\",\"reason\":\"Submission has not passed validation. Invalid payload.\"}]}"
  },
  "uuid" : "08cc4569-c266-454b-a5d4-ada04b992762"
}

2026-03-09 14:28:21,370 level=[[39mDEBUG[0;39m] logger=[connector] thread=[application-pekko.actor.default-dispatcher-5] rid=[-] user=[] message=[:POST:501676241764708:501676.241s:-501676240471667:-501676240471667ns:cf0a:http://localhost:11111/auth/authorise:ok] 
2026-03-09 14:28:21,370 level=[[39mDEBUG[0;39m] logger=[connector] thread=[application-pekko.actor.default-dispatcher-5] rid=[-] user=[] message=[:POST:501676241764708:501676.241s:-501676240471667:-501676240471667ns:cf0a:http://localhost:11111/auth/authorise:ok] 
2026-03-09 14:28:21,371 level=[[39mDEBUG[0;39m] logger=[connector] thread=[application-pekko.actor.default-dispatcher-9] rid=[-] user=[] message=[:POST:501676243235041:501676.243s:-501676242342749:-501676242342749ns:ad60:http://localhost:11111/income-tax/calculations/POA/ClaimToAdjust:ok] 
2026-03-09 14:28:21,371 level=[[39mDEBUG[0;39m] logger=[connector] thread=[application-pekko.actor.default-dispatcher-9] rid=[-] user=[] message=[:POST:501676243235041:501676.243s:-501676242342749:-501676242342749ns:ad60:http://localhost:11111/income-tax/calculations/POA/ClaimToAdjust:ok] 
2026-03-09 14:28:21,374 level=[[39mDEBUG[0;39m] logger=[connector] thread=[application-pekko.actor.default-dispatcher-9] rid=[-] user=[] message=[:POST:501676243234957:501676.243s:-501676239333957:-501676239333957ns:ad60:http://localhost:11111/income-tax/calculations/POA/ClaimToAdjust:ok] 
2026-03-09 14:28:21,374 level=[[39mDEBUG[0;39m] logger=[connector] thread=[application-pekko.actor.default-dispatcher-9] rid=[-] user=[] message=[:POST:501676243234957:501676.243s:-501676239333957:-501676239333957ns:ad60:http://localhost:11111/income-tax/calculations/POA/ClaimToAdjust:ok] 
2026-03-09 14:28:21,374 level=[[1;31mERROR[0;39m] logger=[application] thread=[application-pekko.actor.default-dispatcher-12] rid=[-] user=[] message=[INVALID_PAYLOAD] 
2026-03-09 14:28:21,376 level=[[34mINFO[0;39m] logger=[uk.gov.hmrc.play.bootstrap.filters.DefaultLoggingFilter] thread=[application-pekko.actor.default-dispatcher-9] rid=[-] user=[] message=[POST /income-tax-financial-details/submit-claim-to-adjust-poa 400 8ms] 
[info]     - should return 400 and code from API
[info]       + Given I wiremock stub an authorised user response 
[info]       + When I call POST /submit-claim-to-adjust-poa 
[info]       + Then a status of 400 is returned  
[info]       + Then the response status should be '400' 
[info]   when authorised with a invalid request

StubPost returning: {
  "id" : "b826a92d-49f7-4e13-a7e7-744b73c5a6da",
  "request" : {
    "urlPattern" : "/income-tax/calculations/POA/ClaimToAdjust",
    "method" : "POST",
    "bodyPatterns" : [ {
      "equalToJson" : "{}"
    } ]
  },
  "response" : {
    "status" : 400,
    "body" : "{\"code\":\"INVALID_PAYLOAD\",\"reason\":\"Submission has not passed validation. Invalid payload.\"}"
  },
  "uuid" : "b826a92d-49f7-4e13-a7e7-744b73c5a6da"
}

2026-03-09 14:28:21,382 level=[[39mDEBUG[0;39m] logger=[connector] thread=[application-pekko.actor.default-dispatcher-13] rid=[-] user=[] message=[:POST:501676254082500:501676.254s:-501676253056292:-501676253056292ns:1910:http://localhost:11111/auth/authorise:ok] 
2026-03-09 14:28:21,382 level=[[39mDEBUG[0;39m] logger=[connector] thread=[application-pekko.actor.default-dispatcher-13] rid=[-] user=[] message=[:POST:501676254082500:501676.254s:-501676253056292:-501676253056292ns:1910:http://localhost:11111/auth/authorise:ok] 
2026-03-09 14:28:21,382 level=[[34mINFO[0;39m] logger=[uk.gov.hmrc.play.bootstrap.filters.DefaultLoggingFilter] thread=[application-pekko.actor.default-dispatcher-8] rid=[-] user=[] message=[POST /income-tax-financial-details/submit-claim-to-adjust-poa 400 2ms] 
[info]   - should return 400
2026-03-09 14:28:21,383 level=[[34mINFO[0;39m] logger=[play.api.internal.libs.concurrent.CoordinatedShutdownSupport] thread=[pool-1-thread-1] rid=[] user=[] message=[Starting synchronous coordinated shutdown with ServerStoppedReason reason and 2147513000 milliseconds timeout] 
[info]     + Given I wiremock stub an authorised user response 
[info]     + When I call POST /submit-claim-to-adjust-poa 
[info]     + Then a status of 400 is returned  
[info]     + Then the response status should be '400' 
2026-03-09 14:28:21,383 level=[[34mINFO[0;39m] logger=[org.apache.pekko.actor.CoordinatedShutdown] thread=[application-pekko.actor.default-dispatcher-15] rid=[] user=[] message=[Running CoordinatedShutdown with reason [ServerStoppedReason]] 
2026-03-09 14:28:21,384 level=[[34mINFO[0;39m] logger=[play.core.server.PekkoHttpServer] thread=[application-pekko.actor.internal-dispatcher-4] rid=[] user=[] message=[Unbinding /0:0:0:0:0:0:0:0:64037] 
2026-03-09 14:28:21,384 level=[[34mINFO[0;39m] logger=[play.core.server.PekkoHttpServer] thread=[application-pekko.actor.internal-dispatcher-2] rid=[] user=[] message=[Terminating server binding for /0:0:0:0:0:0:0:0:64037] 
2026-03-09 14:28:21,385 level=[[34mINFO[0;39m] logger=[uk.gov.hmrc.mongo.play.PlayMongoComponent] thread=[application-pekko.actor.internal-dispatcher-2] rid=[] user=[] message=[MongoComponent stops, closing connections...] 
2026-03-09 14:28:21,387 level=[[34mINFO[0;39m] logger=[play.core.server.PekkoHttpServer] thread=[application-pekko.actor.internal-dispatcher-2] rid=[] user=[] message=[Running provided shutdown stop hooks] 
2026-03-09 14:28:21,399 level=[[34mINFO[0;39m] logger=[org.eclipse.jetty.server.Server] thread=[pool-1-thread-1] rid=[] user=[] message=[Stopped Server@1f1d60b3{STOPPING}[11.0.20,sto=1000]] 
2026-03-09 14:28:21,399 level=[[34mINFO[0;39m] logger=[org.eclipse.jetty.server.Server] thread=[pool-1-thread-1] rid=[] user=[] message=[Shutdown Server@1f1d60b3{STOPPING}[11.0.20,sto=1000]] 
2026-03-09 14:28:21,399 level=[[34mINFO[0;39m] logger=[org.eclipse.jetty.server.AbstractConnector] thread=[pool-1-thread-1] rid=[] user=[] message=[Stopped NetworkTrafficServerConnector@1d39f25e{HTTP/1.1, (http/1.1, h2c)}{0.0.0.0:11111}] 
2026-03-09 14:28:21,399 level=[[34mINFO[0;39m] logger=[org.eclipse.jetty.server.handler.ContextHandler] thread=[pool-1-thread-1] rid=[] user=[] message=[Stopped o.e.j.s.ServletContextHandler@7991e128{/,null,STOPPED}] 
2026-03-09 14:28:21,399 level=[[34mINFO[0;39m] logger=[org.eclipse.jetty.server.handler.ContextHandler] thread=[pool-1-thread-1] rid=[] user=[] message=[Stopped o.e.j.s.ServletContextHandler@34d80be6{/__admin,null,STOPPED}] 
[info] Run completed in 4 seconds, 317 milliseconds.
[info] Total number of tests run: 78
[info] Suites: completed 11, aborted 0
[info] Tests: succeeded 78, failed 0, canceled 0, ignored 0, pending 0
[info] All tests passed.
[success] Total time: 5 s, completed 9 Mar 2026, 14:28:21
